rebase-and-independently-review-alice	Reconstruct sealed finalizer programs	﻿2026-08-24T07:23:26.7395515Z ##[group]Run set -Eeuo pipefail
rebase-and-independently-review-alice	Reconstruct sealed finalizer programs	2026-08-24T07:23:26.7395889Z ^[[36;1mset -Eeuo pipefail^[[0m
rebase-and-independently-review-alice	Reconstruct sealed finalizer programs	2026-08-24T07:23:26.7396365Z ^[[36;1mcontroller_b64=.github/recovery/star-trek-alice-finalizer-v1/controller.mjs.gz.b64^[[0m
rebase-and-independently-review-alice	Reconstruct sealed finalizer programs	2026-08-24T07:23:26.7396994Z ^[[36;1mdriver_b64=.github/recovery/star-trek-alice-finalizer-v1/driver.sh.gz.b64^[[0m
rebase-and-independently-review-alice	Reconstruct sealed finalizer programs	2026-08-24T07:23:26.7397525Z ^[[36;1mecho "$CONTROLLER_B64_SHA256  $controller_b64" | sha256sum -c -^[[0m
rebase-and-independently-review-alice	Reconstruct sealed finalizer programs	2026-08-24T07:23:26.7397969Z ^[[36;1mecho "$DRIVER_B64_SHA256  $driver_b64" | sha256sum -c -^[[0m
rebase-and-independently-review-alice	Reconstruct sealed finalizer programs	2026-08-24T07:23:26.7398383Z ^[[36;1mbase64 -d "$controller_b64" | gzip -d > "$CONTROLLER"^[[0m
rebase-and-independently-review-alice	Reconstruct sealed finalizer programs	2026-08-24T07:23:26.7398773Z ^[[36;1mbase64 -d "$driver_b64" | gzip -d > "$DRIVER"^[[0m
rebase-and-independently-review-alice	Reconstruct sealed finalizer programs	2026-08-24T07:23:26.7399173Z ^[[36;1mecho "$CONTROLLER_SHA256  $CONTROLLER" | sha256sum -c -^[[0m
rebase-and-independently-review-alice	Reconstruct sealed finalizer programs	2026-08-24T07:23:26.7399561Z ^[[36;1mecho "$DRIVER_SHA256  $DRIVER" | sha256sum -c -^[[0m
rebase-and-independently-review-alice	Reconstruct sealed finalizer programs	2026-08-24T07:23:26.7399907Z ^[[36;1mnode --check "$CONTROLLER"^[[0m
rebase-and-independently-review-alice	Reconstruct sealed finalizer programs	2026-08-24T07:23:26.7400200Z ^[[36;1mbash -n "$DRIVER"^[[0m
rebase-and-independently-review-alice	Reconstruct sealed finalizer programs	2026-08-24T07:23:26.7400477Z ^[[36;1mchmod +x "$DRIVER"^[[0m
rebase-and-independently-review-alice	Reconstruct sealed finalizer programs	2026-08-24T07:23:26.7455296Z shell: /usr/bin/bash --noprofile --norc -e -o pipefail {0}
rebase-and-independently-review-alice	Reconstruct sealed finalizer programs	2026-08-24T07:23:26.7455670Z env:
rebase-and-independently-review-alice	Reconstruct sealed finalizer programs	2026-08-24T07:23:26.7455931Z   CURRENT_MAIN: 6377c4c7ba5ed4fa7d7eb3c499d32c258aec9834
rebase-and-independently-review-alice	Reconstruct sealed finalizer programs	2026-08-24T07:23:26.7456296Z   CURRENT_TREE: 88217773527b4e97c1bc4d97a9d6f7433231c801
rebase-and-independently-review-alice	Reconstruct sealed finalizer programs	2026-08-24T07:23:26.7456652Z   ORIGINAL_MAIN: 91254f17fa1ebb6e8502c6201e9bc8651ef4d4ac
rebase-and-independently-review-alice	Reconstruct sealed finalizer programs	2026-08-24T07:23:26.7457017Z   ORIGINAL_TREE: e395cd3e679aadf60243f5b7bfe0ee7b2b079874
rebase-and-independently-review-alice	Reconstruct sealed finalizer programs	2026-08-24T07:23:26.7457367Z   CLAIM_COMMIT: 31499f3d871c7a4d8a749af5a90e361a50153a50
rebase-and-independently-review-alice	Reconstruct sealed finalizer programs	2026-08-24T07:23:26.7457705Z   CLAIM_TREE: 9612f0169cc670847f468459d489aa408e79ec62
rebase-and-independently-review-alice	Reconstruct sealed finalizer programs	2026-08-24T07:23:26.7458085Z   ORIGINAL_CANDIDATE_BRANCH: agent/star-trek-alice-candidate-v1
rebase-and-independently-review-alice	Reconstruct sealed finalizer programs	2026-08-24T07:23:26.7458537Z   ORIGINAL_CANDIDATE_COMMIT: 2e34c0e3f6435132608c8a5cdbf75c4e71f09ed3
rebase-and-independently-review-alice	Reconstruct sealed finalizer programs	2026-08-24T07:23:26.7459186Z   ORIGINAL_CANDIDATE_TREE: 2d033986aa32071bc99795405f34ea52947b849d
rebase-and-independently-review-alice	Reconstruct sealed finalizer programs	2026-08-24T07:23:26.7459651Z   REBASED_CANDIDATE_BRANCH: agent/star-trek-alice-candidate-rebased-v1
rebase-and-independently-review-alice	Reconstruct sealed finalizer programs	2026-08-24T07:23:26.7460106Z   STAGE_RESULT_BRANCH: agent/star-trek-alice-stage-result-v1
rebase-and-independently-review-alice	Reconstruct sealed finalizer programs	2026-08-24T07:23:26.7460523Z   STAGE_PREFIX: transport/star-trek-alice-stage-v1
rebase-and-independently-review-alice	Reconstruct sealed finalizer programs	2026-08-24T07:23:26.7460921Z   MEDIA_RESULT_BRANCH: agent/star-trek-alice-media-result-v1
rebase-and-independently-review-alice	Reconstruct sealed finalizer programs	2026-08-24T07:23:26.7461322Z   FINALIZER_BRANCH: agent/star-trek-alice-finalizer-v1
rebase-and-independently-review-alice	Reconstruct sealed finalizer programs	2026-08-24T07:23:26.7461718Z   RESULT_BRANCH: agent/star-trek-alice-finalizer-result-v1
rebase-and-independently-review-alice	Reconstruct sealed finalizer programs	2026-08-24T07:23:26.7462106Z   STAGE_ROOT: /tmp/star-trek-alice-stage-input-v1
rebase-and-independently-review-alice	Reconstruct sealed finalizer programs	2026-08-24T07:23:26.7462767Z   REVIEW_ROOT: /tmp/star-trek-alice-independent-review-v2
rebase-and-independently-review-alice	Reconstruct sealed finalizer programs	2026-08-24T07:23:26.7463211Z   FINAL_ROOT: /tmp/star-trek-alice-final-v1
rebase-and-independently-review-alice	Reconstruct sealed finalizer programs	2026-08-24T07:23:26.7463609Z   DIAGNOSTIC_ROOT: /tmp/star-trek-alice-finalizer-diagnostics-v1
rebase-and-independently-review-alice	Reconstruct sealed finalizer programs	2026-08-24T07:23:26.7464044Z   CONTROLLER: /tmp/star-trek-alice-finalizer-controller.mjs
rebase-and-independently-review-alice	Reconstruct sealed finalizer programs	2026-08-24T07:23:26.7464440Z   DRIVER: /tmp/star-trek-alice-finalizer-driver.sh
rebase-and-independently-review-alice	Reconstruct sealed finalizer programs	2026-08-24T07:23:26.7464897Z   CONTROLLER_SHA256: bdb9d77c5116bdb130d0e3b5a946b2a8397e966070b2e3448dd3340c6b3fac5d
rebase-and-independently-review-alice	Reconstruct sealed finalizer programs	2026-08-24T07:23:26.7465490Z   CONTROLLER_B64_SHA256: 76660d641670ea98436cd001d31720de8111b859c5544b44aa0994d2b6bb0851
rebase-and-independently-review-alice	Reconstruct sealed finalizer programs	2026-08-24T07:23:26.7466047Z   DRIVER_SHA256: 1f25170694ca3b6c7b46039f7c8ab0a22d474d672b2b65c9d05b2ebf4044082e
rebase-and-independently-review-alice	Reconstruct sealed finalizer programs	2026-08-24T07:23:26.7466594Z   DRIVER_B64_SHA256: a501b9ecea60350a3b8084ad82dca531376248753d3a8feefc7a6a7b02020a71
rebase-and-independently-review-alice	Reconstruct sealed finalizer programs	2026-08-24T07:23:26.7467024Z   TASK_ID: ap_c7ff8298a99fe94fc55bbdbc
rebase-and-independently-review-alice	Reconstruct sealed finalizer programs	2026-08-24T07:23:26.7467306Z   LEASE_ID: lease_e1da8637695057922f1840d4
rebase-and-independently-review-alice	Reconstruct sealed finalizer programs	2026-08-24T07:23:26.7467571Z   WALL_ID: UC-1396
rebase-and-independently-review-alice	Reconstruct sealed finalizer programs	2026-08-24T07:23:26.7470320Z   GH_TOKEN: ***
rebase-and-independently-review-alice	Reconstruct sealed finalizer programs	2026-08-24T07:23:26.7470533Z ##[endgroup]
rebase-and-independently-review-alice	Reconstruct sealed finalizer programs	2026-08-24T07:23:26.7640662Z .github/recovery/star-trek-alice-finalizer-v1/controller.mjs.gz.b64: OK
rebase-and-independently-review-alice	Reconstruct sealed finalizer programs	2026-08-24T07:23:26.7653563Z sha256sum: WARNING: 1 computed checksum did NOT match
rebase-and-independently-review-alice	Reconstruct sealed finalizer programs	2026-08-24T07:23:26.7654586Z .github/recovery/star-trek-alice-finalizer-v1/driver.sh.gz.b64: FAILED
rebase-and-independently-review-alice	Reconstruct sealed finalizer programs	2026-08-24T07:23:26.7668330Z ##[error]Process completed with exit code 1.
