
> undercast@0.1.0 autopilot
> node scripts/autopilot.mjs sync --scope star-trek --json

{
  "changed": true,
  "readiness": [
    {
      "scope_id": "star-trek",
      "label": "Star Trek",
      "priority": 1000,
      "declared_status": "active",
      "effective_status": "active",
      "certification": "current",
      "snapshot": "ready",
      "reasons": [],
      "snapshot_details": {
        "ready": true,
        "reasons": [],
        "rows": 2297,
        "sources": 2056,
        "complete_receipts": 2056,
        "missing_receipts": [],
        "last_observed_at": "2026-07-29T09:07:52.289Z",
        "coverage_sha256": "771d393fc293f15da8487a61d4008f5408f99f652219f7dfc4b35f45dae556b5",
        "manifest_sha256": "e5ea03a77e4d7ab62e108e6a9816d421dcf48268323e2fbba0324f5ff18867cf",
        "coverage_file_sha256": "8ca8b8b2c941e5679f839cb7da9ae3dac5873f54c8e5ddca411ff9870d715473",
        "manifest_file_sha256": "a0ad45c8ab9921265e9bd8d199e6d9ee83ee82aa82a673c6ae891fe7cea190fd"
      },
      "refresh": {
        "cadence_days": 7,
        "steps": [
          {
            "label": "rediscover full-canon Star Trek scope",
            "executable": "node",
            "args": [
              "scripts/census-scope.mjs"
            ]
          },
          {
            "label": "refresh Star Trek performer-role census",
            "executable": "node",
            "args": [
              "scripts/census.mjs",
              "star-trek"
            ]
          }
        ],
        "last_observed_at": "2026-07-29T09:07:52.289Z",
        "due_at": "2026-08-05T09:07:52.289Z",
        "due": true
      },
      "producer_sha256": "f72e3dedb00e8f4487da2b02af02780c73b359fd887c99f350fcaf78dc9db59a",
      "contract_sha256": "95c0ec569361cdebf296035268341dc74669692b9b7ceec77afaac5c48bb6da7",
      "preservation": "pending",
      "preservation_snapshot_id": "preservation-doctor-who-169391a8bf64",
      "source_archive_sha256": "1526b095c31c046e92de020854058088c970c42d8c9cf400179f1368c16c0211",
      "lease_status": "ready",
      "lease_token": "c4caadf9d95dc19ed9a29795bb288fce68ac8580fda6da8eb8847fa5829bcbee"
    },
    {
      "scope_id": "doctor-who",
      "label": "Doctor Who",
      "priority": 500,
      "declared_status": "active",
      "effective_status": "active",
      "certification": "current",
      "snapshot": "ready",
      "reasons": [],
      "snapshot_details": {
        "ready": true,
        "reasons": [],
        "rows": 316,
        "sources": 298,
        "complete_receipts": 298,
        "missing_receipts": [],
        "last_observed_at": "2026-08-02T05:38:28.060Z",
        "coverage_sha256": "0a5f785d916bcaf24511b0608542ac0329f5f782126ca3505bcaa3da0e51b1ce",
        "manifest_sha256": "96202b4c128a3729fb7cf3e52b4c36f32a25a156c0df92d1aa379de99fb58f00",
        "coverage_file_sha256": "8ca8b8b2c941e5679f839cb7da9ae3dac5873f54c8e5ddca411ff9870d715473",
        "manifest_file_sha256": "a0ad45c8ab9921265e9bd8d199e6d9ee83ee82aa82a673c6ae891fe7cea190fd"
      },
      "refresh": {
        "cadence_days": 30,
        "steps": [
          {
            "label": "node scripts/census-doctor-who.mjs",
            "executable": "node",
            "args": [
              "scripts/census-doctor-who.mjs"
            ]
          }
        ],
        "last_observed_at": "2026-08-02T05:38:28.060Z",
        "due_at": "2026-09-01T05:38:28.060Z",
        "due": false
      },
      "producer_sha256": "c36d26c0e3c0d8ab71fd73c933b3aeb9610feac0875f1827616f83b2eebeff6f",
      "contract_sha256": "a0f497cea8d5b21894ffc04ba149dd21210ffffe3c7b73e8372f464e97983cfb",
      "preservation": "pending",
      "preservation_snapshot_id": "preservation-doctor-who-169391a8bf64",
      "source_archive_sha256": "1526b095c31c046e92de020854058088c970c42d8c9cf400179f1368c16c0211",
      "lease_status": "ready",
      "lease_token": "282a013eb9ce501b80a2e548b78f48915cb3e1e21df3c25c664382fcf975046e"
    },
    {
      "scope_id": "star-wars",
      "label": "Star Wars",
      "priority": 450,
      "declared_status": "paused",
      "effective_status": "paused",
      "certification": "missing",
      "snapshot": "ready",
      "reasons": [
        "scope_declared_paused"
      ],
      "snapshot_details": {
        "ready": true,
        "reasons": [],
        "rows": 549,
        "sources": 1,
        "complete_receipts": 0,
        "missing_receipts": [],
        "last_observed_at": "2026-08-02T05:38:28.060Z",
        "coverage_sha256": "247b63cca31feb217d41ee318e297ac4363d591f69d536d48c0710f54917a731",
        "manifest_sha256": "4f53cda18c2baa0c0354bb5f9a3ecbe5ed12ab4d8e11ba873c2f11161202b945",
        "coverage_file_sha256": "8ca8b8b2c941e5679f839cb7da9ae3dac5873f54c8e5ddca411ff9870d715473",
        "manifest_file_sha256": "a0ad45c8ab9921265e9bd8d199e6d9ee83ee82aa82a673c6ae891fe7cea190fd"
      },
      "refresh": {
        "cadence_days": 30,
        "steps": [
          {
            "label": "node scripts/census.mjs star-wars",
            "executable": "node",
            "args": [
              "scripts/census.mjs",
              "star-wars"
            ]
          }
        ],
        "last_observed_at": "2026-08-02T05:38:28.060Z",
        "due_at": "2026-09-01T05:38:28.060Z",
        "due": false
      }
    },
    {
      "scope_id": "muppets-henson",
      "label": "Muppets & Henson",
      "priority": 400,
      "declared_status": "paused",
      "effective_status": "paused",
      "certification": "missing",
      "snapshot": "ready",
      "reasons": [
        "scope_declared_paused"
      ],
      "snapshot_details": {
        "ready": true,
        "reasons": [],
        "rows": 2315,
        "sources": 2280,
        "complete_receipts": 2280,
        "missing_receipts": [],
        "last_observed_at": "2026-07-21T16:42:35.363Z",
        "coverage_sha256": "5995f126f63b6cd185f3b994e1f936a733b8cf89fd7121de2ef7968c5849205d",
        "manifest_sha256": "8b7cb9548d4bfb6fe8b488d05c8884b29e8197aff29c30dc98989301783fc352",
        "coverage_file_sha256": "8ca8b8b2c941e5679f839cb7da9ae3dac5873f54c8e5ddca411ff9870d715473",
        "manifest_file_sha256": "a0ad45c8ab9921265e9bd8d199e6d9ee83ee82aa82a673c6ae891fe7cea190fd"
      },
      "refresh": {
        "cadence_days": 30,
        "steps": [
          {
            "label": "node scripts/census.mjs muppets",
            "executable": "node",
            "args": [
              "scripts/census.mjs",
              "muppets"
            ]
          }
        ],
        "last_observed_at": "2026-07-21T16:42:35.363Z",
        "due_at": "2026-08-20T16:42:35.363Z",
        "due": true
      }
    },
    {
      "scope_id": "kaiju",
      "label": "Kaiju",
      "priority": 350,
      "declared_status": "paused",
      "effective_status": "paused",
      "certification": "missing",
      "snapshot": "ready",
      "reasons": [
        "scope_declared_paused"
      ],
      "snapshot_details": {
        "ready": true,
        "reasons": [],
        "rows": 323,
        "sources": 1,
        "complete_receipts": 0,
        "missing_receipts": [],
        "last_observed_at": "2026-08-02T05:38:28.060Z",
        "coverage_sha256": "c6a2a6c35234c742537feffd5912310223f851711a136e309c9421a5febc691c",
        "manifest_sha256": "4f53cda18c2baa0c0354bb5f9a3ecbe5ed12ab4d8e11ba873c2f11161202b945",
        "coverage_file_sha256": "8ca8b8b2c941e5679f839cb7da9ae3dac5873f54c8e5ddca411ff9870d715473",
        "manifest_file_sha256": "a0ad45c8ab9921265e9bd8d199e6d9ee83ee82aa82a673c6ae891fe7cea190fd"
      },
      "refresh": {
        "cadence_days": 30,
        "steps": [
          {
            "label": "node scripts/census.mjs kaiju",
            "executable": "node",
            "args": [
              "scripts/census.mjs",
              "kaiju"
            ]
          }
        ],
        "last_observed_at": "2026-08-02T05:38:28.060Z",
        "due_at": "2026-09-01T05:38:28.060Z",
        "due": false
      }
    },
    {
      "scope_id": "power-rangers",
      "label": "Power Rangers",
      "priority": 300,
      "declared_status": "paused",
      "effective_status": "paused",
      "certification": "missing",
      "snapshot": "ready",
      "reasons": [
        "scope_declared_paused"
      ],
      "snapshot_details": {
        "ready": true,
        "reasons": [],
        "rows": 5,
        "sources": 2,
        "complete_receipts": 2,
        "missing_receipts": [],
        "last_observed_at": "2026-07-21T16:42:35.363Z",
        "coverage_sha256": "271914a53db2fa8671641d4ecf24d07ee8ace675916352113dfa36583cd8a004",
        "manifest_sha256": "e1661e1fc7f58b4152ca9e4db1850e8b39198a2f91cb6b77aec370bac120fd40",
        "coverage_file_sha256": "8ca8b8b2c941e5679f839cb7da9ae3dac5873f54c8e5ddca411ff9870d715473",
        "manifest_file_sha256": "a0ad45c8ab9921265e9bd8d199e6d9ee83ee82aa82a673c6ae891fe7cea190fd"
      },
      "refresh": {
        "cadence_days": 30,
        "steps": [
          {
            "label": "node scripts/census.mjs power-rangers",
            "executable": "node",
            "args": [
              "scripts/census.mjs",
              "power-rangers"
            ]
          }
        ],
        "last_observed_at": "2026-07-21T16:42:35.363Z",
        "due_at": "2026-08-20T16:42:35.363Z",
        "due": true
      }
    },
    {
      "scope_id": "tokusatsu",
      "label": "Tokusatsu",
      "priority": 300,
      "declared_status": "paused",
      "effective_status": "paused",
      "certification": "missing",
      "snapshot": "ready",
      "reasons": [
        "scope_declared_paused"
      ],
      "snapshot_details": {
        "ready": true,
        "reasons": [],
        "rows": 853,
        "sources": 1,
        "complete_receipts": 0,
        "missing_receipts": [],
        "last_observed_at": "2026-08-02T05:38:28.060Z",
        "coverage_sha256": "21f579a922f13c69887924cee2083a841a09c11feb2c175bd35bb4239b4bf9e7",
        "manifest_sha256": "4f53cda18c2baa0c0354bb5f9a3ecbe5ed12ab4d8e11ba873c2f11161202b945",
        "coverage_file_sha256": "8ca8b8b2c941e5679f839cb7da9ae3dac5873f54c8e5ddca411ff9870d715473",
        "manifest_file_sha256": "a0ad45c8ab9921265e9bd8d199e6d9ee83ee82aa82a673c6ae891fe7cea190fd"
      },
      "refresh": {
        "cadence_days": 30,
        "steps": [
          {
            "label": "node scripts/census.mjs tokusatsu",
            "executable": "node",
            "args": [
              "scripts/census.mjs",
              "tokusatsu"
            ]
          }
        ],
        "last_observed_at": "2026-08-02T05:38:28.060Z",
        "due_at": "2026-09-01T05:38:28.060Z",
        "due": false
      }
    }
  ],
  "version": 1,
  "updated_at": "2026-08-22T06:55:52.020Z",
  "coverage_sha256": "8ca8b8b2c941e5679f839cb7da9ae3dac5873f54c8e5ddca411ff9870d715473",
  "total": 2228,
  "claimable": 1802,
  "in_flight": 0,
  "expired_leases": 0,
  "statuses": {
    "queued": 1802,
    "resolved": 424,
    "rejected": 2
  },
  "scopes": {
    "star-trek": {
      "total": 2228,
      "statuses": {
        "queued": 1802,
        "resolved": 424,
        "rejected": 2
      }
    }
  }
}
