star-trek-anastasia-komananov-cycle: PASS — exact Nana Visitor Kira-bodied Komananov performance custody, source-distinct verified media, default-hologram separation, unresolved maker functions, reviewed waterline closure, Queen predecessor custody, and later-cycle bounds are intact

> undercast@0.1.0 autopilot
> node scripts/autopilot.mjs submit --batch .luna/batch.json --input .luna/results.json

submitted 1 results; 1 total drafts waiting in data/drafts.json
grown from drafts: +1 verified, 0 dropped. 1365 total.
  + UC-1396  Nichelle Nichols — Alice (character)

next: fill their faces with  IMAGE_MODE=loose node scripts/retrieve.mjs
CREDITS.md written: 769 attributed, 1023 character stills.
SOURCES ledger synchronized (0 field update(s))
data/NEEDED.md written: 586 cards need art (342 stills, 353 portraits).

census: 6836 character rows, 3362 distinct performers
coverage: 794/6658 performer-role credits on wall
gaps: 5864 roles across 3048 performers -> data/CENSUS-GAPS.json
top 20: Jerry Nelson(301), Nicholas Briggs(129), Richard Hunt(118), Joey Mazzarino(100), Martin P. Robinson(97), Frank Oz(92), Jim Henson(84), Kevin Clash(83), Dave Goelz(82), David Rudman(74), Fran Brill(69), Stephanie D'Abruzzo(67), Tyler Bunch(61), Leslie Carrara-Rudolph(49), Louise Gold(47), Steve Whitmire(47), Camille Bonora(45), Marc Thompson(42), Matt Vogel(40), Brian Muehl(28)
Ferengi constellation: 70 named credits, 8 unresolved character pages, 122 nodes, 144 edges
Ferengi benchmark: PASS; accounting: PASS — 78/78 source identities classified
  covered 61; excluded 9; unresolved 8
  exact-edge blockers: 0; wall coverage complete: yes
built species navigation: Bajoran 26 primary cards / 116 named credits, Cardassian 34 primary cards / 62 named credits, Ferengi 51 primary cards / 70 named credits, Jem'Hadar 17 primary cards / 17 named credits, Klingon 80 primary cards / 191 named credits, Romulan 18 primary cards / 84 named credits, Tellarite 19 primary cards / 20 named credits, Vulcan 23 primary cards / 130 named credits
DS9 Changeling constellation: 14 named credits, 1 unresolved, 28 nodes, 30 edges
Ferengi benchmark: PASS; accounting: PASS — 78/78 source identities classified
  covered 61; excluded 9; unresolved 8
  exact-edge blockers: 0; wall coverage complete: yes
sharded 1365 cards → 2 shard(s) (≤1000 each)
  index.json 435KB (319 B/card) — loaded on boot
  2 shard file(s), 1365 records total — loaded lazily
  media-live.json: 1997 image(s) on Releases — loaded on boot (lean)
  rebuild any time: node scripts/shard.mjs   (projections are disposable)
built archive contract, 1164 performer credits, 190 makers, 36 search shards
built archive contract, 1164 performer credits, 190 makers, 36 search shards
built 1365 live + 2 retired permanent record pages

> undercast@0.1.0 autopilot
> node scripts/autopilot.mjs sync --scope star-trek

synced data/AUTOPILOT.json
  star-trek: declared=active effective=active lease=ready certification=current snapshot=ready preservation=pending; rows=2297 receipts=2056/2056 refresh=due
  doctor-who: declared=active effective=active lease=ready certification=current snapshot=ready preservation=pending; rows=316 receipts=298/298 refresh=due-2026-09-01T05:38:28.060Z
  star-wars: declared=paused effective=paused lease=blocked certification=missing snapshot=ready; rows=549 receipts=0/1 refresh=due-2026-09-01T05:38:28.060Z — scope_declared_paused
  muppets-henson: declared=paused effective=paused lease=blocked certification=missing snapshot=ready; rows=2315 receipts=2280/2280 refresh=due — scope_declared_paused
  kaiju: declared=paused effective=paused lease=blocked certification=missing snapshot=ready; rows=323 receipts=0/1 refresh=due-2026-09-01T05:38:28.060Z — scope_declared_paused
  power-rangers: declared=paused effective=paused lease=blocked certification=missing snapshot=ready; rows=5 receipts=2/2 refresh=due — scope_declared_paused
  tokusatsu: declared=paused effective=paused lease=blocked certification=missing snapshot=ready; rows=853 receipts=0/1 refresh=due-2026-09-01T05:38:28.060Z — scope_declared_paused
autopilot: 1798 claimable / 2228 total; 1 in flight; 0 expired leases
  star-trek: 2228 (merged=1 queued=1798 rejected=2 resolved=427)

> undercast@0.1.0 media:audit
> node scripts/media-audit.mjs sync --scope star-trek

synced data/MEDIA-AUDIT.json
media audit star-trek: 954/956 complete (99.8%); verified=681 absent=273 review=2 attention=0
  portrait: 477/478 complete; verified=257 absent=220 review=1 attention=0
  still: 477/478 complete; verified=424 absent=53 review=1 attention=0

> undercast@0.1.0 media:audit
> node scripts/media-audit.mjs resolve --input /tmp/star-trek-alice-stage-output-v1/media-resolution.json --scope star-trek

enforced 4 reviewed media-audit ruling(s)
media audit star-trek: 956/956 complete (100.0%); verified=683 absent=273 review=0 attention=0
  portrait: 478/478 complete; verified=258 absent=220 review=0 attention=0
  still: 478/478 complete; verified=425 absent=53 review=0 attention=0

> undercast@0.1.0 media:audit
> node scripts/media-audit.mjs gate --scope star-trek

media audit star-trek: 956/956 complete (100.0%); verified=683 absent=273 review=0 attention=0
  portrait: 478/478 complete; verified=258 absent=220 review=0 attention=0
  still: 478/478 complete; verified=425 absent=53 review=0 attention=0
PASS — star-trek exact-subject media baseline complete

> undercast@0.1.0 autopilot
> node scripts/autopilot.mjs complete --input /tmp/star-trek-alice-stage-output-v1/media-review.json


UNDERCAST invariant gate — PASS
  specimens: 1365  sources: 1365  image refs: 2035
  profiles checked (30): schema.specimen, schema.source, schema.archive, schema.census_test, schema.census_manifest, schema.tombstones, schema.entities, schema.species_vocabulary, schema.species, schema.constellations, id.unique, ref.integrity, image.no_in_card_dup, image.crop_policy, image.no_cross_card_dup, sources.consistency, id.lifecycle, url.safety, claims.evidence, projection.consistency, media.consistency, entities.consistency, constellation.integrity, quality.non_regression, census.consistency, species.navigation_integrity, census.observation_freshness, census.ferengi_benchmark, contract.consistency, crawler.discovery
  no invariant violations.

completed 1 post-merge media review(s)

UNDERCAST invariant gate — PASS
  specimens: 1365  sources: 1365  image refs: 2035
  profiles checked (30): schema.specimen, schema.source, schema.archive, schema.census_test, schema.census_manifest, schema.tombstones, schema.entities, schema.species_vocabulary, schema.species, schema.constellations, id.unique, ref.integrity, image.no_in_card_dup, image.crop_policy, image.no_cross_card_dup, sources.consistency, id.lifecycle, url.safety, claims.evidence, projection.consistency, media.consistency, entities.consistency, constellation.integrity, quality.non_regression, census.consistency, species.navigation_integrity, census.observation_freshness, census.ferengi_benchmark, contract.consistency, crawler.discovery
  no invariant violations.

PASS — undercast-thesis-rails@1; one task per cycle; 16 transition-only workflow stages fenced
star-trek-anastasia-komananov-cycle: PASS — exact Nana Visitor Kira-bodied Komananov performance custody, source-distinct verified media, default-hologram separation, unresolved maker functions, reviewed waterline closure, Queen predecessor custody, and later-cycle bounds are intact
{
  "status": "staged",
  "wall_id": "UC-1396",
  "lease_id": "lease_e1da8637695057922f1840d4",
  "receipt_sha256": "f6d95cc371fc3e1e1f76017425197525433ee0769bf28327b9623e37f7745bb9"
}
