unitcadmar-cycle	Set up job	﻿2026-08-17T23:18:42.8369124Z Current runner version: '2.336.0'
unitcadmar-cycle	Set up job	2026-08-17T23:18:42.8389667Z ##[group]Runner Image Provisioner
unitcadmar-cycle	Set up job	2026-08-17T23:18:42.8390365Z Hosted Compute Agent
unitcadmar-cycle	Set up job	2026-08-17T23:18:42.8391133Z Version: 20260729.566
unitcadmar-cycle	Set up job	2026-08-17T23:18:42.8391663Z Commit: cf7153fe6e25b664e8693c24944bf2b00355d109
unitcadmar-cycle	Set up job	2026-08-17T23:18:42.8392237Z Build Date: 2026-07-29T19:17:02Z
unitcadmar-cycle	Set up job	2026-08-17T23:18:42.8392856Z Worker ID: {acdddfe6-12a0-4145-aaf4-9b98935ba2da}
unitcadmar-cycle	Set up job	2026-08-17T23:18:42.8393428Z Azure Region: westus3
unitcadmar-cycle	Set up job	2026-08-17T23:18:42.8393869Z ##[endgroup]
unitcadmar-cycle	Set up job	2026-08-17T23:18:42.8394966Z ##[group]Operating System
unitcadmar-cycle	Set up job	2026-08-17T23:18:42.8395598Z Ubuntu
unitcadmar-cycle	Set up job	2026-08-17T23:18:42.8396075Z 24.04.4
unitcadmar-cycle	Set up job	2026-08-17T23:18:42.8396530Z LTS
unitcadmar-cycle	Set up job	2026-08-17T23:18:42.8396941Z ##[endgroup]
unitcadmar-cycle	Set up job	2026-08-17T23:18:42.8397419Z ##[group]Runner Image
unitcadmar-cycle	Set up job	2026-08-17T23:18:42.8397911Z Image: ubuntu-24.04
unitcadmar-cycle	Set up job	2026-08-17T23:18:42.8398356Z Version: 20260810.271.1
unitcadmar-cycle	Set up job	2026-08-17T23:18:42.8399276Z Included Software: https://github.com/actions/runner-images/blob/ubuntu24/20260810.271/images/ubuntu/Ubuntu2404-Readme.md
unitcadmar-cycle	Set up job	2026-08-17T23:18:42.8400643Z Image Release: https://github.com/actions/runner-images/releases/tag/ubuntu24%2F20260810.271
unitcadmar-cycle	Set up job	2026-08-17T23:18:42.8401452Z ##[endgroup]
unitcadmar-cycle	Set up job	2026-08-17T23:18:42.8402519Z ##[group]GITHUB_TOKEN Permissions
unitcadmar-cycle	Set up job	2026-08-17T23:18:42.8404188Z Actions: write
unitcadmar-cycle	Set up job	2026-08-17T23:18:42.8404676Z Contents: write
unitcadmar-cycle	Set up job	2026-08-17T23:18:42.8405316Z Issues: write
unitcadmar-cycle	Set up job	2026-08-17T23:18:42.8405765Z Metadata: read
unitcadmar-cycle	Set up job	2026-08-17T23:18:42.8406199Z ##[endgroup]
unitcadmar-cycle	Set up job	2026-08-17T23:18:42.8407954Z Secret source: Actions
unitcadmar-cycle	Set up job	2026-08-17T23:18:42.8408790Z Prepare workflow directory
unitcadmar-cycle	Set up job	2026-08-17T23:18:42.8844726Z Prepare all required actions
unitcadmar-cycle	Set up job	2026-08-17T23:18:42.8882426Z Getting action download info
unitcadmar-cycle	Set up job	2026-08-17T23:18:43.1990573Z Download action repository 'actions/checkout@v4' (SHA:11d5960a326750d5838078e36cf38b85af677262)
unitcadmar-cycle	Set up job	2026-08-17T23:18:43.3231545Z Download action repository 'actions/setup-node@v4' (SHA:49933ea5288caeca8642d1e84afbd3f7d6820020)
unitcadmar-cycle	Set up job	2026-08-17T23:18:43.4314655Z Download action repository 'actions/upload-artifact@v4' (SHA:ea165f8d65b6e75b540449e92b4886f43607fa02)
unitcadmar-cycle	Set up job	2026-08-17T23:18:43.6534690Z Complete job name: unitcadmar-cycle
unitcadmar-cycle	Run actions/checkout@v4	﻿2026-08-17T23:18:43.7084134Z Node 20 is being deprecated. This workflow is running with Node 24 by default. If you need to temporarily use Node 20, you can set the ACTIONS_ALLOW_USE_UNSECURE_NODE_VERSION=true environment variable. For more information see: https://github.blog/changelog/2025-09-19-deprecation-of-node-20-on-github-actions-runners/
unitcadmar-cycle	Run actions/checkout@v4	2026-08-17T23:18:43.7091123Z ##[group]Run actions/checkout@v4
unitcadmar-cycle	Run actions/checkout@v4	2026-08-17T23:18:43.7091674Z with:
unitcadmar-cycle	Run actions/checkout@v4	2026-08-17T23:18:43.7091997Z   fetch-depth: 1
unitcadmar-cycle	Run actions/checkout@v4	2026-08-17T23:18:43.7092354Z   repository: BigBirdReturns/undercast
unitcadmar-cycle	Run actions/checkout@v4	2026-08-17T23:18:43.7095645Z   token: ***
unitcadmar-cycle	Run actions/checkout@v4	2026-08-17T23:18:43.7095986Z   ssh-strict: true
unitcadmar-cycle	Run actions/checkout@v4	2026-08-17T23:18:43.7096319Z   ssh-user: git
unitcadmar-cycle	Run actions/checkout@v4	2026-08-17T23:18:43.7096661Z   persist-credentials: true
unitcadmar-cycle	Run actions/checkout@v4	2026-08-17T23:18:43.7097023Z   clean: true
unitcadmar-cycle	Run actions/checkout@v4	2026-08-17T23:18:43.7097356Z   sparse-checkout-cone-mode: true
unitcadmar-cycle	Run actions/checkout@v4	2026-08-17T23:18:43.7097745Z   fetch-tags: false
unitcadmar-cycle	Run actions/checkout@v4	2026-08-17T23:18:43.7098080Z   show-progress: true
unitcadmar-cycle	Run actions/checkout@v4	2026-08-17T23:18:43.7098441Z   lfs: false
unitcadmar-cycle	Run actions/checkout@v4	2026-08-17T23:18:43.7098751Z   submodules: false
unitcadmar-cycle	Run actions/checkout@v4	2026-08-17T23:18:43.7099124Z   set-safe-directory: true
unitcadmar-cycle	Run actions/checkout@v4	2026-08-17T23:18:43.7099510Z   allow-unsafe-pr-checkout: false
unitcadmar-cycle	Run actions/checkout@v4	2026-08-17T23:18:43.7100041Z env:
unitcadmar-cycle	Run actions/checkout@v4	2026-08-17T23:18:43.7103040Z   GH_TOKEN: ***
unitcadmar-cycle	Run actions/checkout@v4	2026-08-17T23:18:43.7103405Z   TEMP_BRANCH: agent/star-trek-cadmar-cycle-v1
unitcadmar-cycle	Run actions/checkout@v4	2026-08-17T23:18:43.7103917Z   CANDIDATE_BRANCH: agent/star-trek-cadmar-candidate-v1
unitcadmar-cycle	Run actions/checkout@v4	2026-08-17T23:18:43.7104454Z   EXPECTED_MAIN: 62076ebd77b5834700b7a0b26b2907285c580fe0
unitcadmar-cycle	Run actions/checkout@v4	2026-08-17T23:18:43.7104920Z   MEDIA_PREP_RUN: 32076968696
unitcadmar-cycle	Run actions/checkout@v4	2026-08-17T23:18:43.7105412Z   MEDIA_PREP_JOB: 95532132835
unitcadmar-cycle	Run actions/checkout@v4	2026-08-17T23:18:43.7105795Z   MEDIA_PREP_ARTIFACT: 9303868667
unitcadmar-cycle	Run actions/checkout@v4	2026-08-17T23:18:43.7106402Z   MEDIA_PREP_ARTIFACT_SHA: dd0996acbd7c4f4c15416aa63b6b906fc0d684ca574fb847f7c3de63223d7811
unitcadmar-cycle	Run actions/checkout@v4	2026-08-17T23:18:43.7107026Z ##[endgroup]
unitcadmar-cycle	Run actions/checkout@v4	2026-08-17T23:18:43.7887474Z Syncing repository: BigBirdReturns/undercast
unitcadmar-cycle	Run actions/checkout@v4	2026-08-17T23:18:43.7889093Z ##[group]Getting Git version info
unitcadmar-cycle	Run actions/checkout@v4	2026-08-17T23:18:43.7889987Z Working directory is '/home/runner/work/undercast/undercast'
unitcadmar-cycle	Run actions/checkout@v4	2026-08-17T23:18:43.7890843Z [command]/usr/bin/git version
unitcadmar-cycle	Run actions/checkout@v4	2026-08-17T23:18:43.7942505Z git version 2.54.0
unitcadmar-cycle	Run actions/checkout@v4	2026-08-17T23:18:43.7989817Z ##[endgroup]
unitcadmar-cycle	Run actions/checkout@v4	2026-08-17T23:18:43.8006431Z Temporarily overriding HOME='/home/runner/work/_temp/857f27d6-4c3d-417c-bfd8-597d875ce55c' before making global git config changes
unitcadmar-cycle	Run actions/checkout@v4	2026-08-17T23:18:43.8012298Z Adding repository directory to the temporary git global config as a safe directory
unitcadmar-cycle	Run actions/checkout@v4	2026-08-17T23:18:43.8013515Z [command]/usr/bin/git config --global --add safe.directory /home/runner/work/undercast/undercast
unitcadmar-cycle	Run actions/checkout@v4	2026-08-17T23:18:43.8043478Z Deleting the contents of '/home/runner/work/undercast/undercast'
unitcadmar-cycle	Run actions/checkout@v4	2026-08-17T23:18:43.8046523Z ##[group]Initializing the repository
unitcadmar-cycle	Run actions/checkout@v4	2026-08-17T23:18:43.8050259Z [command]/usr/bin/git init /home/runner/work/undercast/undercast
unitcadmar-cycle	Run actions/checkout@v4	2026-08-17T23:18:43.8110455Z hint: Using 'master' as the name for the initial branch. This default branch name
unitcadmar-cycle	Run actions/checkout@v4	2026-08-17T23:18:43.8111910Z hint: will change to "main" in Git 3.0. To configure the initial branch name
unitcadmar-cycle	Run actions/checkout@v4	2026-08-17T23:18:43.8113313Z hint: to use in all of your new repositories, which will suppress this warning,
unitcadmar-cycle	Run actions/checkout@v4	2026-08-17T23:18:43.8114407Z hint: call:
unitcadmar-cycle	Run actions/checkout@v4	2026-08-17T23:18:43.8115047Z hint:
unitcadmar-cycle	Run actions/checkout@v4	2026-08-17T23:18:43.8116005Z hint: 	git config --global init.defaultBranch <name>
unitcadmar-cycle	Run actions/checkout@v4	2026-08-17T23:18:43.8116923Z hint:
unitcadmar-cycle	Run actions/checkout@v4	2026-08-17T23:18:43.8117716Z hint: Names commonly chosen instead of 'master' are 'main', 'trunk' and
unitcadmar-cycle	Run actions/checkout@v4	2026-08-17T23:18:43.8118977Z hint: 'development'. The just-created branch can be renamed via this command:
unitcadmar-cycle	Run actions/checkout@v4	2026-08-17T23:18:43.8120070Z hint:
unitcadmar-cycle	Run actions/checkout@v4	2026-08-17T23:18:43.8120699Z hint: 	git branch -m <name>
unitcadmar-cycle	Run actions/checkout@v4	2026-08-17T23:18:43.8121365Z hint:
unitcadmar-cycle	Run actions/checkout@v4	2026-08-17T23:18:43.8122289Z hint: Disable this message with "git config set advice.defaultBranchName false"
unitcadmar-cycle	Run actions/checkout@v4	2026-08-17T23:18:43.8123771Z Initialized empty Git repository in /home/runner/work/undercast/undercast/.git/
unitcadmar-cycle	Run actions/checkout@v4	2026-08-17T23:18:43.8126498Z [command]/usr/bin/git remote add origin https://github.com/BigBirdReturns/undercast
unitcadmar-cycle	Run actions/checkout@v4	2026-08-17T23:18:43.8151324Z ##[endgroup]
unitcadmar-cycle	Run actions/checkout@v4	2026-08-17T23:18:43.8152363Z ##[group]Disabling automatic garbage collection
unitcadmar-cycle	Run actions/checkout@v4	2026-08-17T23:18:43.8154719Z [command]/usr/bin/git config --local gc.auto 0
unitcadmar-cycle	Run actions/checkout@v4	2026-08-17T23:18:43.8181720Z ##[endgroup]
unitcadmar-cycle	Run actions/checkout@v4	2026-08-17T23:18:43.8182759Z ##[group]Setting up auth
unitcadmar-cycle	Run actions/checkout@v4	2026-08-17T23:18:43.8187665Z [command]/usr/bin/git config --local --name-only --get-regexp core\.sshCommand
unitcadmar-cycle	Run actions/checkout@v4	2026-08-17T23:18:43.8215095Z [command]/usr/bin/git submodule foreach --recursive sh -c "git config --local --name-only --get-regexp 'core\.sshCommand' && git config --local --unset-all 'core.sshCommand' || :"
unitcadmar-cycle	Run actions/checkout@v4	2026-08-17T23:18:43.8481296Z [command]/usr/bin/git config --local --name-only --get-regexp http\.https\:\/\/github\.com\/\.extraheader
unitcadmar-cycle	Run actions/checkout@v4	2026-08-17T23:18:43.8512576Z [command]/usr/bin/git submodule foreach --recursive sh -c "git config --local --name-only --get-regexp 'http\.https\:\/\/github\.com\/\.extraheader' && git config --local --unset-all 'http.https://github.com/.extraheader' || :"
unitcadmar-cycle	Run actions/checkout@v4	2026-08-17T23:18:43.8710630Z [command]/usr/bin/git config --local --name-only --get-regexp ^includeIf\.gitdir:
unitcadmar-cycle	Run actions/checkout@v4	2026-08-17T23:18:43.8740814Z [command]/usr/bin/git submodule foreach --recursive git config --local --show-origin --name-only --get-regexp remote.origin.url
unitcadmar-cycle	Run actions/checkout@v4	2026-08-17T23:18:43.8938651Z [command]/usr/bin/git config --local http.https://github.com/.extraheader AUTHORIZATION: basic ***
unitcadmar-cycle	Run actions/checkout@v4	2026-08-17T23:18:43.8982597Z ##[endgroup]
unitcadmar-cycle	Run actions/checkout@v4	2026-08-17T23:18:43.8983209Z ##[group]Fetching the repository
unitcadmar-cycle	Run actions/checkout@v4	2026-08-17T23:18:43.8992842Z [command]/usr/bin/git -c protocol.version=2 fetch --no-tags --prune --no-recurse-submodules --depth=1 origin +974ea1668633a56f1ad1b39e95adfb5cfe7fa799:refs/remotes/origin/agent/star-trek-cadmar-cycle-v1
unitcadmar-cycle	Run actions/checkout@v4	2026-08-17T23:18:53.1478002Z From https://github.com/BigBirdReturns/undercast
unitcadmar-cycle	Run actions/checkout@v4	2026-08-17T23:18:53.1479612Z  * [new ref]         974ea1668633a56f1ad1b39e95adfb5cfe7fa799 -> origin/agent/star-trek-cadmar-cycle-v1
unitcadmar-cycle	Run actions/checkout@v4	2026-08-17T23:18:53.1502365Z ##[endgroup]
unitcadmar-cycle	Run actions/checkout@v4	2026-08-17T23:18:53.1503503Z ##[group]Determining the checkout info
unitcadmar-cycle	Run actions/checkout@v4	2026-08-17T23:18:53.1504849Z ##[endgroup]
unitcadmar-cycle	Run actions/checkout@v4	2026-08-17T23:18:53.1511780Z [command]/usr/bin/git sparse-checkout disable
unitcadmar-cycle	Run actions/checkout@v4	2026-08-17T23:18:53.1552317Z [command]/usr/bin/git config --local --unset-all extensions.worktreeConfig
unitcadmar-cycle	Run actions/checkout@v4	2026-08-17T23:18:53.1582964Z ##[group]Checking out the ref
unitcadmar-cycle	Run actions/checkout@v4	2026-08-17T23:18:53.1586754Z [command]/usr/bin/git checkout --progress --force -B agent/star-trek-cadmar-cycle-v1 refs/remotes/origin/agent/star-trek-cadmar-cycle-v1
unitcadmar-cycle	Run actions/checkout@v4	2026-08-17T23:18:54.1679931Z Updating files:  82% (3548/4308)
unitcadmar-cycle	Run actions/checkout@v4	2026-08-17T23:18:54.1736694Z Updating files:  83% (3576/4308)
unitcadmar-cycle	Run actions/checkout@v4	2026-08-17T23:18:54.1780894Z Updating files:  84% (3619/4308)
unitcadmar-cycle	Run actions/checkout@v4	2026-08-17T23:18:54.1838232Z Updating files:  85% (3662/4308)
unitcadmar-cycle	Run actions/checkout@v4	2026-08-17T23:18:54.1900146Z Updating files:  86% (3705/4308)
unitcadmar-cycle	Run actions/checkout@v4	2026-08-17T23:18:54.1940885Z Updating files:  87% (3748/4308)
unitcadmar-cycle	Run actions/checkout@v4	2026-08-17T23:18:54.2039814Z Updating files:  88% (3792/4308)
unitcadmar-cycle	Run actions/checkout@v4	2026-08-17T23:18:54.2080481Z Updating files:  89% (3835/4308)
unitcadmar-cycle	Run actions/checkout@v4	2026-08-17T23:18:54.2127465Z Updating files:  90% (3878/4308)
unitcadmar-cycle	Run actions/checkout@v4	2026-08-17T23:18:54.2175014Z Updating files:  91% (3921/4308)
unitcadmar-cycle	Run actions/checkout@v4	2026-08-17T23:18:54.2216981Z Updating files:  92% (3964/4308)
unitcadmar-cycle	Run actions/checkout@v4	2026-08-17T23:18:54.2264057Z Updating files:  93% (4007/4308)
unitcadmar-cycle	Run actions/checkout@v4	2026-08-17T23:18:54.2290671Z Updating files:  94% (4050/4308)
unitcadmar-cycle	Run actions/checkout@v4	2026-08-17T23:18:54.2321326Z Updating files:  95% (4093/4308)
unitcadmar-cycle	Run actions/checkout@v4	2026-08-17T23:18:54.2351516Z Updating files:  96% (4136/4308)
unitcadmar-cycle	Run actions/checkout@v4	2026-08-17T23:18:54.2377484Z Updating files:  97% (4179/4308)
unitcadmar-cycle	Run actions/checkout@v4	2026-08-17T23:18:54.2400999Z Updating files:  98% (4222/4308)
unitcadmar-cycle	Run actions/checkout@v4	2026-08-17T23:18:54.2522387Z Updating files:  99% (4265/4308)
unitcadmar-cycle	Run actions/checkout@v4	2026-08-17T23:18:54.2522923Z Updating files: 100% (4308/4308)
unitcadmar-cycle	Run actions/checkout@v4	2026-08-17T23:18:54.2523331Z Updating files: 100% (4308/4308), done.
unitcadmar-cycle	Run actions/checkout@v4	2026-08-17T23:18:54.2559658Z Switched to a new branch 'agent/star-trek-cadmar-cycle-v1'
unitcadmar-cycle	Run actions/checkout@v4	2026-08-17T23:18:54.2562374Z branch 'agent/star-trek-cadmar-cycle-v1' set up to track 'origin/agent/star-trek-cadmar-cycle-v1'.
unitcadmar-cycle	Run actions/checkout@v4	2026-08-17T23:18:54.2657829Z ##[endgroup]
unitcadmar-cycle	Run actions/checkout@v4	2026-08-17T23:18:54.2705804Z [command]/usr/bin/git log -1 --format=%H
unitcadmar-cycle	Run actions/checkout@v4	2026-08-17T23:18:54.2722740Z 974ea1668633a56f1ad1b39e95adfb5cfe7fa799
unitcadmar-cycle	Run actions/setup-node@v4	﻿2026-08-17T23:18:54.2937334Z Node 20 is being deprecated. This workflow is running with Node 24 by default. If you need to temporarily use Node 20, you can set the ACTIONS_ALLOW_USE_UNSECURE_NODE_VERSION=true environment variable. For more information see: https://github.blog/changelog/2025-09-19-deprecation-of-node-20-on-github-actions-runners/
unitcadmar-cycle	Run actions/setup-node@v4	2026-08-17T23:18:54.2938956Z ##[group]Run actions/setup-node@v4
unitcadmar-cycle	Run actions/setup-node@v4	2026-08-17T23:18:54.2939210Z with:
unitcadmar-cycle	Run actions/setup-node@v4	2026-08-17T23:18:54.2939407Z   node-version: 24
unitcadmar-cycle	Run actions/setup-node@v4	2026-08-17T23:18:54.2939609Z   cache: npm
unitcadmar-cycle	Run actions/setup-node@v4	2026-08-17T23:18:54.2939806Z   always-auth: false
unitcadmar-cycle	Run actions/setup-node@v4	2026-08-17T23:18:54.2940012Z   check-latest: false
unitcadmar-cycle	Run actions/setup-node@v4	2026-08-17T23:18:54.2942255Z   token: ***
unitcadmar-cycle	Run actions/setup-node@v4	2026-08-17T23:18:54.2942452Z env:
unitcadmar-cycle	Run actions/setup-node@v4	2026-08-17T23:18:54.2944594Z   GH_TOKEN: ***
unitcadmar-cycle	Run actions/setup-node@v4	2026-08-17T23:18:54.2944822Z   TEMP_BRANCH: agent/star-trek-cadmar-cycle-v1
unitcadmar-cycle	Run actions/setup-node@v4	2026-08-17T23:18:54.2945247Z   CANDIDATE_BRANCH: agent/star-trek-cadmar-candidate-v1
unitcadmar-cycle	Run actions/setup-node@v4	2026-08-17T23:18:54.2945596Z   EXPECTED_MAIN: 62076ebd77b5834700b7a0b26b2907285c580fe0
unitcadmar-cycle	Run actions/setup-node@v4	2026-08-17T23:18:54.2945896Z   MEDIA_PREP_RUN: 32076968696
unitcadmar-cycle	Run actions/setup-node@v4	2026-08-17T23:18:54.2946168Z   MEDIA_PREP_JOB: 95532132835
unitcadmar-cycle	Run actions/setup-node@v4	2026-08-17T23:18:54.2946400Z   MEDIA_PREP_ARTIFACT: 9303868667
unitcadmar-cycle	Run actions/setup-node@v4	2026-08-17T23:18:54.2946766Z   MEDIA_PREP_ARTIFACT_SHA: dd0996acbd7c4f4c15416aa63b6b906fc0d684ca574fb847f7c3de63223d7811
unitcadmar-cycle	Run actions/setup-node@v4	2026-08-17T23:18:54.2947147Z ##[endgroup]
unitcadmar-cycle	Run actions/setup-node@v4	2026-08-17T23:18:54.4028873Z Found in cache @ /opt/hostedtoolcache/node/24.19.0/x64
unitcadmar-cycle	Run actions/setup-node@v4	2026-08-17T23:18:54.4032793Z (node:2123) [DEP0040] DeprecationWarning: The `punycode` module is deprecated. Please use a userland alternative instead.
unitcadmar-cycle	Run actions/setup-node@v4	2026-08-17T23:18:54.4033536Z (Use `node --trace-deprecation ...` to show where the warning was created)
unitcadmar-cycle	Run actions/setup-node@v4	2026-08-17T23:18:54.4034886Z ##[group]Environment details
unitcadmar-cycle	Run actions/setup-node@v4	2026-08-17T23:18:54.6533778Z node: v24.19.0
unitcadmar-cycle	Run actions/setup-node@v4	2026-08-17T23:18:54.6534064Z npm: 11.17.0
unitcadmar-cycle	Run actions/setup-node@v4	2026-08-17T23:18:54.6534235Z yarn: 1.22.22
unitcadmar-cycle	Run actions/setup-node@v4	2026-08-17T23:18:54.6534924Z ##[endgroup]
unitcadmar-cycle	Run actions/setup-node@v4	2026-08-17T23:18:54.6590740Z [command]/opt/hostedtoolcache/node/24.19.0/x64/bin/npm config get cache
unitcadmar-cycle	Run actions/setup-node@v4	2026-08-17T23:18:54.7460526Z /home/runner/.npm
unitcadmar-cycle	Run actions/setup-node@v4	2026-08-17T23:18:54.9632802Z Cache hit for: node-cache-Linux-x64-npm-f15ee16cadfb16c2733639dda1f0b58735a8af6e775ef040c2dea200bcc3360b
unitcadmar-cycle	Run actions/setup-node@v4	2026-08-17T23:18:54.9715356Z (node:2123) [DEP0169] DeprecationWarning: `url.parse()` behavior is not standardized and prone to errors that have security implications. Use the WHATWG URL API instead. CVEs are not issued for `url.parse()` vulnerabilities.
unitcadmar-cycle	Run actions/setup-node@v4	2026-08-17T23:18:55.8714885Z Received 3853891 of 3853891 (100.0%), 5.4 MBs/sec
unitcadmar-cycle	Run actions/setup-node@v4	2026-08-17T23:18:55.8715618Z Cache Size: ~4 MB (3853891 B)
unitcadmar-cycle	Run actions/setup-node@v4	2026-08-17T23:18:55.8735756Z [command]/usr/bin/tar -xf /home/runner/work/_temp/2db443f9-16dd-40fe-ac58-522b715c510a/cache.tzst -P -C /home/runner/work/undercast/undercast --use-compress-program unzstd
unitcadmar-cycle	Run actions/setup-node@v4	2026-08-17T23:18:55.8834696Z Cache restored successfully
unitcadmar-cycle	Run actions/setup-node@v4	2026-08-17T23:18:55.8839269Z Cache restored from key: node-cache-Linux-x64-npm-f15ee16cadfb16c2733639dda1f0b58735a8af6e775ef040c2dea200bcc3360b
unitcadmar-cycle	Recover exact Cadmar programs	﻿2026-08-17T23:18:55.8958246Z ##[group]Run set -euo pipefail
unitcadmar-cycle	Recover exact Cadmar programs	2026-08-17T23:18:55.8958557Z ^[[36;1mset -euo pipefail^[[0m
unitcadmar-cycle	Recover exact Cadmar programs	2026-08-17T23:18:55.8959056Z ^[[36;1mecho '7f44acab79a97e260e4114182d10f4e29ec8aac87cc924012ea0db04806a5712  .github/cadmar-programs.tar.xz' | sha256sum -c -^[[0m
unitcadmar-cycle	Recover exact Cadmar programs	2026-08-17T23:18:55.8959628Z ^[[36;1mtest "$(wc -c < .github/cadmar-programs.tar.xz | tr -d ' ')" = 17720^[[0m
unitcadmar-cycle	Recover exact Cadmar programs	2026-08-17T23:18:55.8959954Z ^[[36;1mrm -rf /tmp/unitcadmar-programs^[[0m
unitcadmar-cycle	Recover exact Cadmar programs	2026-08-17T23:18:55.8960206Z ^[[36;1mmkdir -p /tmp/unitcadmar-programs^[[0m
unitcadmar-cycle	Recover exact Cadmar programs	2026-08-17T23:18:55.8960524Z ^[[36;1mtar -xJf .github/cadmar-programs.tar.xz -C /tmp/unitcadmar-programs^[[0m
unitcadmar-cycle	Recover exact Cadmar programs	2026-08-17T23:18:55.8960827Z ^[[36;1mprintf '%s\n' \^[[0m
unitcadmar-cycle	Recover exact Cadmar programs	2026-08-17T23:18:55.8961268Z ^[[36;1m  '7b549fc412b66be406588b23ca81da7469fb0c3fcad411c0ca586a63623c7f3d  /tmp/unitcadmar-programs/unitcadmar-controller.sh' \^[[0m
unitcadmar-cycle	Recover exact Cadmar programs	2026-08-17T23:18:55.8962013Z ^[[36;1m  '2cb0ec7a81b6695270b7416acb689bedcb2b8ba6cd75b4f0d6b6c451f3191c2f  /tmp/unitcadmar-programs/unitcadmar-finalize.mjs' \^[[0m
unitcadmar-cycle	Recover exact Cadmar programs	2026-08-17T23:18:55.8962750Z ^[[36;1m  '46e713136579ff26a2da6cac98c63a3464cb9e01dc8c1c17779a3b8a061d0d56  /tmp/unitcadmar-programs/unitcadmar-prior-phase.mjs' \^[[0m
unitcadmar-cycle	Recover exact Cadmar programs	2026-08-17T23:18:55.8963478Z ^[[36;1m  '06cdff6e5ba6694bdafe775ccd211bc14ff2c1b5762c947d060e8c5e66fe8326  /tmp/unitcadmar-programs/unitcadmar-review.mjs' \^[[0m
unitcadmar-cycle	Recover exact Cadmar programs	2026-08-17T23:18:55.8964252Z ^[[36;1m  '67ca84cf6118775f9687da831d9e19048d426f2afc7a0188f5cef8354716b910  /tmp/unitcadmar-programs/unitcadmar-stage.mjs' > /tmp/unitcadmar-expected-sha256.txt^[[0m
unitcadmar-cycle	Recover exact Cadmar programs	2026-08-17T23:18:55.8964846Z ^[[36;1msha256sum -c /tmp/unitcadmar-expected-sha256.txt^[[0m
unitcadmar-cycle	Recover exact Cadmar programs	2026-08-17T23:18:55.8965352Z ^[[36;1mchmod +x /tmp/unitcadmar-programs/*^[[0m
unitcadmar-cycle	Recover exact Cadmar programs	2026-08-17T23:18:55.8965704Z ^[[36;1mbash -n /tmp/unitcadmar-programs/unitcadmar-controller.sh^[[0m
unitcadmar-cycle	Recover exact Cadmar programs	2026-08-17T23:18:55.8966068Z ^[[36;1mnode --check /tmp/unitcadmar-programs/unitcadmar-stage.mjs^[[0m
unitcadmar-cycle	Recover exact Cadmar programs	2026-08-17T23:18:55.8966437Z ^[[36;1mnode --check /tmp/unitcadmar-programs/unitcadmar-review.mjs^[[0m
unitcadmar-cycle	Recover exact Cadmar programs	2026-08-17T23:18:55.8966799Z ^[[36;1mnode --check /tmp/unitcadmar-programs/unitcadmar-prior-phase.mjs^[[0m
unitcadmar-cycle	Recover exact Cadmar programs	2026-08-17T23:18:55.8967185Z ^[[36;1mnode --check /tmp/unitcadmar-programs/unitcadmar-finalize.mjs^[[0m
unitcadmar-cycle	Recover exact Cadmar programs	2026-08-17T23:18:55.8967584Z ^[[36;1msha256sum /tmp/unitcadmar-programs/* > /tmp/unitcadmar-controller-sha256.txt^[[0m
unitcadmar-cycle	Recover exact Cadmar programs	2026-08-17T23:18:55.9009375Z shell: /usr/bin/bash -e {0}
unitcadmar-cycle	Recover exact Cadmar programs	2026-08-17T23:18:55.9009612Z env:
unitcadmar-cycle	Recover exact Cadmar programs	2026-08-17T23:18:55.9011911Z   GH_TOKEN: ***
unitcadmar-cycle	Recover exact Cadmar programs	2026-08-17T23:18:55.9012137Z   TEMP_BRANCH: agent/star-trek-cadmar-cycle-v1
unitcadmar-cycle	Recover exact Cadmar programs	2026-08-17T23:18:55.9012430Z   CANDIDATE_BRANCH: agent/star-trek-cadmar-candidate-v1
unitcadmar-cycle	Recover exact Cadmar programs	2026-08-17T23:18:55.9012736Z   EXPECTED_MAIN: 62076ebd77b5834700b7a0b26b2907285c580fe0
unitcadmar-cycle	Recover exact Cadmar programs	2026-08-17T23:18:55.9012987Z   MEDIA_PREP_RUN: 32076968696
unitcadmar-cycle	Recover exact Cadmar programs	2026-08-17T23:18:55.9013190Z   MEDIA_PREP_JOB: 95532132835
unitcadmar-cycle	Recover exact Cadmar programs	2026-08-17T23:18:55.9013383Z   MEDIA_PREP_ARTIFACT: 9303868667
unitcadmar-cycle	Recover exact Cadmar programs	2026-08-17T23:18:55.9013723Z   MEDIA_PREP_ARTIFACT_SHA: dd0996acbd7c4f4c15416aa63b6b906fc0d684ca574fb847f7c3de63223d7811
unitcadmar-cycle	Recover exact Cadmar programs	2026-08-17T23:18:55.9014072Z ##[endgroup]
unitcadmar-cycle	Recover exact Cadmar programs	2026-08-17T23:18:55.9104120Z sha256sum: WARNING: 1 computed checksum did NOT match
unitcadmar-cycle	Recover exact Cadmar programs	2026-08-17T23:18:55.9104559Z .github/cadmar-programs.tar.xz: FAILED
unitcadmar-cycle	Recover exact Cadmar programs	2026-08-17T23:18:55.9112616Z ##[error]Process completed with exit code 1.
unitcadmar-cycle	Remove temporary Cadmar refs	﻿2026-08-17T23:18:55.9170010Z ##[group]Run set +e
unitcadmar-cycle	Remove temporary Cadmar refs	2026-08-17T23:18:55.9170221Z ^[[36;1mset +e^[[0m
unitcadmar-cycle	Remove temporary Cadmar refs	2026-08-17T23:18:55.9170438Z ^[[36;1mgit push origin --delete "$CANDIDATE_BRANCH"^[[0m
unitcadmar-cycle	Remove temporary Cadmar refs	2026-08-17T23:18:55.9170709Z ^[[36;1mgit push origin --delete "$TEMP_BRANCH"^[[0m
unitcadmar-cycle	Remove temporary Cadmar refs	2026-08-17T23:18:55.9200507Z shell: /usr/bin/bash -e {0}
unitcadmar-cycle	Remove temporary Cadmar refs	2026-08-17T23:18:55.9200723Z env:
unitcadmar-cycle	Remove temporary Cadmar refs	2026-08-17T23:18:55.9202966Z   GH_TOKEN: ***
unitcadmar-cycle	Remove temporary Cadmar refs	2026-08-17T23:18:55.9203193Z   TEMP_BRANCH: agent/star-trek-cadmar-cycle-v1
unitcadmar-cycle	Remove temporary Cadmar refs	2026-08-17T23:18:55.9203488Z   CANDIDATE_BRANCH: agent/star-trek-cadmar-candidate-v1
unitcadmar-cycle	Remove temporary Cadmar refs	2026-08-17T23:18:55.9203794Z   EXPECTED_MAIN: 62076ebd77b5834700b7a0b26b2907285c580fe0
unitcadmar-cycle	Remove temporary Cadmar refs	2026-08-17T23:18:55.9204048Z   MEDIA_PREP_RUN: 32076968696
unitcadmar-cycle	Remove temporary Cadmar refs	2026-08-17T23:18:55.9204258Z   MEDIA_PREP_JOB: 95532132835
unitcadmar-cycle	Remove temporary Cadmar refs	2026-08-17T23:18:55.9204463Z   MEDIA_PREP_ARTIFACT: 9303868667
unitcadmar-cycle	Remove temporary Cadmar refs	2026-08-17T23:18:55.9204835Z   MEDIA_PREP_ARTIFACT_SHA: dd0996acbd7c4f4c15416aa63b6b906fc0d684ca574fb847f7c3de63223d7811
unitcadmar-cycle	Remove temporary Cadmar refs	2026-08-17T23:18:55.9205357Z ##[endgroup]
unitcadmar-cycle	Remove temporary Cadmar refs	2026-08-17T23:18:56.4611793Z error: unable to delete 'agent/star-trek-cadmar-candidate-v1': remote ref does not exist
unitcadmar-cycle	Remove temporary Cadmar refs	2026-08-17T23:18:56.4612839Z error: failed to push some refs to 'https://github.com/BigBirdReturns/undercast'
unitcadmar-cycle	Remove temporary Cadmar refs	2026-08-17T23:18:58.0020579Z To https://github.com/BigBirdReturns/undercast
unitcadmar-cycle	Remove temporary Cadmar refs	2026-08-17T23:18:58.0021037Z  - [deleted]         agent/star-trek-cadmar-cycle-v1
unitcadmar-cycle	Post Run actions/checkout@v4	﻿2026-08-17T23:18:58.0154728Z Node 20 is being deprecated. This workflow is running with Node 24 by default. If you need to temporarily use Node 20, you can set the ACTIONS_ALLOW_USE_UNSECURE_NODE_VERSION=true environment variable. For more information see: https://github.blog/changelog/2025-09-19-deprecation-of-node-20-on-github-actions-runners/
unitcadmar-cycle	Post Run actions/checkout@v4	2026-08-17T23:18:58.0155821Z Post job cleanup.
unitcadmar-cycle	Post Run actions/checkout@v4	2026-08-17T23:18:58.0872102Z [command]/usr/bin/git version
unitcadmar-cycle	Post Run actions/checkout@v4	2026-08-17T23:18:58.0906173Z git version 2.54.0
unitcadmar-cycle	Post Run actions/checkout@v4	2026-08-17T23:18:58.0936061Z Temporarily overriding HOME='/home/runner/work/_temp/99bc03f0-d986-4a58-8e84-78faf56b11f6' before making global git config changes
unitcadmar-cycle	Post Run actions/checkout@v4	2026-08-17T23:18:58.0937380Z Adding repository directory to the temporary git global config as a safe directory
unitcadmar-cycle	Post Run actions/checkout@v4	2026-08-17T23:18:58.0940726Z [command]/usr/bin/git config --global --add safe.directory /home/runner/work/undercast/undercast
unitcadmar-cycle	Post Run actions/checkout@v4	2026-08-17T23:18:58.0972461Z [command]/usr/bin/git config --local --name-only --get-regexp core\.sshCommand
unitcadmar-cycle	Post Run actions/checkout@v4	2026-08-17T23:18:58.1000980Z [command]/usr/bin/git submodule foreach --recursive sh -c "git config --local --name-only --get-regexp 'core\.sshCommand' && git config --local --unset-all 'core.sshCommand' || :"
unitcadmar-cycle	Post Run actions/checkout@v4	2026-08-17T23:18:58.1214969Z [command]/usr/bin/git config --local --name-only --get-regexp http\.https\:\/\/github\.com\/\.extraheader
unitcadmar-cycle	Post Run actions/checkout@v4	2026-08-17T23:18:58.1235643Z http.https://github.com/.extraheader
unitcadmar-cycle	Post Run actions/checkout@v4	2026-08-17T23:18:58.1244462Z [command]/usr/bin/git config --local --unset-all http.https://github.com/.extraheader
unitcadmar-cycle	Post Run actions/checkout@v4	2026-08-17T23:18:58.1272856Z [command]/usr/bin/git submodule foreach --recursive sh -c "git config --local --name-only --get-regexp 'http\.https\:\/\/github\.com\/\.extraheader' && git config --local --unset-all 'http.https://github.com/.extraheader' || :"
unitcadmar-cycle	Post Run actions/checkout@v4	2026-08-17T23:18:58.1493673Z [command]/usr/bin/git config --local --name-only --get-regexp ^includeIf\.gitdir:
unitcadmar-cycle	Post Run actions/checkout@v4	2026-08-17T23:18:58.1524142Z [command]/usr/bin/git submodule foreach --recursive git config --local --show-origin --name-only --get-regexp remote.origin.url
unitcadmar-cycle	Complete job	﻿2026-08-17T23:18:58.1843473Z Cleaning up orphan processes
unitcadmar-cycle	Complete job	2026-08-17T23:18:58.2064038Z ##[warning]Node.js 20 is deprecated. The following actions target Node.js 20 but are being forced to run on Node.js 24: actions/checkout@v4, actions/setup-node@v4. For more information see: https://github.blog/changelog/2025-09-19-deprecation-of-node-20-on-github-actions-runners/
