unitcadmar-cycle	Recover exact Cadmar programs	﻿2026-08-17T23:18:55.8958246Z ##[group]Run set -euo pipefail
unitcadmar-cycle	Recover exact Cadmar programs	2026-08-17T23:18:55.8958557Z ^[[36;1mset -euo pipefail^[[0m
unitcadmar-cycle	Recover exact Cadmar programs	2026-08-17T23:18:55.8959056Z ^[[36;1mecho '7f44acab79a97e260e4114182d10f4e29ec8aac87cc924012ea0db04806a5712  .github/cadmar-programs.tar.xz' | sha256sum -c -^[[0m
unitcadmar-cycle	Recover exact Cadmar programs	2026-08-17T23:18:55.8959628Z ^[[36;1mtest "$(wc -c < .github/cadmar-programs.tar.xz | tr -d ' ')" = 17720^[[0m
unitcadmar-cycle	Recover exact Cadmar programs	2026-08-17T23:18:55.8959954Z ^[[36;1mrm -rf /tmp/unitcadmar-programs^[[0m
unitcadmar-cycle	Recover exact Cadmar programs	2026-08-17T23:18:55.8960206Z ^[[36;1mmkdir -p /tmp/unitcadmar-programs^[[0m
unitcadmar-cycle	Recover exact Cadmar programs	2026-08-17T23:18:55.8960524Z ^[[36;1mtar -xJf .github/cadmar-programs.tar.xz -C /tmp/unitcadmar-programs^[[0m
unitcadmar-cycle	Recover exact Cadmar programs	2026-08-17T23:18:55.8960827Z ^[[36;1mprintf '%s\n' \^[[0m
unitcadmar-cycle	Recover exact Cadmar programs	2026-08-17T23:18:55.8961268Z ^[[36;1m  '7b549fc412b66be406588b23ca81da7469fb0c3fcad411c0ca586a63623c7f3d  /tmp/unitcadmar-programs/unitcadmar-controller.sh' \^[[0m
unitcadmar-cycle	Recover exact Cadmar programs	2026-08-17T23:18:55.8962013Z ^[[36;1m  '2cb0ec7a81b6695270b7416acb689bedcb2b8ba6cd75b4f0d6b6c451f3191c2f  /tmp/unitcadmar-programs/unitcadmar-finalize.mjs' \^[[0m
unitcadmar-cycle	Recover exact Cadmar programs	2026-08-17T23:18:55.8962750Z ^[[36;1m  '46e713136579ff26a2da6cac98c63a3464cb9e01dc8c1c17779a3b8a061d0d56  /tmp/unitcadmar-programs/unitcadmar-prior-phase.mjs' \^[[0m
unitcadmar-cycle	Recover exact Cadmar programs	2026-08-17T23:18:55.8963478Z ^[[36;1m  '06cdff6e5ba6694bdafe775ccd211bc14ff2c1b5762c947d060e8c5e66fe8326  /tmp/unitcadmar-programs/unitcadmar-review.mjs' \^[[0m
unitcadmar-cycle	Recover exact Cadmar programs	2026-08-17T23:18:55.8964252Z ^[[36;1m  '67ca84cf6118775f9687da831d9e19048d426f2afc7a0188f5cef8354716b910  /tmp/unitcadmar-programs/unitcadmar-stage.mjs' > /tmp/unitcadmar-expected-sha256.txt^[[0m
unitcadmar-cycle	Recover exact Cadmar programs	2026-08-17T23:18:55.8964846Z ^[[36;1msha256sum -c /tmp/unitcadmar-expected-sha256.txt^[[0m
unitcadmar-cycle	Recover exact Cadmar programs	2026-08-17T23:18:55.8965352Z ^[[36;1mchmod +x /tmp/unitcadmar-programs/*^[[0m
unitcadmar-cycle	Recover exact Cadmar programs	2026-08-17T23:18:55.8965704Z ^[[36;1mbash -n /tmp/unitcadmar-programs/unitcadmar-controller.sh^[[0m
unitcadmar-cycle	Recover exact Cadmar programs	2026-08-17T23:18:55.8966068Z ^[[36;1mnode --check /tmp/unitcadmar-programs/unitcadmar-stage.mjs^[[0m
unitcadmar-cycle	Recover exact Cadmar programs	2026-08-17T23:18:55.8966437Z ^[[36;1mnode --check /tmp/unitcadmar-programs/unitcadmar-review.mjs^[[0m
unitcadmar-cycle	Recover exact Cadmar programs	2026-08-17T23:18:55.8966799Z ^[[36;1mnode --check /tmp/unitcadmar-programs/unitcadmar-prior-phase.mjs^[[0m
unitcadmar-cycle	Recover exact Cadmar programs	2026-08-17T23:18:55.8967185Z ^[[36;1mnode --check /tmp/unitcadmar-programs/unitcadmar-finalize.mjs^[[0m
unitcadmar-cycle	Recover exact Cadmar programs	2026-08-17T23:18:55.8967584Z ^[[36;1msha256sum /tmp/unitcadmar-programs/* > /tmp/unitcadmar-controller-sha256.txt^[[0m
unitcadmar-cycle	Recover exact Cadmar programs	2026-08-17T23:18:55.9009375Z shell: /usr/bin/bash -e {0}
unitcadmar-cycle	Recover exact Cadmar programs	2026-08-17T23:18:55.9009612Z env:
unitcadmar-cycle	Recover exact Cadmar programs	2026-08-17T23:18:55.9011911Z   GH_TOKEN: ***
unitcadmar-cycle	Recover exact Cadmar programs	2026-08-17T23:18:55.9012137Z   TEMP_BRANCH: agent/star-trek-cadmar-cycle-v1
unitcadmar-cycle	Recover exact Cadmar programs	2026-08-17T23:18:55.9012430Z   CANDIDATE_BRANCH: agent/star-trek-cadmar-candidate-v1
unitcadmar-cycle	Recover exact Cadmar programs	2026-08-17T23:18:55.9012736Z   EXPECTED_MAIN: 62076ebd77b5834700b7a0b26b2907285c580fe0
unitcadmar-cycle	Recover exact Cadmar programs	2026-08-17T23:18:55.9012987Z   MEDIA_PREP_RUN: 32076968696
unitcadmar-cycle	Recover exact Cadmar programs	2026-08-17T23:18:55.9013190Z   MEDIA_PREP_JOB: 95532132835
unitcadmar-cycle	Recover exact Cadmar programs	2026-08-17T23:18:55.9013383Z   MEDIA_PREP_ARTIFACT: 9303868667
unitcadmar-cycle	Recover exact Cadmar programs	2026-08-17T23:18:55.9013723Z   MEDIA_PREP_ARTIFACT_SHA: dd0996acbd7c4f4c15416aa63b6b906fc0d684ca574fb847f7c3de63223d7811
unitcadmar-cycle	Recover exact Cadmar programs	2026-08-17T23:18:55.9014072Z ##[endgroup]
unitcadmar-cycle	Recover exact Cadmar programs	2026-08-17T23:18:55.9104120Z sha256sum: WARNING: 1 computed checksum did NOT match
unitcadmar-cycle	Recover exact Cadmar programs	2026-08-17T23:18:55.9104559Z .github/cadmar-programs.tar.xz: FAILED
unitcadmar-cycle	Recover exact Cadmar programs	2026-08-17T23:18:55.9112616Z ##[error]Process completed with exit code 1.
