audit	Set up job	﻿2026-08-24T11:51:05.1072652Z Current runner version: '2.336.0'
audit	Set up job	2026-08-24T11:51:05.1097515Z ##[group]Runner Image Provisioner
audit	Set up job	2026-08-24T11:51:05.1098478Z Hosted Compute Agent
audit	Set up job	2026-08-24T11:51:05.1099129Z Version: 20260729.566
audit	Set up job	2026-08-24T11:51:05.1099875Z Commit: cf7153fe6e25b664e8693c24944bf2b00355d109
audit	Set up job	2026-08-24T11:51:05.1100638Z Build Date: 2026-07-29T19:17:02Z
audit	Set up job	2026-08-24T11:51:05.1101357Z Worker ID: {3190268b-4194-4c26-8d62-2cbc2a72a9e6}
audit	Set up job	2026-08-24T11:51:05.1102453Z Azure Region: westus
audit	Set up job	2026-08-24T11:51:05.1103041Z ##[endgroup]
audit	Set up job	2026-08-24T11:51:05.1104595Z ##[group]Operating System
audit	Set up job	2026-08-24T11:51:05.1105424Z Ubuntu
audit	Set up job	2026-08-24T11:51:05.1105949Z 24.04.4
audit	Set up job	2026-08-24T11:51:05.1106539Z LTS
audit	Set up job	2026-08-24T11:51:05.1107107Z ##[endgroup]
audit	Set up job	2026-08-24T11:51:05.1107723Z ##[group]Runner Image
audit	Set up job	2026-08-24T11:51:05.1108378Z Image: ubuntu-24.04
audit	Set up job	2026-08-24T11:51:05.1108941Z Version: 20260816.277.1
audit	Set up job	2026-08-24T11:51:05.1110067Z Included Software: https://github.com/actions/runner-images/blob/ubuntu24/20260816.277/images/ubuntu/Ubuntu2404-Readme.md
audit	Set up job	2026-08-24T11:51:05.1112377Z Image Release: https://github.com/actions/runner-images/releases/tag/ubuntu24%2F20260816.277
audit	Set up job	2026-08-24T11:51:05.1113462Z ##[endgroup]
audit	Set up job	2026-08-24T11:51:05.1114526Z ##[group]GITHUB_TOKEN Permissions
audit	Set up job	2026-08-24T11:51:05.1116711Z Contents: write
audit	Set up job	2026-08-24T11:51:05.1117370Z Metadata: read
audit	Set up job	2026-08-24T11:51:05.1118086Z ##[endgroup]
audit	Set up job	2026-08-24T11:51:05.1120063Z Secret source: Actions
audit	Set up job	2026-08-24T11:51:05.1121262Z Prepare workflow directory
audit	Set up job	2026-08-24T11:51:05.1516440Z Prepare all required actions
audit	Set up job	2026-08-24T11:51:05.1566450Z Getting action download info
audit	Set up job	2026-08-24T11:51:05.5050281Z Download action repository 'actions/checkout@v4' (SHA:11d5960a326750d5838078e36cf38b85af677262)
audit	Set up job	2026-08-24T11:51:05.6565363Z Download action repository 'actions/setup-node@v4' (SHA:49933ea5288caeca8642d1e84afbd3f7d6820020)
audit	Set up job	2026-08-24T11:51:05.7851563Z Download action repository 'actions/upload-artifact@v4' (SHA:ea165f8d65b6e75b540449e92b4886f43607fa02)
audit	Set up job	2026-08-24T11:51:05.9982852Z Complete job name: audit
audit	Run actions/checkout@v4	﻿2026-08-24T11:51:06.0738830Z Node 20 is being deprecated. This workflow is running with Node 24 by default. If you need to temporarily use Node 20, you can set the ACTIONS_ALLOW_USE_UNSECURE_NODE_VERSION=true environment variable. For more information see: https://github.blog/changelog/2025-09-19-deprecation-of-node-20-on-github-actions-runners/
audit	Run actions/checkout@v4	2026-08-24T11:51:06.0749706Z ##[group]Run actions/checkout@v4
audit	Run actions/checkout@v4	2026-08-24T11:51:06.0750990Z with:
audit	Run actions/checkout@v4	2026-08-24T11:51:06.0752063Z   fetch-depth: 1
audit	Run actions/checkout@v4	2026-08-24T11:51:06.0752975Z   repository: BigBirdReturns/undercast
audit	Run actions/checkout@v4	2026-08-24T11:51:06.0760733Z   token: ***
audit	Run actions/checkout@v4	2026-08-24T11:51:06.0761587Z   ssh-strict: true
audit	Run actions/checkout@v4	2026-08-24T11:51:06.0762595Z   ssh-user: git
audit	Run actions/checkout@v4	2026-08-24T11:51:06.0763339Z   persist-credentials: true
audit	Run actions/checkout@v4	2026-08-24T11:51:06.0763954Z   clean: true
audit	Run actions/checkout@v4	2026-08-24T11:51:06.0764409Z   sparse-checkout-cone-mode: true
audit	Run actions/checkout@v4	2026-08-24T11:51:06.0764939Z   fetch-tags: false
audit	Run actions/checkout@v4	2026-08-24T11:51:06.0765400Z   show-progress: true
audit	Run actions/checkout@v4	2026-08-24T11:51:06.0765856Z   lfs: false
audit	Run actions/checkout@v4	2026-08-24T11:51:06.0766296Z   submodules: false
audit	Run actions/checkout@v4	2026-08-24T11:51:06.0766820Z   set-safe-directory: true
audit	Run actions/checkout@v4	2026-08-24T11:51:06.0767375Z   allow-unsafe-pr-checkout: false
audit	Run actions/checkout@v4	2026-08-24T11:51:06.0768286Z env:
audit	Run actions/checkout@v4	2026-08-24T11:51:06.0768876Z   RESULT_BRANCH: agent/star-trek-rolling-syntax-audit-result-v1
audit	Run actions/checkout@v4	2026-08-24T11:51:06.0769630Z   ROOT: /tmp/star-trek-rolling-syntax-audit-v1
audit	Run actions/checkout@v4	2026-08-24T11:51:06.0770221Z ##[endgroup]
audit	Run actions/checkout@v4	2026-08-24T11:51:06.1755662Z Syncing repository: BigBirdReturns/undercast
audit	Run actions/checkout@v4	2026-08-24T11:51:06.1758577Z ##[group]Getting Git version info
audit	Run actions/checkout@v4	2026-08-24T11:51:06.1759866Z Working directory is '/home/runner/work/undercast/undercast'
audit	Run actions/checkout@v4	2026-08-24T11:51:06.1793322Z [command]/usr/bin/git version
audit	Run actions/checkout@v4	2026-08-24T11:51:06.1916463Z git version 2.55.0
audit	Run actions/checkout@v4	2026-08-24T11:51:06.1976509Z ##[endgroup]
audit	Run actions/checkout@v4	2026-08-24T11:51:06.1994140Z Temporarily overriding HOME='/home/runner/work/_temp/4388bc42-143f-4541-af76-def6624f7747' before making global git config changes
audit	Run actions/checkout@v4	2026-08-24T11:51:06.1996890Z Adding repository directory to the temporary git global config as a safe directory
audit	Run actions/checkout@v4	2026-08-24T11:51:06.2001068Z [command]/usr/bin/git config --global --add safe.directory /home/runner/work/undercast/undercast
audit	Run actions/checkout@v4	2026-08-24T11:51:06.2064837Z Deleting the contents of '/home/runner/work/undercast/undercast'
audit	Run actions/checkout@v4	2026-08-24T11:51:06.2070735Z ##[group]Initializing the repository
audit	Run actions/checkout@v4	2026-08-24T11:51:06.2076524Z [command]/usr/bin/git init /home/runner/work/undercast/undercast
audit	Run actions/checkout@v4	2026-08-24T11:51:06.2209029Z hint: Using 'master' as the name for the initial branch. This default branch name
audit	Run actions/checkout@v4	2026-08-24T11:51:06.2211030Z hint: will change to "main" in Git 3.0. To configure the initial branch name
audit	Run actions/checkout@v4	2026-08-24T11:51:06.2217236Z hint: to use in all of your new repositories, which will suppress this warning,
audit	Run actions/checkout@v4	2026-08-24T11:51:06.2218639Z hint: call:
audit	Run actions/checkout@v4	2026-08-24T11:51:06.2219380Z hint:
audit	Run actions/checkout@v4	2026-08-24T11:51:06.2220293Z hint: 	git config --global init.defaultBranch <name>
audit	Run actions/checkout@v4	2026-08-24T11:51:06.2221392Z hint:
audit	Run actions/checkout@v4	2026-08-24T11:51:06.2222672Z hint: Names commonly chosen instead of 'master' are 'main', 'trunk' and
audit	Run actions/checkout@v4	2026-08-24T11:51:06.2224351Z hint: 'development'. The just-created branch can be renamed via this command:
audit	Run actions/checkout@v4	2026-08-24T11:51:06.2225686Z hint:
audit	Run actions/checkout@v4	2026-08-24T11:51:06.2226443Z hint: 	git branch -m <name>
audit	Run actions/checkout@v4	2026-08-24T11:51:06.2227306Z hint:
audit	Run actions/checkout@v4	2026-08-24T11:51:06.2228410Z hint: Disable this message with "git config set advice.defaultBranchName false"
audit	Run actions/checkout@v4	2026-08-24T11:51:06.2230568Z Initialized empty Git repository in /home/runner/work/undercast/undercast/.git/
audit	Run actions/checkout@v4	2026-08-24T11:51:06.2233936Z [command]/usr/bin/git remote add origin https://github.com/BigBirdReturns/undercast
audit	Run actions/checkout@v4	2026-08-24T11:51:06.2305802Z ##[endgroup]
audit	Run actions/checkout@v4	2026-08-24T11:51:06.2307144Z ##[group]Disabling automatic garbage collection
audit	Run actions/checkout@v4	2026-08-24T11:51:06.2308197Z [command]/usr/bin/git config --local gc.auto 0
audit	Run actions/checkout@v4	2026-08-24T11:51:06.2346323Z ##[endgroup]
audit	Run actions/checkout@v4	2026-08-24T11:51:06.2347908Z ##[group]Setting up auth
audit	Run actions/checkout@v4	2026-08-24T11:51:06.2354585Z [command]/usr/bin/git config --local --name-only --get-regexp core\.sshCommand
audit	Run actions/checkout@v4	2026-08-24T11:51:06.2402668Z [command]/usr/bin/git submodule foreach --recursive sh -c "git config --local --name-only --get-regexp 'core\.sshCommand' && git config --local --unset-all 'core.sshCommand' || :"
audit	Run actions/checkout@v4	2026-08-24T11:51:06.2817395Z [command]/usr/bin/git config --local --name-only --get-regexp http\.https\:\/\/github\.com\/\.extraheader
audit	Run actions/checkout@v4	2026-08-24T11:51:06.2856810Z [command]/usr/bin/git submodule foreach --recursive sh -c "git config --local --name-only --get-regexp 'http\.https\:\/\/github\.com\/\.extraheader' && git config --local --unset-all 'http.https://github.com/.extraheader' || :"
audit	Run actions/checkout@v4	2026-08-24T11:51:06.3080085Z [command]/usr/bin/git config --local --name-only --get-regexp ^includeIf\.gitdir:
audit	Run actions/checkout@v4	2026-08-24T11:51:06.3118679Z [command]/usr/bin/git submodule foreach --recursive git config --local --show-origin --name-only --get-regexp remote.origin.url
audit	Run actions/checkout@v4	2026-08-24T11:51:06.3340188Z [command]/usr/bin/git config --local http.https://github.com/.extraheader AUTHORIZATION: basic ***
audit	Run actions/checkout@v4	2026-08-24T11:51:06.3378960Z ##[endgroup]
audit	Run actions/checkout@v4	2026-08-24T11:51:06.3392769Z ##[group]Fetching the repository
audit	Run actions/checkout@v4	2026-08-24T11:51:06.3394664Z [command]/usr/bin/git -c protocol.version=2 fetch --no-tags --prune --no-recurse-submodules --depth=1 origin +0464a7dcaa20655f4d7315a36fe1af285d04cf0d:refs/remotes/origin/agent/star-trek-rolling-continuation-v1
audit	Run actions/checkout@v4	2026-08-24T11:51:17.2472972Z ##[error]The operation was canceled.
audit	Post Run actions/checkout@v4	﻿2026-08-24T11:51:17.2885904Z Node 20 is being deprecated. This workflow is running with Node 24 by default. If you need to temporarily use Node 20, you can set the ACTIONS_ALLOW_USE_UNSECURE_NODE_VERSION=true environment variable. For more information see: https://github.blog/changelog/2025-09-19-deprecation-of-node-20-on-github-actions-runners/
audit	Post Run actions/checkout@v4	2026-08-24T11:51:17.2895328Z Post job cleanup.
audit	Post Run actions/checkout@v4	2026-08-24T11:51:17.3764230Z [command]/usr/bin/git version
audit	Post Run actions/checkout@v4	2026-08-24T11:51:17.3807077Z git version 2.55.0
audit	Post Run actions/checkout@v4	2026-08-24T11:51:17.3855273Z Temporarily overriding HOME='/home/runner/work/_temp/67c1a638-f375-4bce-aadc-fbc1bb6ff60f' before making global git config changes
audit	Post Run actions/checkout@v4	2026-08-24T11:51:17.3860536Z Adding repository directory to the temporary git global config as a safe directory
audit	Post Run actions/checkout@v4	2026-08-24T11:51:17.3865139Z [command]/usr/bin/git config --global --add safe.directory /home/runner/work/undercast/undercast
audit	Post Run actions/checkout@v4	2026-08-24T11:51:17.3898197Z [command]/usr/bin/git config --local --name-only --get-regexp core\.sshCommand
audit	Post Run actions/checkout@v4	2026-08-24T11:51:17.3939437Z [command]/usr/bin/git submodule foreach --recursive sh -c "git config --local --name-only --get-regexp 'core\.sshCommand' && git config --local --unset-all 'core.sshCommand' || :"
audit	Post Run actions/checkout@v4	2026-08-24T11:51:17.4278312Z [command]/usr/bin/git config --local --name-only --get-regexp http\.https\:\/\/github\.com\/\.extraheader
audit	Post Run actions/checkout@v4	2026-08-24T11:51:17.4282567Z http.https://github.com/.extraheader
audit	Post Run actions/checkout@v4	2026-08-24T11:51:17.4319115Z [command]/usr/bin/git config --local --unset-all http.https://github.com/.extraheader
audit	Post Run actions/checkout@v4	2026-08-24T11:51:17.4436219Z [command]/usr/bin/git submodule foreach --recursive sh -c "git config --local --name-only --get-regexp 'http\.https\:\/\/github\.com\/\.extraheader' && git config --local --unset-all 'http.https://github.com/.extraheader' || :"
audit	Post Run actions/checkout@v4	2026-08-24T11:51:17.4777857Z [command]/usr/bin/git config --local --name-only --get-regexp ^includeIf\.gitdir:
audit	Post Run actions/checkout@v4	2026-08-24T11:51:17.4815773Z [command]/usr/bin/git submodule foreach --recursive git config --local --show-origin --name-only --get-regexp remote.origin.url
audit	Complete job	﻿2026-08-24T11:51:17.5240835Z Cleaning up orphan processes
audit	Complete job	2026-08-24T11:51:17.5649445Z Terminate orphan process: pid (2296) (git)
audit	Complete job	2026-08-24T11:51:17.5782663Z Terminate orphan process: pid (2297) (git)
audit	Complete job	2026-08-24T11:51:17.5812342Z ##[warning]Node.js 20 is deprecated. The following actions target Node.js 20 but are being forced to run on Node.js 24: actions/checkout@v4. For more information see: https://github.blog/changelog/2025-09-19-deprecation-of-node-20-on-github-actions-runners/
