cleanup	Set up job	﻿2026-08-24T11:54:36.3582568Z Current runner version: '2.336.0'
cleanup	Set up job	2026-08-24T11:54:36.3609194Z ##[group]Runner Image Provisioner
cleanup	Set up job	2026-08-24T11:54:36.3610079Z Hosted Compute Agent
cleanup	Set up job	2026-08-24T11:54:36.3610836Z Version: 20260729.566
cleanup	Set up job	2026-08-24T11:54:36.3611481Z Commit: cf7153fe6e25b664e8693c24944bf2b00355d109
cleanup	Set up job	2026-08-24T11:54:36.3612612Z Build Date: 2026-07-29T19:17:02Z
cleanup	Set up job	2026-08-24T11:54:36.3613479Z Worker ID: {a0f3c8a6-ad81-4db1-a866-d9342eeadf38}
cleanup	Set up job	2026-08-24T11:54:36.3614224Z Azure Region: eastus2
cleanup	Set up job	2026-08-24T11:54:36.3614919Z ##[endgroup]
cleanup	Set up job	2026-08-24T11:54:36.3616389Z ##[group]Operating System
cleanup	Set up job	2026-08-24T11:54:36.3617030Z Ubuntu
cleanup	Set up job	2026-08-24T11:54:36.3617713Z 24.04.4
cleanup	Set up job	2026-08-24T11:54:36.3618286Z LTS
cleanup	Set up job	2026-08-24T11:54:36.3618882Z ##[endgroup]
cleanup	Set up job	2026-08-24T11:54:36.3619474Z ##[group]Runner Image
cleanup	Set up job	2026-08-24T11:54:36.3620096Z Image: ubuntu-24.04
cleanup	Set up job	2026-08-24T11:54:36.3620774Z Version: 20260816.277.1
cleanup	Set up job	2026-08-24T11:54:36.3622064Z Included Software: https://github.com/actions/runner-images/blob/ubuntu24/20260816.277/images/ubuntu/Ubuntu2404-Readme.md
cleanup	Set up job	2026-08-24T11:54:36.3623913Z Image Release: https://github.com/actions/runner-images/releases/tag/ubuntu24%2F20260816.277
cleanup	Set up job	2026-08-24T11:54:36.3625166Z ##[endgroup]
cleanup	Set up job	2026-08-24T11:54:36.3627025Z ##[group]GITHUB_TOKEN Permissions
cleanup	Set up job	2026-08-24T11:54:36.3629747Z Contents: write
cleanup	Set up job	2026-08-24T11:54:36.3630813Z Metadata: read
cleanup	Set up job	2026-08-24T11:54:36.3631628Z ##[endgroup]
cleanup	Set up job	2026-08-24T11:54:36.3635928Z Secret source: Actions
cleanup	Set up job	2026-08-24T11:54:36.3638225Z Prepare workflow directory
cleanup	Set up job	2026-08-24T11:54:36.3979622Z Prepare all required actions
cleanup	Set up job	2026-08-24T11:54:36.4028046Z Getting action download info
cleanup	Set up job	2026-08-24T11:54:36.6070510Z Download action repository 'actions/checkout@v4' (SHA:11d5960a326750d5838078e36cf38b85af677262)
cleanup	Set up job	2026-08-24T11:54:36.8171134Z Complete job name: cleanup
cleanup	Run actions/checkout@v4	﻿2026-08-24T11:54:36.9094230Z Node 20 is being deprecated. This workflow is running with Node 24 by default. If you need to temporarily use Node 20, you can set the ACTIONS_ALLOW_USE_UNSECURE_NODE_VERSION=true environment variable. For more information see: https://github.blog/changelog/2025-09-19-deprecation-of-node-20-on-github-actions-runners/
cleanup	Run actions/checkout@v4	2026-08-24T11:54:36.9103587Z ##[group]Run actions/checkout@v4
cleanup	Run actions/checkout@v4	2026-08-24T11:54:36.9104311Z with:
cleanup	Run actions/checkout@v4	2026-08-24T11:54:36.9104749Z   fetch-depth: 1
cleanup	Run actions/checkout@v4	2026-08-24T11:54:36.9105237Z   repository: BigBirdReturns/undercast
cleanup	Run actions/checkout@v4	2026-08-24T11:54:36.9109358Z   token: ***
cleanup	Run actions/checkout@v4	2026-08-24T11:54:36.9109798Z   ssh-strict: true
cleanup	Run actions/checkout@v4	2026-08-24T11:54:36.9110242Z   ssh-user: git
cleanup	Run actions/checkout@v4	2026-08-24T11:54:36.9110695Z   persist-credentials: true
cleanup	Run actions/checkout@v4	2026-08-24T11:54:36.9111202Z   clean: true
cleanup	Run actions/checkout@v4	2026-08-24T11:54:36.9111660Z   sparse-checkout-cone-mode: true
cleanup	Run actions/checkout@v4	2026-08-24T11:54:36.9112355Z   fetch-tags: false
cleanup	Run actions/checkout@v4	2026-08-24T11:54:36.9112817Z   show-progress: true
cleanup	Run actions/checkout@v4	2026-08-24T11:54:36.9113262Z   lfs: false
cleanup	Run actions/checkout@v4	2026-08-24T11:54:36.9113694Z   submodules: false
cleanup	Run actions/checkout@v4	2026-08-24T11:54:36.9114292Z   set-safe-directory: true
cleanup	Run actions/checkout@v4	2026-08-24T11:54:36.9114807Z   allow-unsafe-pr-checkout: false
cleanup	Run actions/checkout@v4	2026-08-24T11:54:36.9115536Z ##[endgroup]
cleanup	Run actions/checkout@v4	2026-08-24T11:54:37.0162786Z Syncing repository: BigBirdReturns/undercast
cleanup	Run actions/checkout@v4	2026-08-24T11:54:37.0165677Z ##[group]Getting Git version info
cleanup	Run actions/checkout@v4	2026-08-24T11:54:37.0166790Z Working directory is '/home/runner/work/undercast/undercast'
cleanup	Run actions/checkout@v4	2026-08-24T11:54:37.0168533Z [command]/usr/bin/git version
cleanup	Run actions/checkout@v4	2026-08-24T11:54:37.0209047Z git version 2.55.0
cleanup	Run actions/checkout@v4	2026-08-24T11:54:37.0230927Z ##[endgroup]
cleanup	Run actions/checkout@v4	2026-08-24T11:54:37.0247054Z Temporarily overriding HOME='/home/runner/work/_temp/bd84eb82-7501-433a-bab7-f7a366eb7e37' before making global git config changes
cleanup	Run actions/checkout@v4	2026-08-24T11:54:37.0249110Z Adding repository directory to the temporary git global config as a safe directory
cleanup	Run actions/checkout@v4	2026-08-24T11:54:37.0252257Z [command]/usr/bin/git config --global --add safe.directory /home/runner/work/undercast/undercast
cleanup	Run actions/checkout@v4	2026-08-24T11:54:37.0314296Z Deleting the contents of '/home/runner/work/undercast/undercast'
cleanup	Run actions/checkout@v4	2026-08-24T11:54:37.0317111Z ##[group]Initializing the repository
cleanup	Run actions/checkout@v4	2026-08-24T11:54:37.0323314Z [command]/usr/bin/git init /home/runner/work/undercast/undercast
cleanup	Run actions/checkout@v4	2026-08-24T11:54:37.0415109Z hint: Using 'master' as the name for the initial branch. This default branch name
cleanup	Run actions/checkout@v4	2026-08-24T11:54:37.0416827Z hint: will change to "main" in Git 3.0. To configure the initial branch name
cleanup	Run actions/checkout@v4	2026-08-24T11:54:37.0418044Z hint: to use in all of your new repositories, which will suppress this warning,
cleanup	Run actions/checkout@v4	2026-08-24T11:54:37.0419381Z hint: call:
cleanup	Run actions/checkout@v4	2026-08-24T11:54:37.0420074Z hint:
cleanup	Run actions/checkout@v4	2026-08-24T11:54:37.0420910Z hint: 	git config --global init.defaultBranch <name>
cleanup	Run actions/checkout@v4	2026-08-24T11:54:37.0421743Z hint:
cleanup	Run actions/checkout@v4	2026-08-24T11:54:37.0422801Z hint: Names commonly chosen instead of 'master' are 'main', 'trunk' and
cleanup	Run actions/checkout@v4	2026-08-24T11:54:37.0423997Z hint: 'development'. The just-created branch can be renamed via this command:
cleanup	Run actions/checkout@v4	2026-08-24T11:54:37.0424924Z hint:
cleanup	Run actions/checkout@v4	2026-08-24T11:54:37.0425623Z hint: 	git branch -m <name>
cleanup	Run actions/checkout@v4	2026-08-24T11:54:37.0426350Z hint:
cleanup	Run actions/checkout@v4	2026-08-24T11:54:37.0427273Z hint: Disable this message with "git config set advice.defaultBranchName false"
cleanup	Run actions/checkout@v4	2026-08-24T11:54:37.0432942Z Initialized empty Git repository in /home/runner/work/undercast/undercast/.git/
cleanup	Run actions/checkout@v4	2026-08-24T11:54:37.0443544Z [command]/usr/bin/git remote add origin https://github.com/BigBirdReturns/undercast
cleanup	Run actions/checkout@v4	2026-08-24T11:54:37.0526566Z ##[endgroup]
cleanup	Run actions/checkout@v4	2026-08-24T11:54:37.0527806Z ##[group]Disabling automatic garbage collection
cleanup	Run actions/checkout@v4	2026-08-24T11:54:37.0530143Z [command]/usr/bin/git config --local gc.auto 0
cleanup	Run actions/checkout@v4	2026-08-24T11:54:37.0564294Z ##[endgroup]
cleanup	Run actions/checkout@v4	2026-08-24T11:54:37.0565562Z ##[group]Setting up auth
cleanup	Run actions/checkout@v4	2026-08-24T11:54:37.0570578Z [command]/usr/bin/git config --local --name-only --get-regexp core\.sshCommand
cleanup	Run actions/checkout@v4	2026-08-24T11:54:37.0605727Z [command]/usr/bin/git submodule foreach --recursive sh -c "git config --local --name-only --get-regexp 'core\.sshCommand' && git config --local --unset-all 'core.sshCommand' || :"
cleanup	Run actions/checkout@v4	2026-08-24T11:54:37.0971624Z [command]/usr/bin/git config --local --name-only --get-regexp http\.https\:\/\/github\.com\/\.extraheader
cleanup	Run actions/checkout@v4	2026-08-24T11:54:37.1025053Z [command]/usr/bin/git submodule foreach --recursive sh -c "git config --local --name-only --get-regexp 'http\.https\:\/\/github\.com\/\.extraheader' && git config --local --unset-all 'http.https://github.com/.extraheader' || :"
cleanup	Run actions/checkout@v4	2026-08-24T11:54:37.1280045Z [command]/usr/bin/git config --local --name-only --get-regexp ^includeIf\.gitdir:
cleanup	Run actions/checkout@v4	2026-08-24T11:54:37.1320778Z [command]/usr/bin/git submodule foreach --recursive git config --local --show-origin --name-only --get-regexp remote.origin.url
cleanup	Run actions/checkout@v4	2026-08-24T11:54:37.1567297Z [command]/usr/bin/git config --local http.https://github.com/.extraheader AUTHORIZATION: basic ***
cleanup	Run actions/checkout@v4	2026-08-24T11:54:37.1608708Z ##[endgroup]
cleanup	Run actions/checkout@v4	2026-08-24T11:54:37.1609532Z ##[group]Fetching the repository
cleanup	Run actions/checkout@v4	2026-08-24T11:54:37.1618788Z [command]/usr/bin/git -c protocol.version=2 fetch --no-tags --prune --no-recurse-submodules --depth=1 origin +d7511e6ea41ba4d041842a05d436280b04b15bdc:refs/remotes/origin/agent/star-trek-rolling-continuation-v1
cleanup	Run actions/checkout@v4	2026-08-24T11:54:38.4170414Z ##[error]The operation was canceled.
cleanup	Post Run actions/checkout@v4	﻿2026-08-24T11:54:38.4530212Z Node 20 is being deprecated. This workflow is running with Node 24 by default. If you need to temporarily use Node 20, you can set the ACTIONS_ALLOW_USE_UNSECURE_NODE_VERSION=true environment variable. For more information see: https://github.blog/changelog/2025-09-19-deprecation-of-node-20-on-github-actions-runners/
cleanup	Post Run actions/checkout@v4	2026-08-24T11:54:38.4539291Z Post job cleanup.
cleanup	Post Run actions/checkout@v4	2026-08-24T11:54:38.5616486Z [command]/usr/bin/git version
cleanup	Post Run actions/checkout@v4	2026-08-24T11:54:38.5660914Z git version 2.55.0
cleanup	Post Run actions/checkout@v4	2026-08-24T11:54:38.5716411Z Temporarily overriding HOME='/home/runner/work/_temp/061af69d-c2ca-4a13-bd44-f3ddc717ac72' before making global git config changes
cleanup	Post Run actions/checkout@v4	2026-08-24T11:54:38.5721809Z Adding repository directory to the temporary git global config as a safe directory
cleanup	Post Run actions/checkout@v4	2026-08-24T11:54:38.5726072Z [command]/usr/bin/git config --global --add safe.directory /home/runner/work/undercast/undercast
cleanup	Post Run actions/checkout@v4	2026-08-24T11:54:38.5804231Z [command]/usr/bin/git config --local --name-only --get-regexp core\.sshCommand
cleanup	Post Run actions/checkout@v4	2026-08-24T11:54:38.5864899Z [command]/usr/bin/git submodule foreach --recursive sh -c "git config --local --name-only --get-regexp 'core\.sshCommand' && git config --local --unset-all 'core.sshCommand' || :"
cleanup	Post Run actions/checkout@v4	2026-08-24T11:54:38.6273245Z [command]/usr/bin/git config --local --name-only --get-regexp http\.https\:\/\/github\.com\/\.extraheader
cleanup	Post Run actions/checkout@v4	2026-08-24T11:54:38.6312300Z http.https://github.com/.extraheader
cleanup	Post Run actions/checkout@v4	2026-08-24T11:54:38.6335832Z [command]/usr/bin/git config --local --unset-all http.https://github.com/.extraheader
cleanup	Post Run actions/checkout@v4	2026-08-24T11:54:38.6382925Z [command]/usr/bin/git submodule foreach --recursive sh -c "git config --local --name-only --get-regexp 'http\.https\:\/\/github\.com\/\.extraheader' && git config --local --unset-all 'http.https://github.com/.extraheader' || :"
cleanup	Post Run actions/checkout@v4	2026-08-24T11:54:38.6703577Z [command]/usr/bin/git config --local --name-only --get-regexp ^includeIf\.gitdir:
cleanup	Post Run actions/checkout@v4	2026-08-24T11:54:38.6777741Z [command]/usr/bin/git submodule foreach --recursive git config --local --show-origin --name-only --get-regexp remote.origin.url
cleanup	Complete job	﻿2026-08-24T11:54:38.7437178Z Cleaning up orphan processes
cleanup	Complete job	2026-08-24T11:54:38.7833568Z Terminate orphan process: pid (2209) (git)
cleanup	Complete job	2026-08-24T11:54:38.7927051Z Terminate orphan process: pid (2210) (git)
cleanup	Complete job	2026-08-24T11:54:38.7954554Z ##[warning]Node.js 20 is deprecated. The following actions target Node.js 20 but are being forced to run on Node.js 24: actions/checkout@v4. For more information see: https://github.blog/changelog/2025-09-19-deprecation-of-node-20-on-github-actions-runners/
