stage-and-review-exact-alice-candidate	Execute one existing-lease candidate stage	﻿2026-08-23T23:37:04.8009635Z ##[group]Run set -Eeuo pipefail
stage-and-review-exact-alice-candidate	Execute one existing-lease candidate stage	2026-08-23T23:37:04.8010181Z ^[[36;1mset -Eeuo pipefail^[[0m
stage-and-review-exact-alice-candidate	Execute one existing-lease candidate stage	2026-08-23T23:37:04.8010658Z ^[[36;1mgit switch -C "$CANDIDATE_BRANCH" "refs/remotes/origin/${CANDIDATE_BRANCH}"^[[0m
stage-and-review-exact-alice-candidate	Execute one existing-lease candidate stage	2026-08-23T23:37:04.8011192Z ^[[36;1mtest "$(git rev-parse HEAD)" = "$CANDIDATE_COMMIT"^[[0m
stage-and-review-exact-alice-candidate	Execute one existing-lease candidate stage	2026-08-23T23:37:04.8011627Z ^[[36;1mtest "$(git show -s --format=%T HEAD)" = "$CANDIDATE_TREE"^[[0m
stage-and-review-exact-alice-candidate	Execute one existing-lease candidate stage	2026-08-23T23:37:04.8012093Z ^[[36;1mnpm ci --ignore-scripts^[[0m
stage-and-review-exact-alice-candidate	Execute one existing-lease candidate stage	2026-08-23T23:37:04.8012500Z ^[[36;1mnode "$STAGE_PROGRAM" 2>&1 | tee "$STAGE_ROOT/logs/stage.log"^[[0m
stage-and-review-exact-alice-candidate	Execute one existing-lease candidate stage	2026-08-23T23:37:04.8012929Z ^[[36;1mrm -rf node_modules .luna^[[0m
stage-and-review-exact-alice-candidate	Execute one existing-lease candidate stage	2026-08-23T23:37:04.8013297Z ^[[36;1mtest -f "$STAGE_ROOT/stage.json"^[[0m
stage-and-review-exact-alice-candidate	Execute one existing-lease candidate stage	2026-08-23T23:37:04.8013756Z ^[[36;1mtest "$(jq -r .receipt_sha256 "$STAGE_ROOT/stage.json")" != null^[[0m
stage-and-review-exact-alice-candidate	Execute one existing-lease candidate stage	2026-08-23T23:37:04.8014312Z ^[[36;1mgit status --short --untracked-files=all > "$STAGE_ROOT/precommit-status.txt"^[[0m
stage-and-review-exact-alice-candidate	Execute one existing-lease candidate stage	2026-08-23T23:37:04.8039604Z shell: /usr/bin/bash --noprofile --norc -e -o pipefail {0}
stage-and-review-exact-alice-candidate	Execute one existing-lease candidate stage	2026-08-23T23:37:04.8040105Z env:
stage-and-review-exact-alice-candidate	Execute one existing-lease candidate stage	2026-08-23T23:37:04.8040526Z   EXPECTED_MAIN: 91254f17fa1ebb6e8502c6201e9bc8651ef4d4ac
stage-and-review-exact-alice-candidate	Execute one existing-lease candidate stage	2026-08-23T23:37:04.8041011Z   EXPECTED_MAIN_TREE: e395cd3e679aadf60243f5b7bfe0ee7b2b079874
stage-and-review-exact-alice-candidate	Execute one existing-lease candidate stage	2026-08-23T23:37:04.8041473Z   CANDIDATE_BRANCH: agent/star-trek-alice-candidate-v1
stage-and-review-exact-alice-candidate	Execute one existing-lease candidate stage	2026-08-23T23:37:04.8041959Z   CANDIDATE_COMMIT: 31499f3d871c7a4d8a749af5a90e361a50153a50
stage-and-review-exact-alice-candidate	Execute one existing-lease candidate stage	2026-08-23T23:37:04.8042389Z   CANDIDATE_TREE: 9612f0169cc670847f468459d489aa408e79ec62
stage-and-review-exact-alice-candidate	Execute one existing-lease candidate stage	2026-08-23T23:37:04.8042838Z   MEDIA_RESULT_BRANCH: agent/star-trek-alice-media-result-v1
stage-and-review-exact-alice-candidate	Execute one existing-lease candidate stage	2026-08-23T23:37:04.8043308Z   CLAIM_RESULT_BRANCH: agent/star-trek-alice-claim-result-v1
stage-and-review-exact-alice-candidate	Execute one existing-lease candidate stage	2026-08-23T23:37:04.8043822Z   RESULT_BRANCH: agent/star-trek-alice-stage-result-v1
stage-and-review-exact-alice-candidate	Execute one existing-lease candidate stage	2026-08-23T23:37:04.8044217Z   TASK_ID: ap_c7ff8298a99fe94fc55bbdbc
stage-and-review-exact-alice-candidate	Execute one existing-lease candidate stage	2026-08-23T23:37:04.8044569Z   LEASE_ID: lease_e1da8637695057922f1840d4
stage-and-review-exact-alice-candidate	Execute one existing-lease candidate stage	2026-08-23T23:37:04.8045078Z   SOURCE_FINGERPRINT: 9caf9645daf70d67203bd0056980531a7190659c5209e15b3899cf6bac016297
stage-and-review-exact-alice-candidate	Execute one existing-lease candidate stage	2026-08-23T23:37:04.8045646Z   MEDIA_ROOT: /tmp/star-trek-alice-media-input-v1
stage-and-review-exact-alice-candidate	Execute one existing-lease candidate stage	2026-08-23T23:37:04.8046083Z   CLAIM_ROOT: /tmp/star-trek-alice-claim-input-v1
stage-and-review-exact-alice-candidate	Execute one existing-lease candidate stage	2026-08-23T23:37:04.8046481Z   STAGE_ROOT: /tmp/star-trek-alice-stage-output-v1
stage-and-review-exact-alice-candidate	Execute one existing-lease candidate stage	2026-08-23T23:37:04.8046929Z   STAGE_PROGRAM: /tmp/star-trek-alice-stage-v1.mjs
stage-and-review-exact-alice-candidate	Execute one existing-lease candidate stage	2026-08-23T23:37:04.8049737Z   GH_TOKEN: ***
stage-and-review-exact-alice-candidate	Execute one existing-lease candidate stage	2026-08-23T23:37:04.8050021Z ##[endgroup]
stage-and-review-exact-alice-candidate	Execute one existing-lease candidate stage	2026-08-23T23:37:05.1559696Z Switched to a new branch 'agent/star-trek-alice-candidate-v1'
stage-and-review-exact-alice-candidate	Execute one existing-lease candidate stage	2026-08-23T23:37:05.1561342Z branch 'agent/star-trek-alice-candidate-v1' set up to track 'origin/agent/star-trek-alice-candidate-v1'.
stage-and-review-exact-alice-candidate	Execute one existing-lease candidate stage	2026-08-23T23:37:05.8813208Z 
stage-and-review-exact-alice-candidate	Execute one existing-lease candidate stage	2026-08-23T23:37:05.8814481Z added 4 packages, and audited 5 packages in 675ms
stage-and-review-exact-alice-candidate	Execute one existing-lease candidate stage	2026-08-23T23:37:05.8814922Z 
stage-and-review-exact-alice-candidate	Execute one existing-lease candidate stage	2026-08-23T23:37:05.8815394Z 1 package is looking for funding
stage-and-review-exact-alice-candidate	Execute one existing-lease candidate stage	2026-08-23T23:37:05.8815914Z   run `npm fund` for details
stage-and-review-exact-alice-candidate	Execute one existing-lease candidate stage	2026-08-23T23:37:05.8821662Z 
stage-and-review-exact-alice-candidate	Execute one existing-lease candidate stage	2026-08-23T23:37:05.8822175Z found 0 vulnerabilities
stage-and-review-exact-alice-candidate	Execute one existing-lease candidate stage	2026-08-23T23:37:06.4633401Z star-trek-anastasia-komananov-cycle: PASS — exact Nana Visitor Kira-bodied Komananov performance custody, source-distinct verified media, default-hologram separation, unresolved maker functions, reviewed waterline closure, Queen predecessor custody, and later-cycle bounds are intact
stage-and-review-exact-alice-candidate	Execute one existing-lease candidate stage	2026-08-23T23:37:06.6087927Z 
stage-and-review-exact-alice-candidate	Execute one existing-lease candidate stage	2026-08-23T23:37:06.6089215Z > undercast@0.1.0 autopilot
stage-and-review-exact-alice-candidate	Execute one existing-lease candidate stage	2026-08-23T23:37:06.6090227Z > node scripts/autopilot.mjs submit --batch .luna/batch.json --input .luna/results.json
stage-and-review-exact-alice-candidate	Execute one existing-lease candidate stage	2026-08-23T23:37:06.6090812Z 
stage-and-review-exact-alice-candidate	Execute one existing-lease candidate stage	2026-08-23T23:37:07.3717803Z submitted 1 results; 1 total drafts waiting in data/drafts.json
stage-and-review-exact-alice-candidate	Execute one existing-lease candidate stage	2026-08-23T23:37:07.5267203Z grown from drafts: +1 verified, 0 dropped. 1365 total.
stage-and-review-exact-alice-candidate	Execute one existing-lease candidate stage	2026-08-23T23:37:07.5274581Z   + UC-1396  Nichelle Nichols — Alice (character)
stage-and-review-exact-alice-candidate	Execute one existing-lease candidate stage	2026-08-23T23:37:07.5275195Z 
stage-and-review-exact-alice-candidate	Execute one existing-lease candidate stage	2026-08-23T23:37:07.5275934Z next: fill their faces with  IMAGE_MODE=loose node scripts/retrieve.mjs
stage-and-review-exact-alice-candidate	Execute one existing-lease candidate stage	2026-08-23T23:37:07.7850527Z CREDITS.md written: 769 attributed, 1023 character stills.
stage-and-review-exact-alice-candidate	Execute one existing-lease candidate stage	2026-08-23T23:37:07.8553979Z SOURCES ledger synchronized (0 field update(s))
stage-and-review-exact-alice-candidate	Execute one existing-lease candidate stage	2026-08-23T23:37:07.8997432Z data/NEEDED.md written: 586 cards need art (342 stills, 353 portraits).
stage-and-review-exact-alice-candidate	Execute one existing-lease candidate stage	2026-08-23T23:37:13.8350964Z 
stage-and-review-exact-alice-candidate	Execute one existing-lease candidate stage	2026-08-23T23:37:13.8351951Z census: 6836 character rows, 3362 distinct performers
stage-and-review-exact-alice-candidate	Execute one existing-lease candidate stage	2026-08-23T23:37:13.8352897Z coverage: 794/6658 performer-role credits on wall
stage-and-review-exact-alice-candidate	Execute one existing-lease candidate stage	2026-08-23T23:37:13.8353824Z gaps: 5864 roles across 3048 performers -> data/CENSUS-GAPS.json
stage-and-review-exact-alice-candidate	Execute one existing-lease candidate stage	2026-08-23T23:37:13.8356706Z top 20: Jerry Nelson(301), Nicholas Briggs(129), Richard Hunt(118), Joey Mazzarino(100), Martin P. Robinson(97), Frank Oz(92), Jim Henson(84), Kevin Clash(83), Dave Goelz(82), David Rudman(74), Fran Brill(69), Stephanie D'Abruzzo(67), Tyler Bunch(61), Leslie Carrara-Rudolph(49), Louise Gold(47), Steve Whitmire(47), Camille Bonora(45), Marc Thompson(42), Matt Vogel(40), Brian Muehl(28)
stage-and-review-exact-alice-candidate	Execute one existing-lease candidate stage	2026-08-23T23:37:13.9336696Z Ferengi constellation: 70 named credits, 8 unresolved character pages, 122 nodes, 144 edges
stage-and-review-exact-alice-candidate	Execute one existing-lease candidate stage	2026-08-23T23:37:14.0732616Z Ferengi benchmark: PASS; accounting: PASS — 78/78 source identities classified
stage-and-review-exact-alice-candidate	Execute one existing-lease candidate stage	2026-08-23T23:37:14.0733699Z   covered 61; excluded 9; unresolved 8
stage-and-review-exact-alice-candidate	Execute one existing-lease candidate stage	2026-08-23T23:37:14.0734402Z   exact-edge blockers: 0; wall coverage complete: yes
stage-and-review-exact-alice-candidate	Execute one existing-lease candidate stage	2026-08-23T23:37:14.1836560Z built species navigation: Bajoran 26 primary cards / 116 named credits, Cardassian 34 primary cards / 62 named credits, Ferengi 51 primary cards / 70 named credits, Jem'Hadar 17 primary cards / 17 named credits, Klingon 80 primary cards / 191 named credits, Romulan 18 primary cards / 84 named credits, Tellarite 19 primary cards / 20 named credits, Vulcan 23 primary cards / 130 named credits
stage-and-review-exact-alice-candidate	Execute one existing-lease candidate stage	2026-08-23T23:37:14.2314834Z DS9 Changeling constellation: 14 named credits, 1 unresolved, 28 nodes, 30 edges
stage-and-review-exact-alice-candidate	Execute one existing-lease candidate stage	2026-08-23T23:37:14.3720696Z Ferengi benchmark: PASS; accounting: PASS — 78/78 source identities classified
stage-and-review-exact-alice-candidate	Execute one existing-lease candidate stage	2026-08-23T23:37:14.3721497Z   covered 61; excluded 9; unresolved 8
stage-and-review-exact-alice-candidate	Execute one existing-lease candidate stage	2026-08-23T23:37:14.3722061Z   exact-edge blockers: 0; wall coverage complete: yes
stage-and-review-exact-alice-candidate	Execute one existing-lease candidate stage	2026-08-23T23:37:14.4562418Z sharded 1365 cards → 2 shard(s) (≤1000 each)
stage-and-review-exact-alice-candidate	Execute one existing-lease candidate stage	2026-08-23T23:37:14.4563292Z   index.json 435KB (319 B/card) — loaded on boot
stage-and-review-exact-alice-candidate	Execute one existing-lease candidate stage	2026-08-23T23:37:14.4564131Z   2 shard file(s), 1365 records total — loaded lazily
stage-and-review-exact-alice-candidate	Execute one existing-lease candidate stage	2026-08-23T23:37:14.4564896Z   media-live.json: 1997 image(s) on Releases — loaded on boot (lean)
stage-and-review-exact-alice-candidate	Execute one existing-lease candidate stage	2026-08-23T23:37:14.4565804Z   rebuild any time: node scripts/shard.mjs   (projections are disposable)
stage-and-review-exact-alice-candidate	Execute one existing-lease candidate stage	2026-08-23T23:37:14.7065224Z built archive contract, 1164 performer credits, 190 makers, 36 search shards
stage-and-review-exact-alice-candidate	Execute one existing-lease candidate stage	2026-08-23T23:37:14.9988838Z built archive contract, 1164 performer credits, 190 makers, 36 search shards
stage-and-review-exact-alice-candidate	Execute one existing-lease candidate stage	2026-08-23T23:37:15.3688760Z built 1365 live + 2 retired permanent record pages
stage-and-review-exact-alice-candidate	Execute one existing-lease candidate stage	2026-08-23T23:37:15.4560632Z 
stage-and-review-exact-alice-candidate	Execute one existing-lease candidate stage	2026-08-23T23:37:15.4561446Z > undercast@0.1.0 autopilot
stage-and-review-exact-alice-candidate	Execute one existing-lease candidate stage	2026-08-23T23:37:15.4562095Z > node scripts/autopilot.mjs sync --scope star-trek
stage-and-review-exact-alice-candidate	Execute one existing-lease candidate stage	2026-08-23T23:37:15.4562390Z 
stage-and-review-exact-alice-candidate	Execute one existing-lease candidate stage	2026-08-23T23:37:19.5975021Z synced data/AUTOPILOT.json
stage-and-review-exact-alice-candidate	Execute one existing-lease candidate stage	2026-08-23T23:37:19.5977652Z   star-trek: declared=active effective=active lease=ready certification=current snapshot=ready preservation=pending; rows=2297 receipts=2056/2056 refresh=due
stage-and-review-exact-alice-candidate	Execute one existing-lease candidate stage	2026-08-23T23:37:19.5979911Z   doctor-who: declared=active effective=active lease=ready certification=current snapshot=ready preservation=pending; rows=316 receipts=298/298 refresh=due-2026-09-01T05:38:28.060Z
stage-and-review-exact-alice-candidate	Execute one existing-lease candidate stage	2026-08-23T23:37:19.5982229Z   star-wars: declared=paused effective=paused lease=blocked certification=missing snapshot=ready; rows=549 receipts=0/1 refresh=due-2026-09-01T05:38:28.060Z — scope_declared_paused
stage-and-review-exact-alice-candidate	Execute one existing-lease candidate stage	2026-08-23T23:37:19.5983882Z   muppets-henson: declared=paused effective=paused lease=blocked certification=missing snapshot=ready; rows=2315 receipts=2280/2280 refresh=due — scope_declared_paused
stage-and-review-exact-alice-candidate	Execute one existing-lease candidate stage	2026-08-23T23:37:19.5985139Z   kaiju: declared=paused effective=paused lease=blocked certification=missing snapshot=ready; rows=323 receipts=0/1 refresh=due-2026-09-01T05:38:28.060Z — scope_declared_paused
stage-and-review-exact-alice-candidate	Execute one existing-lease candidate stage	2026-08-23T23:37:19.5986386Z   power-rangers: declared=paused effective=paused lease=blocked certification=missing snapshot=ready; rows=5 receipts=2/2 refresh=due — scope_declared_paused
stage-and-review-exact-alice-candidate	Execute one existing-lease candidate stage	2026-08-23T23:37:19.5987811Z   tokusatsu: declared=paused effective=paused lease=blocked certification=missing snapshot=ready; rows=853 receipts=0/1 refresh=due-2026-09-01T05:38:28.060Z — scope_declared_paused
stage-and-review-exact-alice-candidate	Execute one existing-lease candidate stage	2026-08-23T23:37:19.5989107Z autopilot: 1798 claimable / 2228 total; 1 in flight; 0 expired leases
stage-and-review-exact-alice-candidate	Execute one existing-lease candidate stage	2026-08-23T23:37:19.5989798Z   star-trek: 2228 (merged=1 queued=1798 rejected=2 resolved=427)
stage-and-review-exact-alice-candidate	Execute one existing-lease candidate stage	2026-08-23T23:37:19.7625002Z 
stage-and-review-exact-alice-candidate	Execute one existing-lease candidate stage	2026-08-23T23:37:19.7625963Z > undercast@0.1.0 media:audit
stage-and-review-exact-alice-candidate	Execute one existing-lease candidate stage	2026-08-23T23:37:19.7626895Z > node scripts/media-audit.mjs sync --scope star-trek
stage-and-review-exact-alice-candidate	Execute one existing-lease candidate stage	2026-08-23T23:37:19.7627365Z 
stage-and-review-exact-alice-candidate	Execute one existing-lease candidate stage	2026-08-23T23:37:20.5599394Z synced data/MEDIA-AUDIT.json
stage-and-review-exact-alice-candidate	Execute one existing-lease candidate stage	2026-08-23T23:37:20.5609730Z media audit star-trek: 954/956 complete (99.8%); verified=681 absent=273 review=2 attention=0
stage-and-review-exact-alice-candidate	Execute one existing-lease candidate stage	2026-08-23T23:37:20.5611071Z   portrait: 477/478 complete; verified=257 absent=220 review=1 attention=0
stage-and-review-exact-alice-candidate	Execute one existing-lease candidate stage	2026-08-23T23:37:20.5612182Z   still: 477/478 complete; verified=424 absent=53 review=1 attention=0
stage-and-review-exact-alice-candidate	Execute one existing-lease candidate stage	2026-08-23T23:37:20.6897127Z 
stage-and-review-exact-alice-candidate	Execute one existing-lease candidate stage	2026-08-23T23:37:20.6898362Z > undercast@0.1.0 media:audit
stage-and-review-exact-alice-candidate	Execute one existing-lease candidate stage	2026-08-23T23:37:20.6899616Z > node scripts/media-audit.mjs resolve --input /tmp/star-trek-alice-stage-output-v1/media-resolution.json --scope star-trek
stage-and-review-exact-alice-candidate	Execute one existing-lease candidate stage	2026-08-23T23:37:20.6900147Z 
stage-and-review-exact-alice-candidate	Execute one existing-lease candidate stage	2026-08-23T23:37:21.6076844Z enforced 4 reviewed media-audit ruling(s)
stage-and-review-exact-alice-candidate	Execute one existing-lease candidate stage	2026-08-23T23:37:21.6089484Z media audit star-trek: 956/956 complete (100.0%); verified=683 absent=273 review=0 attention=0
stage-and-review-exact-alice-candidate	Execute one existing-lease candidate stage	2026-08-23T23:37:21.6090540Z   portrait: 478/478 complete; verified=258 absent=220 review=0 attention=0
stage-and-review-exact-alice-candidate	Execute one existing-lease candidate stage	2026-08-23T23:37:21.6091515Z   still: 478/478 complete; verified=425 absent=53 review=0 attention=0
stage-and-review-exact-alice-candidate	Execute one existing-lease candidate stage	2026-08-23T23:37:21.7044354Z 
stage-and-review-exact-alice-candidate	Execute one existing-lease candidate stage	2026-08-23T23:37:21.7045311Z > undercast@0.1.0 media:audit
stage-and-review-exact-alice-candidate	Execute one existing-lease candidate stage	2026-08-23T23:37:21.7045891Z > node scripts/media-audit.mjs gate --scope star-trek
stage-and-review-exact-alice-candidate	Execute one existing-lease candidate stage	2026-08-23T23:37:21.7046249Z 
stage-and-review-exact-alice-candidate	Execute one existing-lease candidate stage	2026-08-23T23:37:22.4673241Z media audit star-trek: 956/956 complete (100.0%); verified=683 absent=273 review=0 attention=0
stage-and-review-exact-alice-candidate	Execute one existing-lease candidate stage	2026-08-23T23:37:22.4674514Z   portrait: 478/478 complete; verified=258 absent=220 review=0 attention=0
stage-and-review-exact-alice-candidate	Execute one existing-lease candidate stage	2026-08-23T23:37:22.4675360Z   still: 478/478 complete; verified=425 absent=53 review=0 attention=0
stage-and-review-exact-alice-candidate	Execute one existing-lease candidate stage	2026-08-23T23:37:22.4703701Z PASS — star-trek exact-subject media baseline complete
stage-and-review-exact-alice-candidate	Execute one existing-lease candidate stage	2026-08-23T23:37:22.5720724Z 
stage-and-review-exact-alice-candidate	Execute one existing-lease candidate stage	2026-08-23T23:37:22.5721658Z > undercast@0.1.0 autopilot
stage-and-review-exact-alice-candidate	Execute one existing-lease candidate stage	2026-08-23T23:37:22.5722972Z > node scripts/autopilot.mjs complete --input /tmp/star-trek-alice-stage-output-v1/media-review.json
stage-and-review-exact-alice-candidate	Execute one existing-lease candidate stage	2026-08-23T23:37:22.5723674Z 
stage-and-review-exact-alice-candidate	Execute one existing-lease candidate stage	2026-08-23T23:37:23.7148303Z 
stage-and-review-exact-alice-candidate	Execute one existing-lease candidate stage	2026-08-23T23:37:23.7149954Z UNDERCAST invariant gate — PASS
stage-and-review-exact-alice-candidate	Execute one existing-lease candidate stage	2026-08-23T23:37:23.7150860Z   specimens: 1365  sources: 1365  image refs: 2035
stage-and-review-exact-alice-candidate	Execute one existing-lease candidate stage	2026-08-23T23:37:23.7154403Z   profiles checked (30): schema.specimen, schema.source, schema.archive, schema.census_test, schema.census_manifest, schema.tombstones, schema.entities, schema.species_vocabulary, schema.species, schema.constellations, id.unique, ref.integrity, image.no_in_card_dup, image.crop_policy, image.no_cross_card_dup, sources.consistency, id.lifecycle, url.safety, claims.evidence, projection.consistency, media.consistency, entities.consistency, constellation.integrity, quality.non_regression, census.consistency, species.navigation_integrity, census.observation_freshness, census.ferengi_benchmark, contract.consistency, crawler.discovery
stage-and-review-exact-alice-candidate	Execute one existing-lease candidate stage	2026-08-23T23:37:23.7158240Z   no invariant violations.
stage-and-review-exact-alice-candidate	Execute one existing-lease candidate stage	2026-08-23T23:37:23.7158661Z 
stage-and-review-exact-alice-candidate	Execute one existing-lease candidate stage	2026-08-23T23:37:24.2946335Z autopilot: task ap_c7ff8298a99fe94fc55bbdbc/UC-1396: still subject must be Alice (character)
stage-and-review-exact-alice-candidate	Execute one existing-lease candidate stage	2026-08-23T23:37:24.3126342Z alice-stage-v1: Error: npm run autopilot -- complete --input /tmp/star-trek-alice-stage-output-v1/media-review.json failed: exit 1
stage-and-review-exact-alice-candidate	Execute one existing-lease candidate stage	2026-08-23T23:37:24.3127103Z     at run (file:///tmp/star-trek-alice-stage-v1.mjs:44:34)
stage-and-review-exact-alice-candidate	Execute one existing-lease candidate stage	2026-08-23T23:37:24.3127846Z     at npm (file:///tmp/star-trek-alice-stage-v1.mjs:48:37)
stage-and-review-exact-alice-candidate	Execute one existing-lease candidate stage	2026-08-23T23:37:24.3128304Z     at main (file:///tmp/star-trek-alice-stage-v1.mjs:220:3)
stage-and-review-exact-alice-candidate	Execute one existing-lease candidate stage	2026-08-23T23:37:24.3128898Z     at file:///tmp/star-trek-alice-stage-v1.mjs:268:7
stage-and-review-exact-alice-candidate	Execute one existing-lease candidate stage	2026-08-23T23:37:24.3130044Z     at ModuleJob.run (node:internal/modules/esm/module_job:439:25)
stage-and-review-exact-alice-candidate	Execute one existing-lease candidate stage	2026-08-23T23:37:24.3130752Z     at async node:internal/modules/esm/loader:643:26
stage-and-review-exact-alice-candidate	Execute one existing-lease candidate stage	2026-08-23T23:37:24.3131514Z     at async asyncRunEntryPointWithESMLoader (node:internal/modules/run_main:101:5)
stage-and-review-exact-alice-candidate	Execute one existing-lease candidate stage	2026-08-23T23:37:24.3204209Z ##[error]Process completed with exit code 1.
