
== Star Trek (https://memory-alpha.fandom.com/api.php) ==
  scope: 476 discovered + hand list -> 478 categories
  Klingons: 290 pages, 177 with credited performers
  Cardassians: 126 pages, 60 with credited performers
  Vulcans: 210 pages, 108 with credited performers
  Romulans: 124 pages, 78 with credited performers
  Bajorans: 209 pages, 112 with credited performers
  Ferengi: 98 pages, 66 with credited performers
  Borg: 36 pages, 5 with credited performers
  Andorians: 41 pages, 19 with credited performers
  Trill: 66 pages, 40 with credited performers
  Vorta: 16 pages, 13 with credited performers
  Jem'Hadar: 23 pages, 17 with credited performers
  Talaxians: 14 pages, 10 with credited performers
  Ocampa: 11 pages, 8 with credited performers
  Hirogen: 5 pages, 4 with credited performers
  Kazon: 23 pages, 15 with credited performers
  Xindi: 23 pages, 6 with credited performers
  Suliban: 7 pages, 6 with credited performers
  Denobulans: 20 pages, 7 with credited performers
  Tellarites: 40 pages, 19 with credited performers
  Orions: 60 pages, 34 with credited performers
  Gorn: 4 pages, 2 with credited performers
  Betazoids: 29 pages, 19 with credited performers
  Changelings: 18 pages, 14 with credited performers
  Bolians: 36 pages, 14 with credited performers
  Benzites: 5 pages, 3 with credited performers
  El-Aurians: 9 pages, 4 with credited performers
  Kelpiens: 9 pages, 6 with credited performers
  Vidiians: 7 pages, 4 with credited performers
  Breen: 8 pages, 6 with credited performers
  Lurians: 4 pages, 2 with credited performers
  Nausicaans: 1 pages, 0 with credited performers
  Hupyrians: 3 pages, 2 with credited performers
  Species 8472: 12 pages, 8 with credited performers
  Q: 12 pages, 8 with credited performers
  892-IV natives: 9 pages, 6 with credited performers
  Aaamazzarites: 1 pages, 0 with credited performers
  Aamaarazans: 2 pages, 0 with credited performers
  Abaddon's species: 4 pages, 1 with credited performers
  Abdon's species: 2 pages, 0 with credited performers
  Acamarians: 19 pages, 7 with credited performers
  Addix's species: 3 pages, 1 with credited performers
  Aenar: 6 pages, 5 with credited performers
  Akaali: 4 pages, 3 with credited performers
  Akoszonam: 4 pages, 3 with credited performers
  Akritirians: 7 pages, 6 with credited performers
  Aldeans: 8 pages, 6 with credited performers
  Algolians: 1 pages, 0 with credited performers
  Allasomorphs: 3 pages, 2 with credited performers
  Allos' species: 2 pages, 1 with credited performers
  Alshains: 1 pages, 1 with credited performers
  Andorans: 2 pages, 1 with credited performers
  Androids: 68 pages, 43 with credited performers
  Angel I natives: 4 pages, 3 with credited performers
  Angosians: 13 pages, 4 with credited performers
file:///home/runner/work/undercast/undercast/scripts/census.mjs:202
    if (!pages.length) throw new Error(`${cfg.label} category ${cat} returned no pages; refusing to publish a false zero`);
                             ^

Error: Star Trek category Ankari returned no pages; refusing to publish a false zero
    at censusFranchise (file:///home/runner/work/undercast/undercast/scripts/census.mjs:202:30)
    at process.processTicksAndRejections (node:internal/process/task_queues:104:5)
    at async file:///home/runner/work/undercast/undercast/scripts/census.mjs:253:3

Node.js v24.19.0
