star-trek-queen-of-hearts-cycle: PASS — exact Majel Barrett animated voice performance custody, source-distinct verified media, physical and maker non-attribution, reviewed Maryl predecessor custody, and later-cycle bounds are intact

UNDERCAST invariant gate — PASS
  specimens: 1364  sources: 1364  image refs: 2033
  profiles checked (30): schema.specimen, schema.source, schema.archive, schema.census_test, schema.census_manifest, schema.tombstones, schema.entities, schema.species_vocabulary, schema.species, schema.constellations, id.unique, ref.integrity, image.no_in_card_dup, image.crop_policy, image.no_cross_card_dup, sources.consistency, id.lifecycle, url.safety, claims.evidence, projection.consistency, media.consistency, entities.consistency, constellation.integrity, quality.non_regression, census.consistency, species.navigation_integrity, census.observation_freshness, census.ferengi_benchmark, contract.consistency, crawler.discovery
  no invariant violations.


> undercast@0.1.0 media:audit
> node scripts/media-audit.mjs gate --scope star-trek

media audit star-trek: 954/954 complete (100.0%); verified=681 absent=273 review=0 attention=0
  portrait: 477/477 complete; verified=257 absent=220 review=0 attention=0
  still: 477/477 complete; verified=424 absent=53 review=0 attention=0
PASS — star-trek exact-subject media baseline complete

> undercast@0.1.0 waterline
> node scripts/waterline.mjs record-cycle --input /tmp/star-trek-anastasia-recovery-final-v3/cycle-input.json

recorded cycle_58b8485af876b2e5a4ce45d2 for lease_7d5e1311748aad6fae189b59
CREDITS.md written: 768 attributed, 1022 character stills.
SOURCES ledger synchronized (0 field update(s))

> undercast@0.1.0 media:audit
> node scripts/media-audit.mjs sync --scope star-trek

media audit sync: no state change
media audit star-trek: 954/954 complete (100.0%); verified=681 absent=273 review=0 attention=0
  portrait: 477/477 complete; verified=257 absent=220 review=0 attention=0
  still: 477/477 complete; verified=424 absent=53 review=0 attention=0

> undercast@0.1.0 media:audit
> node scripts/media-audit.mjs gate --scope star-trek

media audit star-trek: 954/954 complete (100.0%); verified=681 absent=273 review=0 attention=0
  portrait: 477/477 complete; verified=257 absent=220 review=0 attention=0
  still: 477/477 complete; verified=424 absent=53 review=0 attention=0
PASS — star-trek exact-subject media baseline complete

census: 6836 character rows, 3362 distinct performers
coverage: 793/6658 performer-role credits on wall
gaps: 5865 roles across 3048 performers -> data/CENSUS-GAPS.json
top 20: Jerry Nelson(301), Nicholas Briggs(129), Richard Hunt(118), Joey Mazzarino(100), Martin P. Robinson(97), Frank Oz(92), Jim Henson(84), Kevin Clash(83), Dave Goelz(82), David Rudman(74), Fran Brill(69), Stephanie D'Abruzzo(67), Tyler Bunch(61), Leslie Carrara-Rudolph(49), Louise Gold(47), Steve Whitmire(47), Camille Bonora(45), Marc Thompson(42), Matt Vogel(40), Brian Muehl(28)
Ferengi constellation: 70 named credits, 8 unresolved character pages, 122 nodes, 144 edges
Ferengi benchmark: PASS; accounting: PASS — 78/78 source identities classified
  covered 61; excluded 9; unresolved 8
  exact-edge blockers: 0; wall coverage complete: yes
built species navigation: Bajoran 26 primary cards / 116 named credits, Cardassian 34 primary cards / 62 named credits, Ferengi 51 primary cards / 70 named credits, Jem'Hadar 17 primary cards / 17 named credits, Klingon 80 primary cards / 191 named credits, Romulan 18 primary cards / 84 named credits, Tellarite 19 primary cards / 20 named credits, Vulcan 23 primary cards / 130 named credits
DS9 Changeling constellation: 14 named credits, 1 unresolved, 28 nodes, 30 edges
Ferengi benchmark: PASS; accounting: PASS — 78/78 source identities classified
  covered 61; excluded 9; unresolved 8
  exact-edge blockers: 0; wall coverage complete: yes
sharded 1364 cards → 2 shard(s) (≤1000 each)
  index.json 434KB (319 B/card) — loaded on boot
  2 shard file(s), 1364 records total — loaded lazily
  media-live.json: 1997 image(s) on Releases — loaded on boot (lean)
  rebuild any time: node scripts/shard.mjs   (projections are disposable)
built archive contract, 1164 performer credits, 190 makers, 36 search shards
built archive contract, 1164 performer credits, 190 makers, 36 search shards
built 1364 live + 2 retired permanent record pages

UNDERCAST invariant gate — PASS
  specimens: 1364  sources: 1364  image refs: 2033
  profiles checked (30): schema.specimen, schema.source, schema.archive, schema.census_test, schema.census_manifest, schema.tombstones, schema.entities, schema.species_vocabulary, schema.species, schema.constellations, id.unique, ref.integrity, image.no_in_card_dup, image.crop_policy, image.no_cross_card_dup, sources.consistency, id.lifecycle, url.safety, claims.evidence, projection.consistency, media.consistency, entities.consistency, constellation.integrity, quality.non_regression, census.consistency, species.navigation_integrity, census.observation_freshness, census.ferengi_benchmark, contract.consistency, crawler.discovery
  no invariant violations.

PASS — undercast-thesis-rails@1; one task per cycle; 16 transition-only workflow stages fenced
star-trek-queen-of-hearts-cycle: PASS — exact Majel Barrett animated voice performance custody, source-distinct verified media, physical and maker non-attribution, reviewed Maryl predecessor custody, and later-cycle bounds are intact
star-trek-anastasia-komananov-cycle: PASS — exact Nana Visitor Kira-bodied Komananov performance custody, source-distinct verified media, default-hologram separation, unresolved maker functions, reviewed waterline closure, Queen predecessor custody, and later-cycle bounds are intact
{
  "status": "qualified",
  "wall_id": "UC-1395",
  "receipt_sha256": "2a42f849ce1f9725fb5a6b711d1a3c96550a36c0549d24c6aae5bda1dc64b07f",
  "checker_sha256": "5a42826e42f3fcb0f46937c53b0bb329ac87e59a37351b93c1f8a458d07f74e5",
  "cycle_id": "cycle_58b8485af876b2e5a4ce45d2",
  "next": {
    "task_id": "ap_c7ff8298a99fe94fc55bbdbc",
    "performer": "Nichelle Nichols",
    "character": "Alice (character)",
    "priority": 1330,
    "performance_modes": [
      "physical-and-voice"
    ],
    "required_capabilities": [],
    "sources": [
      "https://memory-alpha.fandom.com/wiki/Alice_(character)"
    ],
    "source_fingerprint": "9caf9645daf70d67203bd0056980531a7190659c5209e15b3899cf6bac016297"
  }
}
