star-trek-kzinti-flyer-cycle: PASS — exact Kzinti Flyer voice custody, exact independent character and performer media, no physical, animation, processing, or maker promotion, separate Kukulkan, Kol-Tai, Karl Four, Domar, Chuft-Captain, Cadmar, Cheeron, and Ari bn Bem custody, reviewed waterline closure, immutable Lwaxana eligibility-rejection predecessor custody, and later-cycle bounds are intact
star-trek-lorot-prior-phase: PASS — exact Kzinti Flyer predecessor, projected Lorot task, queue, and single open-cycle custody are intact
recorded cycle_cb79b2fbcd6ff6e9dc749f99 for lease_1fc006687374839c2c0ba866
adapter-sdk: wrote data/review/adapter-sdk/BASELINE.json; adapters=2

census: 6836 character rows, 3362 distinct performers
coverage: 790/6658 performer-role credits on wall
gaps: 5868 roles across 3048 performers -> data/CENSUS-GAPS.json
top 20: Jerry Nelson(301), Nicholas Briggs(129), Richard Hunt(118), Joey Mazzarino(100), Martin P. Robinson(97), Frank Oz(92), Jim Henson(84), Kevin Clash(83), Dave Goelz(82), David Rudman(74), Fran Brill(69), Stephanie D'Abruzzo(67), Tyler Bunch(61), Leslie Carrara-Rudolph(49), Louise Gold(47), Steve Whitmire(47), Camille Bonora(45), Marc Thompson(42), Matt Vogel(40), Brian Muehl(28)
Ferengi constellation: 70 named credits, 8 unresolved character pages, 122 nodes, 144 edges
Ferengi benchmark: PASS; accounting: PASS — 78/78 source identities classified
  covered 61; excluded 9; unresolved 8
  exact-edge blockers: 0; wall coverage complete: yes
built species navigation: Bajoran 26 primary cards / 116 named credits, Cardassian 34 primary cards / 62 named credits, Ferengi 51 primary cards / 70 named credits, Jem'Hadar 17 primary cards / 17 named credits, Klingon 80 primary cards / 191 named credits, Romulan 18 primary cards / 84 named credits, Tellarite 19 primary cards / 20 named credits, Vulcan 23 primary cards / 130 named credits
DS9 Changeling constellation: 14 named credits, 1 unresolved, 28 nodes, 30 edges
Ferengi benchmark: PASS; accounting: PASS — 78/78 source identities classified
  covered 61; excluded 9; unresolved 8
  exact-edge blockers: 0; wall coverage complete: yes
sharded 1361 cards → 2 shard(s) (≤1000 each)
  index.json 433KB (318 B/card) — loaded on boot
  2 shard file(s), 1361 records total — loaded lazily
  media-live.json: 1997 image(s) on Releases — loaded on boot (lean)
  rebuild any time: node scripts/shard.mjs   (projections are disposable)
built archive contract, 1164 performer credits, 190 makers, 36 search shards
built archive contract, 1164 performer credits, 190 makers, 36 search shards
built 1361 live + 2 retired permanent record pages
star-trek-kzinti-flyer-cycle: PASS — exact Kzinti Flyer voice custody, exact independent character and performer media, no physical, animation, processing, or maker promotion, separate Kukulkan, Kol-Tai, Karl Four, Domar, Chuft-Captain, Cadmar, Cheeron, and Ari bn Bem custody, reviewed waterline closure, immutable Lwaxana eligibility-rejection predecessor custody, and later-cycle bounds are intact
PASS — undercast-thesis-rails@1; one task per cycle; 16 transition-only workflow stages fenced
media audit star-trek: 948/948 complete (100.0%); verified=675 absent=273 review=0 attention=0
  portrait: 474/474 complete; verified=254 absent=220 review=0 attention=0
  still: 474/474 complete; verified=421 absent=53 review=0 attention=0
PASS — star-trek exact-subject media baseline complete
PASS — waterline state valid; star-trek phase=ready-for-cycle; claim=allowed
{
  "status": "PASS",
  "mode": "collection-only",
  "estates": 9,
  "active": [
    "star-trek",
    "doctor-who"
  ]
}

UNDERCAST invariant gate — PASS
  specimens: 1361  sources: 1361  image refs: 2027
  profiles checked (30): schema.specimen, schema.source, schema.archive, schema.census_test, schema.census_manifest, schema.tombstones, schema.entities, schema.species_vocabulary, schema.species, schema.constellations, id.unique, ref.integrity, image.no_in_card_dup, image.crop_policy, image.no_cross_card_dup, sources.consistency, id.lifecycle, url.safety, claims.evidence, projection.consistency, media.consistency, entities.consistency, constellation.integrity, quality.non_regression, census.consistency, species.navigation_integrity, census.observation_freshness, census.ferengi_benchmark, contract.consistency, crawler.discovery
  no invariant violations.

{
  "version": 1,
  "transaction": "STAR-TREK-UNITLOROT-FINALIZE",
  "status": "pass",
  "canonical_parent": "640754cdeb5a7679790682ab6c28070c28ca9fae",
  "task_id": "ap_9b7123237c640f1ce0a16ffe",
  "wall_id": "UC-1392",
  "lease_id": "lease_1fc006687374839c2c0ba866",
  "cycle_id": "cycle_cb79b2fbcd6ff6e9dc749f99",
  "waterline_event_id": "waterline_accb99523c08ea4bb25a1d1d",
  "receipt_path": "data/review/adapter-sdk/star-trek-lorot-cycle.json",
  "receipt_sha256": "1ae4135622cebbe2c1b6f720fbcf424733841b4309c972c058fcc97a49676618",
  "checker_path": "scripts/star-trek-lorot-cycle.mjs",
  "checker_sha256": "ca67ce1547a4dcdfe0c910d24c7151e6d04e51cea31bab2b7a6e16acc37c0ced",
  "queue": {
    "total": 2228,
    "queued": 1802,
    "resolved": 424,
    "blocked": 0,
    "rejected": 2,
    "in_flight": 0
  },
  "review_sha256": "47113669b7686bbe659d9af7a1f54d57a4dab0212ab37b2ba797de4a8b769e1d"
}
