recover-original-benbassat-claim-custody	Set up job	﻿2026-08-24T19:06:44.0862080Z Current runner version: '2.336.0'
recover-original-benbassat-claim-custody	Set up job	2026-08-24T19:06:44.0897710Z ##[group]Runner Image Provisioner
recover-original-benbassat-claim-custody	Set up job	2026-08-24T19:06:44.0899060Z Hosted Compute Agent
recover-original-benbassat-claim-custody	Set up job	2026-08-24T19:06:44.0900093Z Version: 20260729.566
recover-original-benbassat-claim-custody	Set up job	2026-08-24T19:06:44.0901067Z Commit: cf7153fe6e25b664e8693c24944bf2b00355d109
recover-original-benbassat-claim-custody	Set up job	2026-08-24T19:06:44.0902418Z Build Date: 2026-07-29T19:17:02Z
recover-original-benbassat-claim-custody	Set up job	2026-08-24T19:06:44.0903605Z Worker ID: {234516cb-4b14-4704-b72d-38435e248cbc}
recover-original-benbassat-claim-custody	Set up job	2026-08-24T19:06:44.0904780Z Azure Region: eastus2
recover-original-benbassat-claim-custody	Set up job	2026-08-24T19:06:44.0905728Z ##[endgroup]
recover-original-benbassat-claim-custody	Set up job	2026-08-24T19:06:44.0908558Z ##[group]Operating System
recover-original-benbassat-claim-custody	Set up job	2026-08-24T19:06:44.0909562Z Ubuntu
recover-original-benbassat-claim-custody	Set up job	2026-08-24T19:06:44.0910634Z 24.04.4
recover-original-benbassat-claim-custody	Set up job	2026-08-24T19:06:44.0911669Z LTS
recover-original-benbassat-claim-custody	Set up job	2026-08-24T19:06:44.0913035Z ##[endgroup]
recover-original-benbassat-claim-custody	Set up job	2026-08-24T19:06:44.0913955Z ##[group]Runner Image
recover-original-benbassat-claim-custody	Set up job	2026-08-24T19:06:44.0914889Z Image: ubuntu-24.04
recover-original-benbassat-claim-custody	Set up job	2026-08-24T19:06:44.0915915Z Version: 20260816.277.1
recover-original-benbassat-claim-custody	Set up job	2026-08-24T19:06:44.0917653Z Included Software: https://github.com/actions/runner-images/blob/ubuntu24/20260816.277/images/ubuntu/Ubuntu2404-Readme.md
recover-original-benbassat-claim-custody	Set up job	2026-08-24T19:06:44.0920742Z Image Release: https://github.com/actions/runner-images/releases/tag/ubuntu24%2F20260816.277
recover-original-benbassat-claim-custody	Set up job	2026-08-24T19:06:44.0922547Z ##[endgroup]
recover-original-benbassat-claim-custody	Set up job	2026-08-24T19:06:44.0924629Z ##[group]GITHUB_TOKEN Permissions
recover-original-benbassat-claim-custody	Set up job	2026-08-24T19:06:44.0927558Z Actions: read
recover-original-benbassat-claim-custody	Set up job	2026-08-24T19:06:44.0928608Z Contents: write
recover-original-benbassat-claim-custody	Set up job	2026-08-24T19:06:44.0929503Z Metadata: read
recover-original-benbassat-claim-custody	Set up job	2026-08-24T19:06:44.0930421Z ##[endgroup]
recover-original-benbassat-claim-custody	Set up job	2026-08-24T19:06:44.0933609Z Secret source: Actions
recover-original-benbassat-claim-custody	Set up job	2026-08-24T19:06:44.0935215Z Prepare workflow directory
recover-original-benbassat-claim-custody	Set up job	2026-08-24T19:06:44.1644835Z Prepare all required actions
recover-original-benbassat-claim-custody	Set up job	2026-08-24T19:06:44.1714463Z Getting action download info
recover-original-benbassat-claim-custody	Set up job	2026-08-24T19:06:44.3548065Z Download action repository 'actions/checkout@v4' (SHA:11d5960a326750d5838078e36cf38b85af677262)
recover-original-benbassat-claim-custody	Set up job	2026-08-24T19:06:44.5443812Z Complete job name: recover-original-benbassat-claim-custody
recover-original-benbassat-claim-custody	Run actions/checkout@v4	﻿2026-08-24T19:06:44.6452601Z Node 20 is being deprecated. This workflow is running with Node 24 by default. If you need to temporarily use Node 20, you can set the ACTIONS_ALLOW_USE_UNSECURE_NODE_VERSION=true environment variable. For more information see: https://github.blog/changelog/2025-09-19-deprecation-of-node-20-on-github-actions-runners/
recover-original-benbassat-claim-custody	Run actions/checkout@v4	2026-08-24T19:06:44.6465271Z ##[group]Run actions/checkout@v4
recover-original-benbassat-claim-custody	Run actions/checkout@v4	2026-08-24T19:06:44.6466844Z with:
recover-original-benbassat-claim-custody	Run actions/checkout@v4	2026-08-24T19:06:44.6467577Z   fetch-depth: 1
recover-original-benbassat-claim-custody	Run actions/checkout@v4	2026-08-24T19:06:44.6468645Z   repository: BigBirdReturns/undercast
recover-original-benbassat-claim-custody	Run actions/checkout@v4	2026-08-24T19:06:44.6476172Z   token: ***
recover-original-benbassat-claim-custody	Run actions/checkout@v4	2026-08-24T19:06:44.6476915Z   ssh-strict: true
recover-original-benbassat-claim-custody	Run actions/checkout@v4	2026-08-24T19:06:44.6477619Z   ssh-user: git
recover-original-benbassat-claim-custody	Run actions/checkout@v4	2026-08-24T19:06:44.6478328Z   persist-credentials: true
recover-original-benbassat-claim-custody	Run actions/checkout@v4	2026-08-24T19:06:44.6479158Z   clean: true
recover-original-benbassat-claim-custody	Run actions/checkout@v4	2026-08-24T19:06:44.6479899Z   sparse-checkout-cone-mode: true
recover-original-benbassat-claim-custody	Run actions/checkout@v4	2026-08-24T19:06:44.6480732Z   fetch-tags: false
recover-original-benbassat-claim-custody	Run actions/checkout@v4	2026-08-24T19:06:44.6481660Z   show-progress: true
recover-original-benbassat-claim-custody	Run actions/checkout@v4	2026-08-24T19:06:44.6482391Z   lfs: false
recover-original-benbassat-claim-custody	Run actions/checkout@v4	2026-08-24T19:06:44.6483009Z   submodules: false
recover-original-benbassat-claim-custody	Run actions/checkout@v4	2026-08-24T19:06:44.6483550Z   set-safe-directory: true
recover-original-benbassat-claim-custody	Run actions/checkout@v4	2026-08-24T19:06:44.6484076Z   allow-unsafe-pr-checkout: false
recover-original-benbassat-claim-custody	Run actions/checkout@v4	2026-08-24T19:06:44.6484903Z env:
recover-original-benbassat-claim-custody	Run actions/checkout@v4	2026-08-24T19:06:44.6485429Z   EXPECTED_MAIN: ed79424013b92460d16c01cad4e590eca01e6bff
recover-original-benbassat-claim-custody	Run actions/checkout@v4	2026-08-24T19:06:44.6486181Z   CLAIM_CARRIER_BRANCH: agent/star-trek-benbassat-claim-v1
recover-original-benbassat-claim-custody	Run actions/checkout@v4	2026-08-24T19:06:44.6486927Z   CLAIM_CARRIER_HEAD: 85d2106fc504148bc585286fa2408823048f9f6c
recover-original-benbassat-claim-custody	Run actions/checkout@v4	2026-08-24T19:06:44.6487715Z   CLAIM_RESULT_BRANCH: agent/star-trek-benbassat-claim-result-v1
recover-original-benbassat-claim-custody	Run actions/checkout@v4	2026-08-24T19:06:44.6488629Z   RESULT_BRANCH: agent/star-trek-benbassat-claim-recovery-observer-result-v1
recover-original-benbassat-claim-custody	Run actions/checkout@v4	2026-08-24T19:06:44.6489413Z   TASK_ID: ap_dd7d1c73ed237230cd6e1d0b
recover-original-benbassat-claim-custody	Run actions/checkout@v4	2026-08-24T19:06:44.6489987Z   EXPECTED_PERFORMER: Nolan North
recover-original-benbassat-claim-custody	Run actions/checkout@v4	2026-08-24T19:06:44.6490542Z   EXPECTED_CHARACTER: Benbassat
recover-original-benbassat-claim-custody	Run actions/checkout@v4	2026-08-24T19:06:44.6491586Z   EXPECTED_FINGERPRINT: 78e1384a3a11787064f98516e5759b55b33369d161067804c2d77f2ef6ef8885
recover-original-benbassat-claim-custody	Run actions/checkout@v4	2026-08-24T19:06:44.6492560Z   OUT: /tmp/star-trek-benbassat-claim-recovery-observer-v1
recover-original-benbassat-claim-custody	Run actions/checkout@v4	2026-08-24T19:06:44.6498631Z   GH_TOKEN: ***
recover-original-benbassat-claim-custody	Run actions/checkout@v4	2026-08-24T19:06:44.6499139Z ##[endgroup]
recover-original-benbassat-claim-custody	Run actions/checkout@v4	2026-08-24T19:06:44.7531589Z Syncing repository: BigBirdReturns/undercast
recover-original-benbassat-claim-custody	Run actions/checkout@v4	2026-08-24T19:06:44.7534105Z ##[group]Getting Git version info
recover-original-benbassat-claim-custody	Run actions/checkout@v4	2026-08-24T19:06:44.7534864Z Working directory is '/home/runner/work/undercast/undercast'
recover-original-benbassat-claim-custody	Run actions/checkout@v4	2026-08-24T19:06:44.7536097Z [command]/usr/bin/git version
recover-original-benbassat-claim-custody	Run actions/checkout@v4	2026-08-24T19:06:44.7598099Z git version 2.55.0
recover-original-benbassat-claim-custody	Run actions/checkout@v4	2026-08-24T19:06:44.7665486Z ##[endgroup]
recover-original-benbassat-claim-custody	Run actions/checkout@v4	2026-08-24T19:06:44.7674809Z Temporarily overriding HOME='/home/runner/work/_temp/2b5c77f1-d22b-4cd2-8384-9283ce435802' before making global git config changes
recover-original-benbassat-claim-custody	Run actions/checkout@v4	2026-08-24T19:06:44.7676851Z Adding repository directory to the temporary git global config as a safe directory
recover-original-benbassat-claim-custody	Run actions/checkout@v4	2026-08-24T19:06:44.7679838Z [command]/usr/bin/git config --global --add safe.directory /home/runner/work/undercast/undercast
recover-original-benbassat-claim-custody	Run actions/checkout@v4	2026-08-24T19:06:44.7730482Z Deleting the contents of '/home/runner/work/undercast/undercast'
recover-original-benbassat-claim-custody	Run actions/checkout@v4	2026-08-24T19:06:44.7734309Z ##[group]Initializing the repository
recover-original-benbassat-claim-custody	Run actions/checkout@v4	2026-08-24T19:06:44.7739580Z [command]/usr/bin/git init /home/runner/work/undercast/undercast
recover-original-benbassat-claim-custody	Run actions/checkout@v4	2026-08-24T19:06:44.7820319Z hint: Using 'master' as the name for the initial branch. This default branch name
recover-original-benbassat-claim-custody	Run actions/checkout@v4	2026-08-24T19:06:44.7822476Z hint: will change to "main" in Git 3.0. To configure the initial branch name
recover-original-benbassat-claim-custody	Run actions/checkout@v4	2026-08-24T19:06:44.7824097Z hint: to use in all of your new repositories, which will suppress this warning,
recover-original-benbassat-claim-custody	Run actions/checkout@v4	2026-08-24T19:06:44.7825400Z hint: call:
recover-original-benbassat-claim-custody	Run actions/checkout@v4	2026-08-24T19:06:44.7826237Z hint:
recover-original-benbassat-claim-custody	Run actions/checkout@v4	2026-08-24T19:06:44.7827067Z hint: 	git config --global init.defaultBranch <name>
recover-original-benbassat-claim-custody	Run actions/checkout@v4	2026-08-24T19:06:44.7828285Z hint:
recover-original-benbassat-claim-custody	Run actions/checkout@v4	2026-08-24T19:06:44.7829187Z hint: Names commonly chosen instead of 'master' are 'main', 'trunk' and
recover-original-benbassat-claim-custody	Run actions/checkout@v4	2026-08-24T19:06:44.7830620Z hint: 'development'. The just-created branch can be renamed via this command:
recover-original-benbassat-claim-custody	Run actions/checkout@v4	2026-08-24T19:06:44.7831911Z hint:
recover-original-benbassat-claim-custody	Run actions/checkout@v4	2026-08-24T19:06:44.7832551Z hint: 	git branch -m <name>
recover-original-benbassat-claim-custody	Run actions/checkout@v4	2026-08-24T19:06:44.7833246Z hint:
recover-original-benbassat-claim-custody	Run actions/checkout@v4	2026-08-24T19:06:44.7833913Z hint: Disable this message with "git config set advice.defaultBranchName false"
recover-original-benbassat-claim-custody	Run actions/checkout@v4	2026-08-24T19:06:44.7835245Z Initialized empty Git repository in /home/runner/work/undercast/undercast/.git/
recover-original-benbassat-claim-custody	Run actions/checkout@v4	2026-08-24T19:06:44.7837063Z [command]/usr/bin/git remote add origin https://github.com/BigBirdReturns/undercast
recover-original-benbassat-claim-custody	Run actions/checkout@v4	2026-08-24T19:06:44.7883386Z ##[endgroup]
recover-original-benbassat-claim-custody	Run actions/checkout@v4	2026-08-24T19:06:44.7884603Z ##[group]Disabling automatic garbage collection
recover-original-benbassat-claim-custody	Run actions/checkout@v4	2026-08-24T19:06:44.7888132Z [command]/usr/bin/git config --local gc.auto 0
recover-original-benbassat-claim-custody	Run actions/checkout@v4	2026-08-24T19:06:44.7922085Z ##[endgroup]
recover-original-benbassat-claim-custody	Run actions/checkout@v4	2026-08-24T19:06:44.7923075Z ##[group]Setting up auth
recover-original-benbassat-claim-custody	Run actions/checkout@v4	2026-08-24T19:06:44.7930049Z [command]/usr/bin/git config --local --name-only --get-regexp core\.sshCommand
recover-original-benbassat-claim-custody	Run actions/checkout@v4	2026-08-24T19:06:44.7966099Z [command]/usr/bin/git submodule foreach --recursive sh -c "git config --local --name-only --get-regexp 'core\.sshCommand' && git config --local --unset-all 'core.sshCommand' || :"
recover-original-benbassat-claim-custody	Run actions/checkout@v4	2026-08-24T19:06:44.8331020Z [command]/usr/bin/git config --local --name-only --get-regexp http\.https\:\/\/github\.com\/\.extraheader
recover-original-benbassat-claim-custody	Run actions/checkout@v4	2026-08-24T19:06:44.8376014Z [command]/usr/bin/git submodule foreach --recursive sh -c "git config --local --name-only --get-regexp 'http\.https\:\/\/github\.com\/\.extraheader' && git config --local --unset-all 'http.https://github.com/.extraheader' || :"
recover-original-benbassat-claim-custody	Run actions/checkout@v4	2026-08-24T19:06:44.8635036Z [command]/usr/bin/git config --local --name-only --get-regexp ^includeIf\.gitdir:
recover-original-benbassat-claim-custody	Run actions/checkout@v4	2026-08-24T19:06:44.8674783Z [command]/usr/bin/git submodule foreach --recursive git config --local --show-origin --name-only --get-regexp remote.origin.url
recover-original-benbassat-claim-custody	Run actions/checkout@v4	2026-08-24T19:06:44.8923983Z [command]/usr/bin/git config --local http.https://github.com/.extraheader AUTHORIZATION: basic ***
recover-original-benbassat-claim-custody	Run actions/checkout@v4	2026-08-24T19:06:44.8966922Z ##[endgroup]
recover-original-benbassat-claim-custody	Run actions/checkout@v4	2026-08-24T19:06:44.8967915Z ##[group]Fetching the repository
recover-original-benbassat-claim-custody	Run actions/checkout@v4	2026-08-24T19:06:44.8977586Z [command]/usr/bin/git -c protocol.version=2 fetch --no-tags --prune --no-recurse-submodules --depth=1 origin +8a0e3ae89bb308371687a1d6e706399f55318fee:refs/remotes/origin/agent/star-trek-benbassat-claim-recovery-observer-v1
recover-original-benbassat-claim-custody	Run actions/checkout@v4	2026-08-24T19:06:52.6245987Z From https://github.com/BigBirdReturns/undercast
recover-original-benbassat-claim-custody	Run actions/checkout@v4	2026-08-24T19:06:52.6248953Z  * [new ref]         8a0e3ae89bb308371687a1d6e706399f55318fee -> origin/agent/star-trek-benbassat-claim-recovery-observer-v1
recover-original-benbassat-claim-custody	Run actions/checkout@v4	2026-08-24T19:06:52.6255267Z ##[endgroup]
recover-original-benbassat-claim-custody	Run actions/checkout@v4	2026-08-24T19:06:52.6257087Z ##[group]Determining the checkout info
recover-original-benbassat-claim-custody	Run actions/checkout@v4	2026-08-24T19:06:52.6259053Z ##[endgroup]
recover-original-benbassat-claim-custody	Run actions/checkout@v4	2026-08-24T19:06:52.6260482Z [command]/usr/bin/git sparse-checkout disable
recover-original-benbassat-claim-custody	Run actions/checkout@v4	2026-08-24T19:06:52.6318433Z [command]/usr/bin/git config --local --unset-all extensions.worktreeConfig
recover-original-benbassat-claim-custody	Run actions/checkout@v4	2026-08-24T19:06:52.6355625Z ##[group]Checking out the ref
recover-original-benbassat-claim-custody	Run actions/checkout@v4	2026-08-24T19:06:52.6367447Z [command]/usr/bin/git checkout --progress --force -B agent/star-trek-benbassat-claim-recovery-observer-v1 refs/remotes/origin/agent/star-trek-benbassat-claim-recovery-observer-v1
recover-original-benbassat-claim-custody	Run actions/checkout@v4	2026-08-24T19:06:53.6484504Z Updating files:  49% (2158/4378)
recover-original-benbassat-claim-custody	Run actions/checkout@v4	2026-08-24T19:06:53.6712335Z Updating files:  50% (2189/4378)
recover-original-benbassat-claim-custody	Run actions/checkout@v4	2026-08-24T19:06:53.6839452Z Updating files:  51% (2233/4378)
recover-original-benbassat-claim-custody	Run actions/checkout@v4	2026-08-24T19:06:53.6914875Z Updating files:  52% (2277/4378)
recover-original-benbassat-claim-custody	Run actions/checkout@v4	2026-08-24T19:06:53.7028077Z Updating files:  53% (2321/4378)
recover-original-benbassat-claim-custody	Run actions/checkout@v4	2026-08-24T19:06:53.7120392Z Updating files:  54% (2365/4378)
recover-original-benbassat-claim-custody	Run actions/checkout@v4	2026-08-24T19:06:53.7177583Z Updating files:  55% (2408/4378)
recover-original-benbassat-claim-custody	Run actions/checkout@v4	2026-08-24T19:06:53.7317805Z Updating files:  56% (2452/4378)
recover-original-benbassat-claim-custody	Run actions/checkout@v4	2026-08-24T19:06:53.7412850Z Updating files:  57% (2496/4378)
recover-original-benbassat-claim-custody	Run actions/checkout@v4	2026-08-24T19:06:53.7500776Z Updating files:  58% (2540/4378)
recover-original-benbassat-claim-custody	Run actions/checkout@v4	2026-08-24T19:06:53.7605304Z Updating files:  59% (2584/4378)
recover-original-benbassat-claim-custody	Run actions/checkout@v4	2026-08-24T19:06:53.7750968Z Updating files:  60% (2627/4378)
recover-original-benbassat-claim-custody	Run actions/checkout@v4	2026-08-24T19:06:53.7838258Z Updating files:  61% (2671/4378)
recover-original-benbassat-claim-custody	Run actions/checkout@v4	2026-08-24T19:06:53.7982219Z Updating files:  62% (2715/4378)
recover-original-benbassat-claim-custody	Run actions/checkout@v4	2026-08-24T19:06:53.8047502Z Updating files:  63% (2759/4378)
recover-original-benbassat-claim-custody	Run actions/checkout@v4	2026-08-24T19:06:53.8140171Z Updating files:  64% (2802/4378)
recover-original-benbassat-claim-custody	Run actions/checkout@v4	2026-08-24T19:06:53.8227227Z Updating files:  65% (2846/4378)
recover-original-benbassat-claim-custody	Run actions/checkout@v4	2026-08-24T19:06:53.8330066Z Updating files:  66% (2890/4378)
recover-original-benbassat-claim-custody	Run actions/checkout@v4	2026-08-24T19:06:53.8422200Z Updating files:  67% (2934/4378)
recover-original-benbassat-claim-custody	Run actions/checkout@v4	2026-08-24T19:06:53.8489360Z Updating files:  68% (2978/4378)
recover-original-benbassat-claim-custody	Run actions/checkout@v4	2026-08-24T19:06:53.8567401Z Updating files:  69% (3021/4378)
recover-original-benbassat-claim-custody	Run actions/checkout@v4	2026-08-24T19:06:53.8631623Z Updating files:  70% (3065/4378)
recover-original-benbassat-claim-custody	Run actions/checkout@v4	2026-08-24T19:06:53.8711794Z Updating files:  71% (3109/4378)
recover-original-benbassat-claim-custody	Run actions/checkout@v4	2026-08-24T19:06:53.8772176Z Updating files:  72% (3153/4378)
recover-original-benbassat-claim-custody	Run actions/checkout@v4	2026-08-24T19:06:53.8837748Z Updating files:  73% (3196/4378)
recover-original-benbassat-claim-custody	Run actions/checkout@v4	2026-08-24T19:06:53.8927115Z Updating files:  74% (3240/4378)
recover-original-benbassat-claim-custody	Run actions/checkout@v4	2026-08-24T19:06:53.8990937Z Updating files:  75% (3284/4378)
recover-original-benbassat-claim-custody	Run actions/checkout@v4	2026-08-24T19:06:53.9077432Z Updating files:  76% (3328/4378)
recover-original-benbassat-claim-custody	Run actions/checkout@v4	2026-08-24T19:06:53.9145334Z Updating files:  77% (3372/4378)
recover-original-benbassat-claim-custody	Run actions/checkout@v4	2026-08-24T19:06:53.9215298Z Updating files:  78% (3415/4378)
recover-original-benbassat-claim-custody	Run actions/checkout@v4	2026-08-24T19:06:53.9289117Z Updating files:  79% (3459/4378)
recover-original-benbassat-claim-custody	Run actions/checkout@v4	2026-08-24T19:06:53.9370245Z Updating files:  80% (3503/4378)
recover-original-benbassat-claim-custody	Run actions/checkout@v4	2026-08-24T19:06:53.9431729Z Updating files:  81% (3547/4378)
recover-original-benbassat-claim-custody	Run actions/checkout@v4	2026-08-24T19:06:53.9502530Z Updating files:  82% (3590/4378)
recover-original-benbassat-claim-custody	Run actions/checkout@v4	2026-08-24T19:06:53.9577247Z Updating files:  83% (3634/4378)
recover-original-benbassat-claim-custody	Run actions/checkout@v4	2026-08-24T19:06:53.9637099Z Updating files:  84% (3678/4378)
recover-original-benbassat-claim-custody	Run actions/checkout@v4	2026-08-24T19:06:53.9719123Z Updating files:  85% (3722/4378)
recover-original-benbassat-claim-custody	Run actions/checkout@v4	2026-08-24T19:06:53.9790433Z Updating files:  86% (3766/4378)
recover-original-benbassat-claim-custody	Run actions/checkout@v4	2026-08-24T19:06:53.9845603Z Updating files:  87% (3809/4378)
recover-original-benbassat-claim-custody	Run actions/checkout@v4	2026-08-24T19:06:53.9973389Z Updating files:  88% (3853/4378)
recover-original-benbassat-claim-custody	Run actions/checkout@v4	2026-08-24T19:06:54.0028920Z Updating files:  89% (3897/4378)
recover-original-benbassat-claim-custody	Run actions/checkout@v4	2026-08-24T19:06:54.0096786Z Updating files:  90% (3941/4378)
recover-original-benbassat-claim-custody	Run actions/checkout@v4	2026-08-24T19:06:54.0152416Z Updating files:  91% (3984/4378)
recover-original-benbassat-claim-custody	Run actions/checkout@v4	2026-08-24T19:06:54.0211966Z Updating files:  92% (4028/4378)
recover-original-benbassat-claim-custody	Run actions/checkout@v4	2026-08-24T19:06:54.0262859Z Updating files:  93% (4072/4378)
recover-original-benbassat-claim-custody	Run actions/checkout@v4	2026-08-24T19:06:54.0302166Z Updating files:  94% (4116/4378)
recover-original-benbassat-claim-custody	Run actions/checkout@v4	2026-08-24T19:06:54.0342115Z Updating files:  95% (4160/4378)
recover-original-benbassat-claim-custody	Run actions/checkout@v4	2026-08-24T19:06:54.0380486Z Updating files:  96% (4203/4378)
recover-original-benbassat-claim-custody	Run actions/checkout@v4	2026-08-24T19:06:54.0414666Z Updating files:  97% (4247/4378)
recover-original-benbassat-claim-custody	Run actions/checkout@v4	2026-08-24T19:06:54.0445173Z Updating files:  98% (4291/4378)
recover-original-benbassat-claim-custody	Run actions/checkout@v4	2026-08-24T19:06:54.0603334Z Updating files:  99% (4335/4378)
recover-original-benbassat-claim-custody	Run actions/checkout@v4	2026-08-24T19:06:54.0604122Z Updating files: 100% (4378/4378)
recover-original-benbassat-claim-custody	Run actions/checkout@v4	2026-08-24T19:06:54.0604640Z Updating files: 100% (4378/4378), done.
recover-original-benbassat-claim-custody	Run actions/checkout@v4	2026-08-24T19:06:54.0654799Z Switched to a new branch 'agent/star-trek-benbassat-claim-recovery-observer-v1'
recover-original-benbassat-claim-custody	Run actions/checkout@v4	2026-08-24T19:06:54.0660040Z branch 'agent/star-trek-benbassat-claim-recovery-observer-v1' set up to track 'origin/agent/star-trek-benbassat-claim-recovery-observer-v1'.
recover-original-benbassat-claim-custody	Run actions/checkout@v4	2026-08-24T19:06:54.0719811Z ##[endgroup]
recover-original-benbassat-claim-custody	Run actions/checkout@v4	2026-08-24T19:06:54.0773003Z [command]/usr/bin/git log -1 --format=%H
recover-original-benbassat-claim-custody	Run actions/checkout@v4	2026-08-24T19:06:54.0811856Z 8a0e3ae89bb308371687a1d6e706399f55318fee
recover-original-benbassat-claim-custody	Locate the original claim run and retained evidence	﻿2026-08-24T19:06:54.1033285Z ##[group]Run set -Eeuo pipefail
recover-original-benbassat-claim-custody	Locate the original claim run and retained evidence	2026-08-24T19:06:54.1033772Z ^[[36;1mset -Eeuo pipefail^[[0m
recover-original-benbassat-claim-custody	Locate the original claim run and retained evidence	2026-08-24T19:06:54.1034055Z ^[[36;1mrm -rf "$OUT"^[[0m
recover-original-benbassat-claim-custody	Locate the original claim run and retained evidence	2026-08-24T19:06:54.1034311Z ^[[36;1mmkdir -p "$OUT/artifact"^[[0m
recover-original-benbassat-claim-custody	Locate the original claim run and retained evidence	2026-08-24T19:06:54.1034591Z ^[[36;1m^[[0m
recover-original-benbassat-claim-custody	Locate the original claim run and retained evidence	2026-08-24T19:06:54.1034797Z ^[[36;1mgh api \^[[0m
recover-original-benbassat-claim-custody	Locate the original claim run and retained evidence	2026-08-24T19:06:54.1035027Z ^[[36;1m  --method GET \^[[0m
recover-original-benbassat-claim-custody	Locate the original claim run and retained evidence	2026-08-24T19:06:54.1035342Z ^[[36;1m  "/repos/${GITHUB_REPOSITORY}/actions/runs" \^[[0m
recover-original-benbassat-claim-custody	Locate the original claim run and retained evidence	2026-08-24T19:06:54.1035710Z ^[[36;1m  -f branch="$CLAIM_CARRIER_BRANCH" \^[[0m
recover-original-benbassat-claim-custody	Locate the original claim run and retained evidence	2026-08-24T19:06:54.1036043Z ^[[36;1m  -f per_page=100 > "$OUT/all-runs.json"^[[0m
recover-original-benbassat-claim-custody	Locate the original claim run and retained evidence	2026-08-24T19:06:54.1036338Z ^[[36;1m^[[0m
recover-original-benbassat-claim-custody	Locate the original claim run and retained evidence	2026-08-24T19:06:54.1036528Z ^[[36;1mjq \^[[0m
recover-original-benbassat-claim-custody	Locate the original claim run and retained evidence	2026-08-24T19:06:54.1036784Z ^[[36;1m  --arg name star-trek-benbassat-claim-v1 \^[[0m
recover-original-benbassat-claim-custody	Locate the original claim run and retained evidence	2026-08-24T19:06:54.1037142Z ^[[36;1m  --arg branch "$CLAIM_CARRIER_BRANCH" \^[[0m
recover-original-benbassat-claim-custody	Locate the original claim run and retained evidence	2026-08-24T19:06:54.1037445Z ^[[36;1m  --arg head "$CLAIM_CARRIER_HEAD" \^[[0m
recover-original-benbassat-claim-custody	Locate the original claim run and retained evidence	2026-08-24T19:06:54.1037984Z ^[[36;1m  '[.workflow_runs[] | select(.name == $name and .head_branch == $branch and .head_sha == $head)] | sort_by(.created_at)' \^[[0m
recover-original-benbassat-claim-custody	Locate the original claim run and retained evidence	2026-08-24T19:06:54.1038579Z ^[[36;1m  "$OUT/all-runs.json" > "$OUT/claim-runs.json"^[[0m
recover-original-benbassat-claim-custody	Locate the original claim run and retained evidence	2026-08-24T19:06:54.1038883Z ^[[36;1m^[[0m
recover-original-benbassat-claim-custody	Locate the original claim run and retained evidence	2026-08-24T19:06:54.1039162Z ^[[36;1mrun_id="$(jq -r 'last.id // empty' "$OUT/claim-runs.json")"^[[0m
recover-original-benbassat-claim-custody	Locate the original claim run and retained evidence	2026-08-24T19:06:54.1039533Z ^[[36;1mtest -n "$run_id"^[[0m
recover-original-benbassat-claim-custody	Locate the original claim run and retained evidence	2026-08-24T19:06:54.1039918Z ^[[36;1mgh api "/repos/${GITHUB_REPOSITORY}/actions/runs/${run_id}" > "$OUT/run.json"^[[0m
recover-original-benbassat-claim-custody	Locate the original claim run and retained evidence	2026-08-24T19:06:54.1040549Z ^[[36;1mgh api "/repos/${GITHUB_REPOSITORY}/actions/runs/${run_id}/jobs?filter=latest&per_page=100" > "$OUT/jobs.json"^[[0m
recover-original-benbassat-claim-custody	Locate the original claim run and retained evidence	2026-08-24T19:06:54.1041505Z ^[[36;1mgh api "/repos/${GITHUB_REPOSITORY}/actions/runs/${run_id}/artifacts?per_page=100" > "$OUT/artifacts.json"^[[0m
recover-original-benbassat-claim-custody	Locate the original claim run and retained evidence	2026-08-24T19:06:54.1042213Z ^[[36;1mgh run view "$run_id" --repo "$GITHUB_REPOSITORY" --log > "$OUT/run.log" 2>&1 || true^[[0m
recover-original-benbassat-claim-custody	Locate the original claim run and retained evidence	2026-08-24T19:06:54.1042625Z ^[[36;1m^[[0m
recover-original-benbassat-claim-custody	Locate the original claim run and retained evidence	2026-08-24T19:06:54.1043230Z ^[[36;1martifact_id="$(jq -r '[.artifacts[] | select(.name == "star-trek-benbassat-claim-v1" and .expired == false)] | sort_by(.id) | last.id // empty' "$OUT/artifacts.json")"^[[0m
recover-original-benbassat-claim-custody	Locate the original claim run and retained evidence	2026-08-24T19:06:54.1043897Z ^[[36;1mtest -n "$artifact_id"^[[0m
recover-original-benbassat-claim-custody	Locate the original claim run and retained evidence	2026-08-24T19:06:54.1044168Z ^[[36;1mgh run download "$run_id" \^[[0m
recover-original-benbassat-claim-custody	Locate the original claim run and retained evidence	2026-08-24T19:06:54.1044463Z ^[[36;1m  --repo "$GITHUB_REPOSITORY" \^[[0m
recover-original-benbassat-claim-custody	Locate the original claim run and retained evidence	2026-08-24T19:06:54.1044778Z ^[[36;1m  --name star-trek-benbassat-claim-v1 \^[[0m
recover-original-benbassat-claim-custody	Locate the original claim run and retained evidence	2026-08-24T19:06:54.1045082Z ^[[36;1m  --dir "$OUT/artifact"^[[0m
recover-original-benbassat-claim-custody	Locate the original claim run and retained evidence	2026-08-24T19:06:54.1045325Z ^[[36;1m^[[0m
recover-original-benbassat-claim-custody	Locate the original claim run and retained evidence	2026-08-24T19:06:54.1045668Z ^[[36;1mfind "$OUT/artifact" -type f -print | LC_ALL=C sort > "$OUT/artifact-paths.txt"^[[0m
recover-original-benbassat-claim-custody	Locate the original claim run and retained evidence	2026-08-24T19:06:54.1046208Z ^[[36;1mreceipt="$(find "$OUT/artifact" -type f -name claim-receipt.json -print -quit)"^[[0m
recover-original-benbassat-claim-custody	Locate the original claim run and retained evidence	2026-08-24T19:06:54.1046725Z ^[[36;1mpost="$(find "$OUT/artifact" -type f -name post-claim.json -print -quit)"^[[0m
recover-original-benbassat-claim-custody	Locate the original claim run and retained evidence	2026-08-24T19:06:54.1047236Z ^[[36;1mlease_file="$(find "$OUT/artifact" -type f -name lease-id.txt -print -quit)"^[[0m
recover-original-benbassat-claim-custody	Locate the original claim run and retained evidence	2026-08-24T19:06:54.1047669Z ^[[36;1mtest -n "$receipt" && test -f "$receipt"^[[0m
recover-original-benbassat-claim-custody	Locate the original claim run and retained evidence	2026-08-24T19:06:54.1047998Z ^[[36;1mtest -n "$post" && test -f "$post"^[[0m
recover-original-benbassat-claim-custody	Locate the original claim run and retained evidence	2026-08-24T19:06:54.1048328Z ^[[36;1mtest -n "$lease_file" && test -f "$lease_file"^[[0m
recover-original-benbassat-claim-custody	Locate the original claim run and retained evidence	2026-08-24T19:06:54.1048623Z ^[[36;1m^[[0m
recover-original-benbassat-claim-custody	Locate the original claim run and retained evidence	2026-08-24T19:06:54.1048812Z ^[[36;1mjq -e \^[[0m
recover-original-benbassat-claim-custody	Locate the original claim run and retained evidence	2026-08-24T19:06:54.1049032Z ^[[36;1m  --arg task "$TASK_ID" \^[[0m
recover-original-benbassat-claim-custody	Locate the original claim run and retained evidence	2026-08-24T19:06:54.1049333Z ^[[36;1m  --arg performer "$EXPECTED_PERFORMER" \^[[0m
recover-original-benbassat-claim-custody	Locate the original claim run and retained evidence	2026-08-24T19:06:54.1049655Z ^[[36;1m  --arg character "$EXPECTED_CHARACTER" \^[[0m
recover-original-benbassat-claim-custody	Locate the original claim run and retained evidence	2026-08-24T19:06:54.1049962Z ^[[36;1m  --arg fp "$EXPECTED_FINGERPRINT" \^[[0m
recover-original-benbassat-claim-custody	Locate the original claim run and retained evidence	2026-08-24T19:06:54.1050319Z ^[[36;1m  '.transaction == "STAR-TREK-BENBASSAT-CLAIM-V1"^[[0m
recover-original-benbassat-claim-custody	Locate the original claim run and retained evidence	2026-08-24T19:06:54.1050639Z ^[[36;1m   and .task.id == $task^[[0m
recover-original-benbassat-claim-custody	Locate the original claim run and retained evidence	2026-08-24T19:06:54.1051140Z ^[[36;1m   and .task.performer == $performer^[[0m
recover-original-benbassat-claim-custody	Locate the original claim run and retained evidence	2026-08-24T19:06:54.1051559Z ^[[36;1m   and .task.character == $character^[[0m
recover-original-benbassat-claim-custody	Locate the original claim run and retained evidence	2026-08-24T19:06:54.1051892Z ^[[36;1m   and .task.source_fingerprint == $fp^[[0m
recover-original-benbassat-claim-custody	Locate the original claim run and retained evidence	2026-08-24T19:06:54.1052200Z ^[[36;1m   and .task.status == "leased"^[[0m
recover-original-benbassat-claim-custody	Locate the original claim run and retained evidence	2026-08-24T19:06:54.1052667Z ^[[36;1m   and .lease.id != null^[[0m
recover-original-benbassat-claim-custody	Locate the original claim run and retained evidence	2026-08-24T19:06:54.1052941Z ^[[36;1m   and .lease.readiness_token != null^[[0m
recover-original-benbassat-claim-custody	Locate the original claim run and retained evidence	2026-08-24T19:06:54.1053252Z ^[[36;1m   and .queue.before.in_flight == 0^[[0m
recover-original-benbassat-claim-custody	Locate the original claim run and retained evidence	2026-08-24T19:06:54.1053563Z ^[[36;1m   and .queue.after.in_flight == 1^[[0m
recover-original-benbassat-claim-custody	Locate the original claim run and retained evidence	2026-08-24T19:06:54.1053899Z ^[[36;1m   and .boundary.additional_lease_issued == false^[[0m
recover-original-benbassat-claim-custody	Locate the original claim run and retained evidence	2026-08-24T19:06:54.1054263Z ^[[36;1m   and .boundary.canonical_mutation == false^[[0m
recover-original-benbassat-claim-custody	Locate the original claim run and retained evidence	2026-08-24T19:06:54.1054607Z ^[[36;1m   and .boundary.product_staged == false' \^[[0m
recover-original-benbassat-claim-custody	Locate the original claim run and retained evidence	2026-08-24T19:06:54.1054923Z ^[[36;1m  "$receipt" >/dev/null^[[0m
recover-original-benbassat-claim-custody	Locate the original claim run and retained evidence	2026-08-24T19:06:54.1055172Z ^[[36;1m^[[0m
recover-original-benbassat-claim-custody	Locate the original claim run and retained evidence	2026-08-24T19:06:54.1055370Z ^[[36;1mjq -e \^[[0m
recover-original-benbassat-claim-custody	Locate the original claim run and retained evidence	2026-08-24T19:06:54.1055605Z ^[[36;1m  --arg task "$TASK_ID" \^[[0m
recover-original-benbassat-claim-custody	Locate the original claim run and retained evidence	2026-08-24T19:06:54.1055870Z ^[[36;1m  '.task.id == $task^[[0m
recover-original-benbassat-claim-custody	Locate the original claim run and retained evidence	2026-08-24T19:06:54.1056126Z ^[[36;1m   and .task.status == "leased"^[[0m
recover-original-benbassat-claim-custody	Locate the original claim run and retained evidence	2026-08-24T19:06:54.1056403Z ^[[36;1m   and .counts.total == 2228^[[0m
recover-original-benbassat-claim-custody	Locate the original claim run and retained evidence	2026-08-24T19:06:54.1056706Z ^[[36;1m   and .counts.queued == 1797^[[0m
recover-original-benbassat-claim-custody	Locate the original claim run and retained evidence	2026-08-24T19:06:54.1057023Z ^[[36;1m   and .counts.resolved == 428^[[0m
recover-original-benbassat-claim-custody	Locate the original claim run and retained evidence	2026-08-24T19:06:54.1057300Z ^[[36;1m   and .counts.blocked == 0^[[0m
recover-original-benbassat-claim-custody	Locate the original claim run and retained evidence	2026-08-24T19:06:54.1057564Z ^[[36;1m   and .counts.rejected == 2^[[0m
recover-original-benbassat-claim-custody	Locate the original claim run and retained evidence	2026-08-24T19:06:54.1057833Z ^[[36;1m   and .counts.in_flight == 1^[[0m
recover-original-benbassat-claim-custody	Locate the original claim run and retained evidence	2026-08-24T19:06:54.1058103Z ^[[36;1m   and (.active | length) == 1^[[0m
recover-original-benbassat-claim-custody	Locate the original claim run and retained evidence	2026-08-24T19:06:54.1058369Z ^[[36;1m   and .active[0].id == $task' \^[[0m
recover-original-benbassat-claim-custody	Locate the original claim run and retained evidence	2026-08-24T19:06:54.1058640Z ^[[36;1m  "$post" >/dev/null^[[0m
recover-original-benbassat-claim-custody	Locate the original claim run and retained evidence	2026-08-24T19:06:54.1058872Z ^[[36;1m^[[0m
recover-original-benbassat-claim-custody	Locate the original claim run and retained evidence	2026-08-24T19:06:54.1059100Z ^[[36;1mlease_id="$(jq -r .lease.id "$receipt")"^[[0m
recover-original-benbassat-claim-custody	Locate the original claim run and retained evidence	2026-08-24T19:06:54.1059464Z ^[[36;1mtest "$(tr -d '\r\n' < "$lease_file")" = "$lease_id"^[[0m
recover-original-benbassat-claim-custody	Locate the original claim run and retained evidence	2026-08-24T19:06:54.1059890Z ^[[36;1mclaim_commit="$(jq -r '.claim_commit // empty' "$receipt")"^[[0m
recover-original-benbassat-claim-custody	Locate the original claim run and retained evidence	2026-08-24T19:06:54.1060306Z ^[[36;1mclaim_tree="$(jq -r '.claim_tree // empty' "$receipt")"^[[0m
recover-original-benbassat-claim-custody	Locate the original claim run and retained evidence	2026-08-24T19:06:54.1060653Z ^[[36;1mif test -z "$claim_commit"; then^[[0m
recover-original-benbassat-claim-custody	Locate the original claim run and retained evidence	2026-08-24T19:06:54.1061064Z ^[[36;1m  claim_commit="$(grep -Eo '[0-9a-f]{40}' "$OUT/run.log" | tail -n 1 || true)"^[[0m
recover-original-benbassat-claim-custody	Locate the original claim run and retained evidence	2026-08-24T19:06:54.1061721Z ^[[36;1mfi^[[0m
recover-original-benbassat-claim-custody	Locate the original claim run and retained evidence	2026-08-24T19:06:54.1061937Z ^[[36;1mtest -n "$claim_commit"^[[0m
recover-original-benbassat-claim-custody	Locate the original claim run and retained evidence	2026-08-24T19:06:54.1062282Z ^[[36;1mtest "$(jq -r .head_sha "$OUT/run.json")" = "$CLAIM_CARRIER_HEAD"^[[0m
recover-original-benbassat-claim-custody	Locate the original claim run and retained evidence	2026-08-24T19:06:54.1062702Z ^[[36;1mtest "$(jq -r .status "$OUT/run.json")" = completed^[[0m
recover-original-benbassat-claim-custody	Locate the original claim run and retained evidence	2026-08-24T19:06:54.1063011Z ^[[36;1m^[[0m
recover-original-benbassat-claim-custody	Locate the original claim run and retained evidence	2026-08-24T19:06:54.1063286Z ^[[36;1mmain="$(gh api "/repos/${GITHUB_REPOSITORY}/branches/main")"^[[0m
recover-original-benbassat-claim-custody	Locate the original claim run and retained evidence	2026-08-24T19:06:54.1063699Z ^[[36;1mtest "$(jq -r .commit.sha <<<"$main")" = "$EXPECTED_MAIN"^[[0m
recover-original-benbassat-claim-custody	Locate the original claim run and retained evidence	2026-08-24T19:06:54.1064087Z ^[[36;1mprintf '%s\n' "$main" | jq . > "$OUT/main.json"^[[0m
recover-original-benbassat-claim-custody	Locate the original claim run and retained evidence	2026-08-24T19:06:54.1064604Z ^[[36;1mgit ls-remote --heads origin "refs/heads/${CLAIM_RESULT_BRANCH}" > "$OUT/claim-result-ref.txt"^[[0m
recover-original-benbassat-claim-custody	Locate the original claim run and retained evidence	2026-08-24T19:06:54.1065050Z ^[[36;1m^[[0m
recover-original-benbassat-claim-custody	Locate the original claim run and retained evidence	2026-08-24T19:06:54.1065236Z ^[[36;1mjq -n \^[[0m
recover-original-benbassat-claim-custody	Locate the original claim run and retained evidence	2026-08-24T19:06:54.1065587Z ^[[36;1m  --arg transaction STAR-TREK-BENBASSAT-CLAIM-RECOVERY-OBSERVER-V1 \^[[0m
recover-original-benbassat-claim-custody	Locate the original claim run and retained evidence	2026-08-24T19:06:54.1065999Z ^[[36;1m  --argjson run_id "$run_id" \^[[0m
recover-original-benbassat-claim-custody	Locate the original claim run and retained evidence	2026-08-24T19:06:54.1066321Z ^[[36;1m  --arg run_status "$(jq -r .status "$OUT/run.json")" \^[[0m
recover-original-benbassat-claim-custody	Locate the original claim run and retained evidence	2026-08-24T19:06:54.1066719Z ^[[36;1m  --arg run_conclusion "$(jq -r .conclusion "$OUT/run.json")" \^[[0m
recover-original-benbassat-claim-custody	Locate the original claim run and retained evidence	2026-08-24T19:06:54.1067096Z ^[[36;1m  --arg artifact_id "$artifact_id" \^[[0m
recover-original-benbassat-claim-custody	Locate the original claim run and retained evidence	2026-08-24T19:06:54.1067657Z ^[[36;1m  --arg artifact_digest "$(jq -r --argjson id "$artifact_id" '.artifacts[] | select(.id == $id) | .digest' "$OUT/artifacts.json")" \^[[0m
recover-original-benbassat-claim-custody	Locate the original claim run and retained evidence	2026-08-24T19:06:54.1068219Z ^[[36;1m  --arg claim_commit "$claim_commit" \^[[0m
recover-original-benbassat-claim-custody	Locate the original claim run and retained evidence	2026-08-24T19:06:54.1068528Z ^[[36;1m  --arg claim_tree "$claim_tree" \^[[0m
recover-original-benbassat-claim-custody	Locate the original claim run and retained evidence	2026-08-24T19:06:54.1069027Z ^[[36;1m  --arg lease_id "$lease_id" \^[[0m
recover-original-benbassat-claim-custody	Locate the original claim run and retained evidence	2026-08-24T19:06:54.1069302Z ^[[36;1m  --arg task_id "$TASK_ID" \^[[0m
recover-original-benbassat-claim-custody	Locate the original claim run and retained evidence	2026-08-24T19:06:54.1069609Z ^[[36;1m  --arg performer "$EXPECTED_PERFORMER" \^[[0m
recover-original-benbassat-claim-custody	Locate the original claim run and retained evidence	2026-08-24T19:06:54.1069937Z ^[[36;1m  --arg character "$EXPECTED_CHARACTER" \^[[0m
recover-original-benbassat-claim-custody	Locate the original claim run and retained evidence	2026-08-24T19:06:54.1070398Z ^[[36;1m  --arg canonical "$EXPECTED_MAIN" \^[[0m
recover-original-benbassat-claim-custody	Locate the original claim run and retained evidence	2026-08-24T19:06:54.1070756Z ^[[36;1m  --arg result_ref "$(cat "$OUT/claim-result-ref.txt")" \^[[0m
recover-original-benbassat-claim-custody	Locate the original claim run and retained evidence	2026-08-24T19:06:54.1072659Z ^[[36;1m  '{version:1,transaction:$transaction,status:"recovered",run:{id:$run_id,status:$run_status,conclusion:$run_conclusion},artifact:{id:($artifact_id|tonumber),digest:$artifact_digest},claim:{commit:$claim_commit,tree:$claim_tree,lease_id:$lease_id,task_id:$task_id,performer:$performer,character:$character},canonical:{commit:$canonical},claim_result_ref:$result_ref,canonical_mutation:false,lease_mutation:false,additional_lease_issued:false}' \^[[0m
recover-original-benbassat-claim-custody	Locate the original claim run and retained evidence	2026-08-24T19:06:54.1074196Z ^[[36;1m  > "$OUT/status.json"^[[0m
recover-original-benbassat-claim-custody	Locate the original claim run and retained evidence	2026-08-24T19:06:54.1121159Z shell: /usr/bin/bash --noprofile --norc -e -o pipefail {0}
recover-original-benbassat-claim-custody	Locate the original claim run and retained evidence	2026-08-24T19:06:54.1121897Z env:
recover-original-benbassat-claim-custody	Locate the original claim run and retained evidence	2026-08-24T19:06:54.1122186Z   EXPECTED_MAIN: ed79424013b92460d16c01cad4e590eca01e6bff
recover-original-benbassat-claim-custody	Locate the original claim run and retained evidence	2026-08-24T19:06:54.1122600Z   CLAIM_CARRIER_BRANCH: agent/star-trek-benbassat-claim-v1
recover-original-benbassat-claim-custody	Locate the original claim run and retained evidence	2026-08-24T19:06:54.1123008Z   CLAIM_CARRIER_HEAD: 85d2106fc504148bc585286fa2408823048f9f6c
recover-original-benbassat-claim-custody	Locate the original claim run and retained evidence	2026-08-24T19:06:54.1123417Z   CLAIM_RESULT_BRANCH: agent/star-trek-benbassat-claim-result-v1
recover-original-benbassat-claim-custody	Locate the original claim run and retained evidence	2026-08-24T19:06:54.1123895Z   RESULT_BRANCH: agent/star-trek-benbassat-claim-recovery-observer-result-v1
recover-original-benbassat-claim-custody	Locate the original claim run and retained evidence	2026-08-24T19:06:54.1124312Z   TASK_ID: ap_dd7d1c73ed237230cd6e1d0b
recover-original-benbassat-claim-custody	Locate the original claim run and retained evidence	2026-08-24T19:06:54.1124593Z   EXPECTED_PERFORMER: Nolan North
recover-original-benbassat-claim-custody	Locate the original claim run and retained evidence	2026-08-24T19:06:54.1124862Z   EXPECTED_CHARACTER: Benbassat
recover-original-benbassat-claim-custody	Locate the original claim run and retained evidence	2026-08-24T19:06:54.1125270Z   EXPECTED_FINGERPRINT: 78e1384a3a11787064f98516e5759b55b33369d161067804c2d77f2ef6ef8885
recover-original-benbassat-claim-custody	Locate the original claim run and retained evidence	2026-08-24T19:06:54.1125784Z   OUT: /tmp/star-trek-benbassat-claim-recovery-observer-v1
recover-original-benbassat-claim-custody	Locate the original claim run and retained evidence	2026-08-24T19:06:54.1128858Z   GH_TOKEN: ***
recover-original-benbassat-claim-custody	Locate the original claim run and retained evidence	2026-08-24T19:06:54.1129092Z ##[endgroup]
recover-original-benbassat-claim-custody	Locate the original claim run and retained evidence	2026-08-24T19:06:56.8882335Z ##[error]Process completed with exit code 1.
recover-original-benbassat-claim-custody	Post Run actions/checkout@v4	﻿2026-08-24T19:06:56.9022156Z Node 20 is being deprecated. This workflow is running with Node 24 by default. If you need to temporarily use Node 20, you can set the ACTIONS_ALLOW_USE_UNSECURE_NODE_VERSION=true environment variable. For more information see: https://github.blog/changelog/2025-09-19-deprecation-of-node-20-on-github-actions-runners/
recover-original-benbassat-claim-custody	Post Run actions/checkout@v4	2026-08-24T19:06:56.9023704Z Post job cleanup.
recover-original-benbassat-claim-custody	Post Run actions/checkout@v4	2026-08-24T19:06:56.9887818Z [command]/usr/bin/git version
recover-original-benbassat-claim-custody	Post Run actions/checkout@v4	2026-08-24T19:06:56.9966105Z git version 2.55.0
recover-original-benbassat-claim-custody	Post Run actions/checkout@v4	2026-08-24T19:06:57.0008606Z Temporarily overriding HOME='/home/runner/work/_temp/682611b6-92bc-4987-847e-35c05c2e4e07' before making global git config changes
recover-original-benbassat-claim-custody	Post Run actions/checkout@v4	2026-08-24T19:06:57.0009818Z Adding repository directory to the temporary git global config as a safe directory
recover-original-benbassat-claim-custody	Post Run actions/checkout@v4	2026-08-24T19:06:57.0015208Z [command]/usr/bin/git config --global --add safe.directory /home/runner/work/undercast/undercast
recover-original-benbassat-claim-custody	Post Run actions/checkout@v4	2026-08-24T19:06:57.0060711Z [command]/usr/bin/git config --local --name-only --get-regexp core\.sshCommand
recover-original-benbassat-claim-custody	Post Run actions/checkout@v4	2026-08-24T19:06:57.0099894Z [command]/usr/bin/git submodule foreach --recursive sh -c "git config --local --name-only --get-regexp 'core\.sshCommand' && git config --local --unset-all 'core.sshCommand' || :"
recover-original-benbassat-claim-custody	Post Run actions/checkout@v4	2026-08-24T19:06:57.0376399Z [command]/usr/bin/git config --local --name-only --get-regexp http\.https\:\/\/github\.com\/\.extraheader
recover-original-benbassat-claim-custody	Post Run actions/checkout@v4	2026-08-24T19:06:57.0404695Z http.https://github.com/.extraheader
recover-original-benbassat-claim-custody	Post Run actions/checkout@v4	2026-08-24T19:06:57.0416683Z [command]/usr/bin/git config --local --unset-all http.https://github.com/.extraheader
recover-original-benbassat-claim-custody	Post Run actions/checkout@v4	2026-08-24T19:06:57.0462000Z [command]/usr/bin/git submodule foreach --recursive sh -c "git config --local --name-only --get-regexp 'http\.https\:\/\/github\.com\/\.extraheader' && git config --local --unset-all 'http.https://github.com/.extraheader' || :"
recover-original-benbassat-claim-custody	Post Run actions/checkout@v4	2026-08-24T19:06:57.0760196Z [command]/usr/bin/git config --local --name-only --get-regexp ^includeIf\.gitdir:
recover-original-benbassat-claim-custody	Post Run actions/checkout@v4	2026-08-24T19:06:57.0806208Z [command]/usr/bin/git submodule foreach --recursive git config --local --show-origin --name-only --get-regexp remote.origin.url
recover-original-benbassat-claim-custody	Complete job	﻿2026-08-24T19:06:57.1237179Z Cleaning up orphan processes
recover-original-benbassat-claim-custody	Complete job	2026-08-24T19:06:57.1563385Z ##[warning]Node.js 20 is deprecated. The following actions target Node.js 20 but are being forced to run on Node.js 24: actions/checkout@v4. For more information see: https://github.blog/changelog/2025-09-19-deprecation-of-node-20-on-github-actions-runners/
