
> undercast@0.1.0 autopilot:fixtures
> node scripts/autopilot-fixtures.mjs && node scripts/autopilot-capability-fixtures.mjs && node scripts/autopilot-certification-fixtures.mjs && node scripts/autopilot-cli-fixtures.mjs && node scripts/census-adapter-fixtures.mjs && node scripts/census-adapter.mjs check && node scripts/census-doctor-who-fixtures.mjs && node scripts/estate-certification-fixtures.mjs && node scripts/doctor-who-activation.mjs check && npm run doctor-who:pilot-cycle:check && npm run doctor-who:correction-drill:check && npm run star-trek:enwright-cycle:check && npm run doctor-who:cycle-002:check && npm run doctor-who:cycle-003:check && npm run doctor-who:cycle-004:check && npm run doctor-who:cycle-005:check && npm run doctor-who:cycle-006:check && npm run doctor-who:cycle-006:chronology:check && npm run doctor-who:cycle-007:check && npm run doctor-who:cycle-008:check && npm run doctor-who:cycle-009:check && npm run doctor-who:cycle-010:check && npm run doctor-who:cycle-011:check && npm run doctor-who:cycle-012:check && npm run doctor-who:cycle-013:check && npm run doctor-who:cycle-014:check && npm run doctor-who:cycle-015:check && npm run star-trek:lwaxana-eligibility-rejection:check && npm run star-trek:kzinti-flyer-cycle:check && npm run star-trek:lorot-cycle:check && npm run star-trek:maryl-cycle:check && npm run star-trek:queen-of-hearts-cycle:check && npm run star-trek:anastasia-komananov-cycle:check && npm run star-trek:alice-cycle:check && npm run star-trek:benbassat-cycle:check

PASS — autopilot queue, lease, submission, media closure, source-change, and retirement fixtures
PASS — capability profiles skip incompatible tasks without mutating debt, bind reviewed selections, reject stale overrides, and protect lease provenance
PASS — scope certification, producer drift, snapshot receipts, and lease-token fixtures
PASS — CLI certification, capability-profile refusal and candidates, rolling-waterline refusal, due refresh, token rotation, stale-submit refusal, and durable draft receipts
PASS — adapter linkage, exact revision custody, duplicate collapse, semantic-review boundary, and certification refusal
adapter-sdk: PASS — 2 adapter contracts and exact baseline
PASS — Doctor Who plain-text performer fields, exact target identity, mode custody, exclusions, and unresolved values
PASS — Doctor Who composite custody: current active-corpus with 316 certified roles and retirement fixture valid without a current certificate
activation: PASS — 316 Doctor Who activation roles historically bound; one Luna task leased at activation; live certified source refreshes allowed; second claim blocked

> undercast@0.1.0 doctor-who:pilot-cycle:check
> node scripts/doctor-who-pilot-cycle.mjs

doctor-who-pilot-cycle: PASS — immutable 04551b140022c7b733b0290e10c7e40905aabc76 pilot evidence, content-addressed waterline and claim custody, one historical first-cycle lease, scope-bound pilot media, two honest absences, and no live-state pins

> undercast@0.1.0 doctor-who:correction-drill:check
> node scripts/doctor-who-correction-drill.mjs

doctor-who-correction-drill: PASS — exact base:path Git-object custody, reconstructed drill-time evidence, Commander/Slite separation, scope-bound pilot proof, one globally bounded active or resolved receipt-pending lease group, future certified refreshes and corrections, and separately reviewed roadmap completion

> undercast@0.1.0 star-trek:enwright-cycle:check
> node scripts/star-trek-enwright-cycle.mjs

star-trek-enwright-cycle: PASS — exact persisted lease, voice-only modality correction, source, canonical, media, queue, cycle, and publication custody are intact

> undercast@0.1.0 doctor-who:cycle-002:check
> node scripts/doctor-who-cycle-002.mjs

doctor-who-cycle-002: PASS — exact Gredd claim, source, canonical, verified portrait, honest still absence, cycle, receipt, and historical two-claim custody are intact

> undercast@0.1.0 doctor-who:cycle-003:check
> node scripts/doctor-who-cycle-003.mjs

doctor-who-cycle-003: PASS — exact Jask claim, physical-prosthetic adjudication, source, canonical record, independent portrait, honest still absence, cycle, receipt, and historical three-claim custody are intact

> undercast@0.1.0 doctor-who:cycle-004:check
> node scripts/doctor-who-cycle-004-still-correction.mjs

doctor-who-cycle-004-still-correction: PASS — immutable correction-time custody, exact Jask media, and adversarially proved future-cycle composability are intact

> undercast@0.1.0 doctor-who:cycle-005:check
> node scripts/doctor-who-cycle-005.mjs

doctor-who-cycle-005: PASS — exact Kaarsh voice claim, source, canonical record, verified still, reviewed cycle, and cycle-004 checker composability custody are intact

> undercast@0.1.0 doctor-who:cycle-006:check
> node scripts/doctor-who-cycle-006.mjs

doctor-who-cycle-006: PASS — exact Kayste voice claim, source, canonical record, verified performer portrait, honest character-still absence, reviewed cycle, and cycle-005 custody are intact

> undercast@0.1.0 doctor-who:cycle-006:chronology:check
> node scripts/doctor-who-cycle-006-chronology-composable.mjs

doctor-who cycle 006 candidate chronology composability: PASS
{
  "chronology_floor_main": "f5e6919cfcb0491e2a62c64935a6d689b66b27c1",
  "original_checker": "scripts/doctor-who-cycle-006-chronology.mjs",
  "original_receipt": "data/review/adapter-sdk/doctor-who-cycle-006-candidate-chronology.json",
  "receipt": "data/review/adapter-sdk/doctor-who-cycle-006-candidate-chronology-composability.json",
  "task_id": "ap_c8e74653ac0877837814db21",
  "wrapper": "scripts/doctor-who-cycle-006-chronology-composable.mjs"
}

> undercast@0.1.0 doctor-who:cycle-007:check
> node scripts/doctor-who-cycle-007.mjs

doctor-who-cycle-007: PASS — exact Kragar physical-prosthetic claim, source, canonical record, exact verified still, honest portrait absence, cycle, receipt, and historical seven-claim custody are intact

> undercast@0.1.0 doctor-who:cycle-008:check
> node scripts/doctor-who-cycle-008.mjs

doctor-who-cycle-008: PASS — immutable Kreg, composability-v1, and composability-v2 custody are preserved; one later Doctor Who task is composable across leased, drafted, merged, or audited resolved-pending custody; adversarial transition, receipt, media-review, reopen, denominator, duplicate, orphan, pre-boundary, and multi-pending fixtures are refused

> undercast@0.1.0 doctor-who:cycle-009:check
> node scripts/doctor-who-cycle-009.mjs

doctor-who-cycle-009: PASS — immutable Megnus Jaka custody, exact historical checker, and later receipted registry composability are intact

> undercast@0.1.0 doctor-who:cycle-010:check
> node scripts/doctor-who-cycle-010.mjs

doctor-who-cycle-010: PASS — immutable Merx custody, exact historical checker, and later receipted registry composability are intact

> undercast@0.1.0 doctor-who:cycle-011:check
> node scripts/doctor-who-cycle-011.mjs

doctor-who-cycle-011: PASS — immutable Rastel custody and one later receipted Doctor Who cycle are composable; cycle 013 remains unauthorized

> undercast@0.1.0 doctor-who:cycle-012:check
> node scripts/doctor-who-cycle-012-014-composable.mjs 012

doctor-who-cycle-012-composable: PASS — immutable cycle 012 checker and receipt custody survive the current registry, all later Doctor Who claims remain bounded, and cycle 015 remains the current reviewed floor

> undercast@0.1.0 doctor-who:cycle-013:check
> node scripts/doctor-who-cycle-012-014-composable.mjs 013

doctor-who-cycle-013-composable: PASS — immutable cycle 013 checker and receipt custody survive the current registry, all later Doctor Who claims remain bounded, and cycle 015 remains the current reviewed floor

> undercast@0.1.0 doctor-who:cycle-014:check
> node scripts/doctor-who-cycle-012-014-composable.mjs 014

doctor-who-cycle-014-composable: PASS — immutable cycle 014 checker and receipt custody survive the current registry, all later Doctor Who claims remain bounded, and cycle 015 remains the current reviewed floor

> undercast@0.1.0 doctor-who:cycle-015:check
> node scripts/doctor-who-cycle-015.mjs

doctor-who-cycle-015: PASS — exact Skar voice custody, exact character depiction, neutral performer portrait, unresolved vocal and maker boundary, reviewed waterline closure, cycle-014 custody, and later-cycle composability are intact

> undercast@0.1.0 star-trek:lwaxana-eligibility-rejection:check
> node scripts/star-trek-lwaxana-eligibility-rejection-composable.mjs

HEAD is now at 0fbf773e Star Trek: reject Lwaxana Troi eligibility cycle
star-trek-lwaxana-eligibility-rejection: PASS — exact Lwaxana task rejection, aborted-cycle closure, unchanged wall and media ledgers, no designed-face or maker inference, immutable Kukulkan product custody, and later-cycle bounds are intact
star-trek-kzinti-flyer-cycle: PASS — exact Kzinti Flyer voice custody, exact independent character and performer media, no physical, animation, processing, or maker promotion, separate Kukulkan, Kol-Tai, Karl Four, Domar, Chuft-Captain, Cadmar, Cheeron, and Ari bn Bem custody, reviewed waterline closure, immutable Lwaxana eligibility-rejection predecessor custody, and later-cycle bounds are intact
star-trek-lwaxana-eligibility-rejection-composable: PASS — the immutable no-card Lwaxana rejection passes at its exact product while UC-1391 is validly reused by the reviewed Kzinti Flyer successor

> undercast@0.1.0 star-trek:kzinti-flyer-cycle:check
> node scripts/star-trek-kzinti-flyer-cycle.mjs

star-trek-kzinti-flyer-cycle: PASS — exact Kzinti Flyer voice custody, exact independent character and performer media, no physical, animation, processing, or maker promotion, separate Kukulkan, Kol-Tai, Karl Four, Domar, Chuft-Captain, Cadmar, Cheeron, and Ari bn Bem custody, reviewed waterline closure, immutable Lwaxana eligibility-rejection predecessor custody, and later-cycle bounds are intact

> undercast@0.1.0 star-trek:lorot-cycle:check
> node scripts/star-trek-lorot-cycle.mjs


> undercast@0.1.0 star-trek:maryl-cycle:check
> node scripts/star-trek-maryl-cycle.mjs

star-trek-maryl-cycle: PASS — exact Jeri Ryan Maryl-through-Seven performance custody, Erica Mer reflection separation, source-distinct verified media, unresolved maker functions, reviewed waterline closure, Lorot predecessor custody, and later-cycle bounds are intact

> undercast@0.1.0 star-trek:queen-of-hearts-cycle:check
> node scripts/star-trek-queen-of-hearts-cycle.mjs

star-trek-queen-of-hearts-cycle: PASS — exact Majel Barrett animated voice performance custody, source-distinct verified media, physical and maker non-attribution, reviewed Maryl predecessor custody, and later-cycle bounds are intact

> undercast@0.1.0 star-trek:anastasia-komananov-cycle:check
> node scripts/star-trek-anastasia-komananov-cycle.mjs

star-trek-anastasia-komananov-cycle: PASS — exact Nana Visitor Kira-bodied Komananov performance custody, source-distinct verified media, default-hologram separation, unresolved maker functions, reviewed waterline closure, Queen predecessor custody, and later-cycle bounds are intact

> undercast@0.1.0 star-trek:alice-cycle:check
> node scripts/star-trek-alice-cycle.mjs

star-trek-alice-cycle: PASS — exact Nichelle Nichols animated voice performance custody, Marcia Brown live-action separation, source-distinct verified media, unresolved maker functions, Anastasia predecessor custody, reviewed waterline closure, and later-cycle bounds are intact

> undercast@0.1.0 star-trek:benbassat-cycle:check
> node scripts/star-trek-benbassat-cycle.mjs

star-trek-benbassat-cycle: PASS — Nolan North voice-only Võx custody, honest visual absence, reviewed waterline closure, maintenance-parent preservation, Alice predecessor custody, and later-cycle bounds are intact
