stage-anastasia-komananov-candidate	Verify live main and source-media custody	﻿2026-08-23T08:21:32.3446670Z ##[group]Run set -Eeuo pipefail
stage-anastasia-komananov-candidate	Verify live main and source-media custody	2026-08-23T08:21:32.3447029Z ^[[36;1mset -Eeuo pipefail^[[0m
stage-anastasia-komananov-candidate	Verify live main and source-media custody	2026-08-23T08:21:32.3447314Z ^[[36;1mrm -rf "$MEDIA_ROOT" "$STAGE_ROOT"^[[0m
stage-anastasia-komananov-candidate	Verify live main and source-media custody	2026-08-23T08:21:32.3447653Z ^[[36;1mmkdir -p "$MEDIA_ROOT" "$STAGE_ROOT"^[[0m
stage-anastasia-komananov-candidate	Verify live main and source-media custody	2026-08-23T08:21:32.3448044Z ^[[36;1mlive="$(gh api "/repos/${GITHUB_REPOSITORY}/commits/main")"^[[0m
stage-anastasia-komananov-candidate	Verify live main and source-media custody	2026-08-23T08:21:32.3448484Z ^[[36;1mtest "$(jq -r .sha <<<"$live")" = "$EXPECTED_MAIN"^[[0m
stage-anastasia-komananov-candidate	Verify live main and source-media custody	2026-08-23T08:21:32.3448910Z ^[[36;1mtest "$(jq -r .commit.tree.sha <<<"$live")" = "$EXPECTED_TREE"^[[0m
stage-anastasia-komananov-candidate	Verify live main and source-media custody	2026-08-23T08:21:32.3449328Z ^[[36;1mtest "$(jq -r '.parents | length' <<<"$live")" = 1^[[0m
stage-anastasia-komananov-candidate	Verify live main and source-media custody	2026-08-23T08:21:32.3450034Z ^[[36;1mprintf '%s\n' "$live" | jq . > "$STAGE_ROOT/live-main.json"^[[0m
stage-anastasia-komananov-candidate	Verify live main and source-media custody	2026-08-23T08:21:32.3450590Z ^[[36;1mtest -z "$(git ls-remote --heads origin "refs/heads/${CANDIDATE_BRANCH}" || true)"^[[0m
stage-anastasia-komananov-candidate	Verify live main and source-media custody	2026-08-23T08:21:32.3451181Z ^[[36;1mmeta="$(gh api "/repos/${GITHUB_REPOSITORY}/actions/artifacts/${MEDIA_ARTIFACT}")"^[[0m
stage-anastasia-komananov-candidate	Verify live main and source-media custody	2026-08-23T08:21:32.3451646Z ^[[36;1mtest "$(jq -r .expired <<<"$meta")" = false^[[0m
stage-anastasia-komananov-candidate	Verify live main and source-media custody	2026-08-23T08:21:32.3452031Z ^[[36;1mtest "$(jq -r .name <<<"$meta")" = "$MEDIA_NAME"^[[0m
stage-anastasia-komananov-candidate	Verify live main and source-media custody	2026-08-23T08:21:32.3452418Z ^[[36;1mtest "$(jq -r .digest <<<"$meta")" = "sha256:${MEDIA_DIGEST}"^[[0m
stage-anastasia-komananov-candidate	Verify live main and source-media custody	2026-08-23T08:21:32.3452845Z ^[[36;1mtest "$(jq -r .workflow_run.id <<<"$meta")" = "$MEDIA_RUN"^[[0m
stage-anastasia-komananov-candidate	Verify live main and source-media custody	2026-08-23T08:21:32.3453273Z ^[[36;1mtest "$(jq -r .workflow_run.head_sha <<<"$meta")" = "$MEDIA_HEAD"^[[0m
stage-anastasia-komananov-candidate	Verify live main and source-media custody	2026-08-23T08:21:32.3453745Z ^[[36;1mprintf '%s\n' "$meta" | jq . > "$STAGE_ROOT/source-media-artifact.json"^[[0m
stage-anastasia-komananov-candidate	Verify live main and source-media custody	2026-08-23T08:21:32.3491119Z shell: /usr/bin/bash --noprofile --norc -e -o pipefail {0}
stage-anastasia-komananov-candidate	Verify live main and source-media custody	2026-08-23T08:21:32.3491490Z env:
stage-anastasia-komananov-candidate	Verify live main and source-media custody	2026-08-23T08:21:32.3491762Z   EXPECTED_MAIN: 933415b505d1c6e40c7e4bd44bf132c61a5ea32d
stage-anastasia-komananov-candidate	Verify live main and source-media custody	2026-08-23T08:21:32.3492319Z   EXPECTED_TREE: 651edbcfb9efd3b6d9189f8903afa1a8d88677d4
stage-anastasia-komananov-candidate	Verify live main and source-media custody	2026-08-23T08:21:32.3492720Z   CARRIER_BRANCH: agent/star-trek-anastasia-cycle-v1
stage-anastasia-komananov-candidate	Verify live main and source-media custody	2026-08-23T08:21:32.3493136Z   CANDIDATE_BRANCH: agent/star-trek-anastasia-candidate-v1
stage-anastasia-komananov-candidate	Verify live main and source-media custody	2026-08-23T08:21:32.3493640Z   CONTROLLER_SHA256: 2eaaa9de01ab5b529df6cf17183c72ad099fef1837177d5d5411365c1cf5f76d
stage-anastasia-komananov-candidate	Verify live main and source-media custody	2026-08-23T08:21:32.3494231Z   CONTROLLER_B64_SHA256: 523d20c4f656de45c5cff182694718f780f48c1153cb9fd2e3f4f3dc4359e2a8
stage-anastasia-komananov-candidate	Verify live main and source-media custody	2026-08-23T08:21:32.3494861Z   CONTROLLER: /tmp/star-trek-anastasia-controller-v1.mjs
stage-anastasia-komananov-candidate	Verify live main and source-media custody	2026-08-23T08:21:32.3495300Z   MEDIA_RUN: 32609675555
stage-anastasia-komananov-candidate	Verify live main and source-media custody	2026-08-23T08:21:32.3495672Z   MEDIA_HEAD: fd0c91d94128182423857d0be506f7a49bf934cd
stage-anastasia-komananov-candidate	Verify live main and source-media custody	2026-08-23T08:21:32.3496181Z   MEDIA_ARTIFACT: 9485147987
stage-anastasia-komananov-candidate	Verify live main and source-media custody	2026-08-23T08:21:32.3496680Z   MEDIA_DIGEST: c7e507c8e791204c96fa5c54cdf27cb15a113487785868df6d78cf09444f0bfb
stage-anastasia-komananov-candidate	Verify live main and source-media custody	2026-08-23T08:21:32.3497297Z   MEDIA_NAME: star-trek-anastasia-media-v1
stage-anastasia-komananov-candidate	Verify live main and source-media custody	2026-08-23T08:21:32.3497716Z   MEDIA_ROOT: /tmp/star-trek-anastasia-media-v1
stage-anastasia-komananov-candidate	Verify live main and source-media custody	2026-08-23T08:21:32.3498129Z   STAGE_ROOT: /tmp/star-trek-anastasia-stage-v1
stage-anastasia-komananov-candidate	Verify live main and source-media custody	2026-08-23T08:21:32.3498615Z   REVIEW_ROOT: /tmp/star-trek-anastasia-review-v1
stage-anastasia-komananov-candidate	Verify live main and source-media custody	2026-08-23T08:21:32.3499115Z   FINAL_ROOT: /tmp/star-trek-anastasia-final-v1
stage-anastasia-komananov-candidate	Verify live main and source-media custody	2026-08-23T08:21:32.3502168Z   GH_TOKEN: ***
stage-anastasia-komananov-candidate	Verify live main and source-media custody	2026-08-23T08:21:32.3502531Z ##[endgroup]
stage-anastasia-komananov-candidate	Verify live main and source-media custody	2026-08-23T08:21:32.9748996Z ##[error]Process completed with exit code 1.
